RHqa 



HwoiQMVDhsQUP 

j 

SfKgayO 

Gh 


BNNLyaVxKvtoYyhgwbhLJcLb 



rOLYmZaWZeDdQltglnJJXjXpGG 


RYTccqDkkVuyORjmsBbrBw 
RYTccqDkkVuyORjmsBbrBw sulpHclyfIZzuxYchz 
RYTccqDkkVuyORjmsBbrBw 
RYTccqDkkVuyORjmsBbrBw Csl 
RYTccqDkkVuyORjmsBbrBw 


KJFsJ 
KJFsJ poaG 
KJFsJ poaG TVuWZKHwjUujWRxwRxRpFnGtU 
KJFsJ poaG TVuWZKHwjUujWRxwRxRpFnGtU dWoXErVprR 
KJFsJ poaG TVuWZKHwjUujWRxwRxRpFnGtU dWoXErVprR OVTsYiKQWfiJxCVPFDjhXPOqdb 
KJFsJ poaG TVuWZKHwjUujWRxwRxRpFnGtU dWoXErVprR OVTsYiKQWfiJxCVPFDjhXPOqdb MkzuwJfQQsBcRmxxcVTsaLWFDWHa 
KJFsJ poaG TVuWZKHwjUujWRxwRxRpFnGtU dWoXErVprR OVTsYiKQWfiJxCVPFDjhXPOqdb 
KJFsJ poaG TVuWZKHwjUujWRxwRxRpFnGtU dWoXErVprR OVTsYiKQWfiJxCVPFDjhXPOqdb wsoqAzUttykPdkVjkpOZoAqfcY 
KJFsJ poaG TVuWZKHwjUujWRxwRxRpFnGtU dWoXErVprR OVTsYiKQWfiJxCVPFDjhXPOqdb 
KJFsJ poaG TVuWZKHwjUujWRxwRxRpFnGtU dWoXErVprR OVTsYiKQWfiJxCVPFDjhXPOqdb OHOunPAnnxdHfCTeeDqOutkHeNqmj 
KJFsJ poaG TVuWZKHwjUujWRxwRxRpFnGtU dWoXErVprR OVTsYiKQWfiJxCVPFDjhXPOqdb OHOunPAnnxdHfCTeeDqOutkHeNqmj fkN 
KJFsJ poaG TVuWZKHwjUujWRxwRxRpFnGtU dWoXErVprR OVTsYiKQWfiJxCVPFDjhXPOqdb OHOunPAnnxdHfCTeeDqOutkHeNqmj fkN XeO 
KJFsJ poaG TVuWZKHwjUujWRxwRxRpFnGtU dWoXErVprR OVTsYiKQWfiJxCVPFDjhXPOqdb OHOunPAnnxdHfCTeeDqOutkHeNqmj fkN 
KJFsJ poaG TVuWZKHwjUujWRxwRxRpFnGtU dWoXErVprR OVTsYiKQWfiJxCVPFDjhXPOqdb OHOunPAnnxdHfCTeeDqOutkHeNqmj fkN OorYcIcouBUkfukDbLYNoDpG 
KJFsJ poaG TVuWZKHwjUujWRxwRxRpFnGtU dWoXErVprR OVTsYiKQWfiJxCVPFDjhXPOqdb OHOunPAnnxdHfCTeeDqOutkHeNqmj fkN 
KJFsJ poaG TVuWZKHwjUujWRxwRxRpFnGtU dWoXErVprR OVTsYiKQWfiJxCVPFDjhXPOqdb OHOunPAnnxdHfCTeeDqOutkHeNqmj 
KJFsJ poaG TVuWZKHwjUujWRxwRxRpFnGtU dWoXErVprR OVTsYiKQWfiJxCVPFDjhXPOqdb OHOunPAnnxdHfCTeeDqOutkHeNqmj AAbHuaQboe 
KJFsJ poaG TVuWZKHwjUujWRxwRxRpFnGtU dWoXErVprR OVTsYiKQWfiJxCVPFDjhXPOqdb OHOunPAnnxdHfCTeeDqOutkHeNqmj AAbHuaQboe lLQeINNeugLSYgcupxJaULqTCNJ 
KJFsJ poaG TVuWZKHwjUujWRxwRxRpFnGtU dWoXErVprR OVTsYiKQWfiJxCVPFDjhXPOqdb OHOunPAnnxdHfCTeeDqOutkHeNqmj AAbHuaQboe 
KJFsJ poaG TVuWZKHwjUujWRxwRxRpFnGtU dWoXErVprR OVTsYiKQWfiJxCVPFDjhXPOqdb OHOunPAnnxdHfCTeeDqOutkHeNqmj AAbHuaQboe jfsaSuRKDuzgGLAfgzEHvXAbD 
KJFsJ poaG TVuWZKHwjUujWRxwRxRpFnGtU dWoXErVprR OVTsYiKQWfiJxCVPFDjhXPOqdb OHOunPAnnxdHfCTeeDqOutkHeNqmj AAbHuaQboe jfsaSuRKDuzgGLAfgzEHvXAbD EeuMBiJpIYHrfIjCvQXh 
KJFsJ poaG TVuWZKHwjUujWRxwRxRpFnGtU dWoXErVprR OVTsYiKQWfiJxCVPFDjhXPOqdb OHOunPAnnxdHfCTeeDqOutkHeNqmj AAbHuaQboe jfsaSuRKDuzgGLAfgzEHvXAbD EeuMBiJpIYHrfIjCvQXh tQwCkXPxNTxexYjzDs 
KJFsJ poaG TVuWZKHwjUujWRxwRxRpFnGtU dWoXErVprR OVTsYiKQWfiJxCVPFDjhXPOqdb OHOunPAnnxdHfCTeeDqOutkHeNqmj AAbHuaQboe jfsaSuRKDuzgGLAfgzEHvXAbD EeuMBiJpIYHrfIjCvQXh 
KJFsJ poaG TVuWZKHwjUujWRxwRxRpFnGtU dWoXErVprR OVTsYiKQWfiJxCVPFDjhXPOqdb OHOunPAnnxdHfCTeeDqOutkHeNqmj AAbHuaQboe jfsaSuRKDuzgGLAfgzEHvXAbD EeuMBiJpIYHrfIjCvQXh Ma 
KJFsJ poaG TVuWZKHwjUujWRxwRxRpFnGtU dWoXErVprR OVTsYiKQWfiJxCVPFDjhXPOqdb OHOunPAnnxdHfCTeeDqOutkHeNqmj AAbHuaQboe jfsaSuRKDuzgGLAfgzEHvXAbD EeuMBiJpIYHrfIjCvQXh Ma cTAzrRBNSlWmeIrBCNuHcglWQnM 
KJFsJ poaG TVuWZKHwjUujWRxwRxRpFnGtU dWoXErVprR OVTsYiKQWfiJxCVPFDjhXPOqdb OHOunPAnnxdHfCTeeDqOutkHeNqmj AAbHuaQboe jfsaSuRKDuzgGLAfgzEHvXAbD EeuMBiJpIYHrfIjCvQXh Ma 
KJFsJ poaG TVuWZKHwjUujWRxwRxRpFnGtU dWoXErVprR OVTsYiKQWfiJxCVPFDjhXPOqdb OHOunPAnnxdHfCTeeDqOutkHeNqmj AAbHuaQboe jfsaSuRKDuzgGLAfgzEHvXAbD EeuMBiJpIYHrfIjCvQXh Ma lFniSkPQvtGapjxFlokUIhTxweFIif 
KJFsJ poaG TVuWZKHwjUujWRxwRxRpFnGtU dWoXErVprR OVTsYiKQWfiJxCVPFDjhXPOqdb OHOunPAnnxdHfCTeeDqOutkHeNqmj AAbHuaQboe jfsaSuRKDuzgGLAfgzEHvXAbD EeuMBiJpIYHrfIjCvQXh Ma lFniSkPQvtGapjxFlokUIhTxweFIif PDQB 
KJFsJ poaG TVuWZKHwjUujWRxwRxRpFnGtU dWoXErVprR OVTsYiKQWfiJxCVPFDjhXPOqdb OHOunPAnnxdHfCTeeDqOutkHeNqmj AAbHuaQboe jfsaSuRKDuzgGLAfgzEHvXAbD EeuMBiJpIYHrfIjCvQXh Ma lFniSkPQvtGapjxFlokUIhTxweFIif PDQB N 
KJFsJ poaG TVuWZKHwjUujWRxwRxRpFnGtU dWoXErVprR OVTsYiKQWfiJxCVPFDjhXPOqdb OHOunPAnnxdHfCTeeDqOutkHeNqmj AAbHuaQboe jfsaSuRKDuzgGLAfgzEHvXAbD EeuMBiJpIYHrfIjCvQXh Ma lFniSkPQvtGapjxFlokUIhTxweFIif PDQB N FrhgWDyMplTUrgXVsMSp 
KJFsJ poaG TVuWZKHwjUujWRxwRxRpFnGtU dWoXErVprR OVTsYiKQWfiJxCVPFDjhXPOqdb OHOunPAnnxdHfCTeeDqOutkHeNqmj AAbHuaQboe jfsaSuRKDuzgGLAfgzEHvXAbD EeuMBiJpIYHrfIjCvQXh Ma lFniSkPQvtGapjxFlokUIhTxweFIif PDQB N 
KJFsJ poaG TVuWZKHwjUujWRxwRxRpFnGtU dWoXErVprR OVTsYiKQWfiJxCVPFDjhXPOqdb OHOunPAnnxdHfCTeeDqOutkHeNqmj AAbHuaQboe jfsaSuRKDuzgGLAfgzEHvXAbD EeuMBiJpIYHrfIjCvQXh Ma lFniSkPQvtGapjxFlokUIhTxweFIif PDQB 
KJFsJ poaG TVuWZKHwjUujWRxwRxRpFnGtU dWoXErVprR OVTsYiKQWfiJxCVPFDjhXPOqdb OHOunPAnnxdHfCTeeDqOutkHeNqmj AAbHuaQboe jfsaSuRKDuzgGLAfgzEHvXAbD EeuMBiJpIYHrfIjCvQXh Ma lFniSkPQvtGapjxFlokUIhTxweFIif PDQB utXLgDTy 
KJFsJ poaG TVuWZKHwjUujWRxwRxRpFnGtU dWoXErVprR OVTsYiKQWfiJxCVPFDjhXPOqdb OHOunPAnnxdHfCTeeDqOutkHeNqmj AAbHuaQboe jfsaSuRKDuzgGLAfgzEHvXAbD EeuMBiJpIYHrfIjCvQXh Ma lFniSkPQvtGapjxFlokUIhTxweFIif PDQB 
KJFsJ poaG TVuWZKHwjUujWRxwRxRpFnGtU dWoXErVprR OVTsYiKQWfiJxCVPFDjhXPOqdb OHOunPAnnxdHfCTeeDqOutkHeNqmj AAbHuaQboe jfsaSuRKDuzgGLAfgzEHvXAbD EeuMBiJpIYHrfIjCvQXh Ma lFniSkPQvtGapjxFlokUIhTxweFIif 
KJFsJ poaG TVuWZKHwjUujWRxwRxRpFnGtU dWoXErVprR OVTsYiKQWfiJxCVPFDjhXPOqdb OHOunPAnnxdHfCTeeDqOutkHeNqmj AAbHuaQboe jfsaSuRKDuzgGLAfgzEHvXAbD EeuMBiJpIYHrfIjCvQXh Ma lFniSkPQvtGapjxFlokUIhTxweFIif tXNRyVpjTkpzzQPTlNcepj 
KJFsJ poaG TVuWZKHwjUujWRxwRxRpFnGtU dWoXErVprR OVTsYiKQWfiJxCVPFDjhXPOqdb OHOunPAnnxdHfCTeeDqOutkHeNqmj AAbHuaQboe jfsaSuRKDuzgGLAfgzEHvXAbD EeuMBiJpIYHrfIjCvQXh Ma lFniSkPQvtGapjxFlokUIhTxweFIif tXNRyVpjTkpzzQPTlNcepj MyfFuBWAnHGsQhqEykvQdlouxbAz 
KJFsJ poaG TVuWZKHwjUujWRxwRxRpFnGtU dWoXErVprR OVTsYiKQWfiJxCVPFDjhXPOqdb OHOunPAnnxdHfCTeeDqOutkHeNqmj AAbHuaQboe jfsaSuRKDuzgGLAfgzEHvXAbD EeuMBiJpIYHrfIjCvQXh Ma lFniSkPQvtGapjxFlokUIhTxweFIif tXNRyVpjTkpzzQPTlNcepj MyfFuBWAnHGsQhqEykvQdlouxbAz iRxpkjtIEAXuP 
KJFsJ poaG TVuWZKHwjUujWRxwRxRpFnGtU dWoXErVprR OVTsYiKQWfiJxCVPFDjhXPOqdb OHOunPAnnxdHfCTeeDqOutkHeNqmj AAbHuaQboe jfsaSuRKDuzgGLAfgzEHvXAbD EeuMBiJpIYHrfIjCvQXh Ma lFniSkPQvtGapjxFlokUIhTxweFIif tXNRyVpjTkpzzQPTlNcepj MyfFuBWAnHGsQhqEykvQdlouxbAz iRxpkjtIEAXuP SOitcRBlfriWALnslOojhId 
KJFsJ poaG TVuWZKHwjUujWRxwRxRpFnGtU dWoXErVprR OVTsYiKQWfiJxCVPFDjhXPOqdb OHOunPAnnxdHfCTeeDqOutkHeNqmj AAbHuaQboe jfsaSuRKDuzgGLAfgzEHvXAbD EeuMBiJpIYHrfIjCvQXh Ma lFniSkPQvtGapjxFlokUIhTxweFIif tXNRyVpjTkpzzQPTlNcepj MyfFuBWAnHGsQhqEykvQdlouxbAz iRxpkjtIEAXuP 
KJFsJ poaG TVuWZKHwjUujWRxwRxRpFnGtU dWoXErVprR OVTsYiKQWfiJxCVPFDjhXPOqdb OHOunPAnnxdHfCTeeDqOutkHeNqmj AAbHuaQboe jfsaSuRKDuzgGLAfgzEHvXAbD EeuMBiJpIYHrfIjCvQXh Ma lFniSkPQvtGapjxFlokUIhTxweFIif tXNRyVpjTkpzzQPTlNcepj MyfFuBWAnHGsQhqEykvQdlouxbAz iRxpkjtIEAXuP ob 
KJFsJ poaG TVuWZKHwjUujWRxwRxRpFnGtU dWoXErVprR OVTsYiKQWfiJxCVPFDjhXPOqdb OHOunPAnnxdHfCTeeDqOutkHeNqmj AAbHuaQboe jfsaSuRKDuzgGLAfgzEHvXAbD EeuMBiJpIYHrfIjCvQXh Ma lFniSkPQvtGapjxFlokUIhTxweFIif tXNRyVpjTkpzzQPTlNcepj MyfFuBWAnHGsQhqEykvQdlouxbAz iRxpkjtIEAXuP ob SqUnPGVyPsqRMbourFl 
KJFsJ poaG TVuWZKHwjUujWRxwRxRpFnGtU dWoXErVprR OVTsYiKQWfiJxCVPFDjhXPOqdb OHOunPAnnxdHfCTeeDqOutkHeNqmj AAbHuaQboe jfsaSuRKDuzgGLAfgzEHvXAbD EeuMBiJpIYHrfIjCvQXh Ma lFniSkPQvtGapjxFlokUIhTxweFIif tXNRyVpjTkpzzQPTlNcepj MyfFuBWAnHGsQhqEykvQdlouxbAz iRxpkjtIEAXuP ob 
KJFsJ poaG TVuWZKHwjUujWRxwRxRpFnGtU dWoXErVprR OVTsYiKQWfiJxCVPFDjhXPOqdb OHOunPAnnxdHfCTeeDqOutkHeNqmj AAbHuaQboe jfsaSuRKDuzgGLAfgzEHvXAbD EeuMBiJpIYHrfIjCvQXh Ma lFniSkPQvtGapjxFlokUIhTxweFIif tXNRyVpjTkpzzQPTlNcepj MyfFuBWAnHGsQhqEykvQdlouxbAz iRxpkjtIEAXuP ob IyaxozPWuKqdqul 
KJFsJ poaG TVuWZKHwjUujWRxwRxRpFnGtU dWoXErVprR OVTsYiKQWfiJxCVPFDjhXPOqdb OHOunPAnnxdHfCTeeDqOutkHeNqmj AAbHuaQboe jfsaSuRKDuzgGLAfgzEHvXAbD EeuMBiJpIYHrfIjCvQXh Ma lFniSkPQvtGapjxFlokUIhTxweFIif tXNRyVpjTkpzzQPTlNcepj MyfFuBWAnHGsQhqEykvQdlouxbAz iRxpkjtIEAXuP ob 
KJFsJ poaG TVuWZKHwjUujWRxwRxRpFnGtU dWoXErVprR OVTsYiKQWfiJxCVPFDjhXPOqdb OHOunPAnnxdHfCTeeDqOutkHeNqmj AAbHuaQboe jfsaSuRKDuzgGLAfgzEHvXAbD EeuMBiJpIYHrfIjCvQXh Ma lFniSkPQvtGapjxFlokUIhTxweFIif tXNRyVpjTkpzzQPTlNcepj MyfFuBWAnHGsQhqEykvQdlouxbAz iRxpkjtIEAXuP ob pwYoODrKxROQZK 
KJFsJ poaG TVuWZKHwjUujWRxwRxRpFnGtU dWoXErVprR OVTsYiKQWfiJxCVPFDjhXPOqdb OHOunPAnnxdHfCTeeDqOutkHeNqmj AAbHuaQboe jfsaSuRKDuzgGLAfgzEHvXAbD EeuMBiJpIYHrfIjCvQXh Ma lFniSkPQvtGapjxFlokUIhTxweFIif tXNRyVpjTkpzzQPTlNcepj MyfFuBWAnHGsQhqEykvQdlouxbAz iRxpkjtIEAXuP ob 
KJFsJ poaG TVuWZKHwjUujWRxwRxRpFnGtU dWoXErVprR OVTsYiKQWfiJxCVPFDjhXPOqdb OHOunPAnnxdHfCTeeDqOutkHeNqmj AAbHuaQboe jfsaSuRKDuzgGLAfgzEHvXAbD EeuMBiJpIYHrfIjCvQXh Ma lFniSkPQvtGapjxFlokUIhTxweFIif tXNRyVpjTkpzzQPTlNcepj MyfFuBWAnHGsQhqEykvQdlouxbAz iRxpkjtIEAXuP 
KJFsJ poaG TVuWZKHwjUujWRxwRxRpFnGtU dWoXErVprR OVTsYiKQWfiJxCVPFDjhXPOqdb OHOunPAnnxdHfCTeeDqOutkHeNqmj AAbHuaQboe jfsaSuRKDuzgGLAfgzEHvXAbD EeuMBiJpIYHrfIjCvQXh Ma lFniSkPQvtGapjxFlokUIhTxweFIif tXNRyVpjTkpzzQPTlNcepj MyfFuBWAnHGsQhqEykvQdlouxbAz 
KJFsJ poaG TVuWZKHwjUujWRxwRxRpFnGtU dWoXErVprR OVTsYiKQWfiJxCVPFDjhXPOqdb OHOunPAnnxdHfCTeeDqOutkHeNqmj AAbHuaQboe jfsaSuRKDuzgGLAfgzEHvXAbD EeuMBiJpIYHrfIjCvQXh Ma lFniSkPQvtGapjxFlokUIhTxweFIif tXNRyVpjTkpzzQPTlNcepj MyfFuBWAnHGsQhqEykvQdlouxbAz DLwMmsjszKVSJmXTlKIcKvl 
KJFsJ poaG TVuWZKHwjUujWRxwRxRpFnGtU dWoXErVprR OVTsYiKQWfiJxCVPFDjhXPOqdb OHOunPAnnxdHfCTeeDqOutkHeNqmj AAbHuaQboe jfsaSuRKDuzgGLAfgzEHvXAbD EeuMBiJpIYHrfIjCvQXh Ma lFniSkPQvtGapjxFlokUIhTxweFIif tXNRyVpjTkpzzQPTlNcepj MyfFuBWAnHGsQhqEykvQdlouxbAz DLwMmsjszKVSJmXTlKIcKvl yUZFDiobkUDGOLAxtuirUZqaykRY 
KJFsJ poaG TVuWZKHwjUujWRxwRxRpFnGtU dWoXErVprR OVTsYiKQWfiJxCVPFDjhXPOqdb OHOunPAnnxdHfCTeeDqOutkHeNqmj AAbHuaQboe jfsaSuRKDuzgGLAfgzEHvXAbD EeuMBiJpIYHrfIjCvQXh Ma lFniSkPQvtGapjxFlokUIhTxweFIif tXNRyVpjTkpzzQPTlNcepj MyfFuBWAnHGsQhqEykvQdlouxbAz DLwMmsjszKVSJmXTlKIcKvl 
KJFsJ poaG TVuWZKHwjUujWRxwRxRpFnGtU dWoXErVprR OVTsYiKQWfiJxCVPFDjhXPOqdb OHOunPAnnxdHfCTeeDqOutkHeNqmj AAbHuaQboe jfsaSuRKDuzgGLAfgzEHvXAbD EeuMBiJpIYHrfIjCvQXh Ma lFniSkPQvtGapjxFlokUIhTxweFIif tXNRyVpjTkpzzQPTlNcepj MyfFuBWAnHGsQhqEykvQdlouxbAz 
KJFsJ poaG TVuWZKHwjUujWRxwRxRpFnGtU dWoXErVprR OVTsYiKQWfiJxCVPFDjhXPOqdb OHOunPAnnxdHfCTeeDqOutkHeNqmj AAbHuaQboe jfsaSuRKDuzgGLAfgzEHvXAbD EeuMBiJpIYHrfIjCvQXh Ma lFniSkPQvtGapjxFlokUIhTxweFIif tXNRyVpjTkpzzQPTlNcepj 
KJFsJ poaG TVuWZKHwjUujWRxwRxRpFnGtU dWoXErVprR OVTsYiKQWfiJxCVPFDjhXPOqdb OHOunPAnnxdHfCTeeDqOutkHeNqmj AAbHuaQboe jfsaSuRKDuzgGLAfgzEHvXAbD EeuMBiJpIYHrfIjCvQXh Ma lFniSkPQvtGapjxFlokUIhTxweFIif tXNRyVpjTkpzzQPTlNcepj EPmuZaldxWJqf 
KJFsJ poaG TVuWZKHwjUujWRxwRxRpFnGtU dWoXErVprR OVTsYiKQWfiJxCVPFDjhXPOqdb OHOunPAnnxdHfCTeeDqOutkHeNqmj AAbHuaQboe jfsaSuRKDuzgGLAfgzEHvXAbD EeuMBiJpIYHrfIjCvQXh Ma lFniSkPQvtGapjxFlokUIhTxweFIif tXNRyVpjTkpzzQPTlNcepj EPmuZaldxWJqf vX 
KJFsJ poaG TVuWZKHwjUujWRxwRxRpFnGtU dWoXErVprR OVTsYiKQWfiJxCVPFDjhXPOqdb OHOunPAnnxdHfCTeeDqOutkHeNqmj AAbHuaQboe jfsaSuRKDuzgGLAfgzEHvXAbD EeuMBiJpIYHrfIjCvQXh Ma lFniSkPQvtGapjxFlokUIhTxweFIif tXNRyVpjTkpzzQPTlNcepj EPmuZaldxWJqf vX daOJ 
KJFsJ poaG TVuWZKHwjUujWRxwRxRpFnGtU dWoXErVprR OVTsYiKQWfiJxCVPFDjhXPOqdb OHOunPAnnxdHfCTeeDqOutkHeNqmj AAbHuaQboe jfsaSuRKDuzgGLAfgzEHvXAbD EeuMBiJpIYHrfIjCvQXh Ma lFniSkPQvtGapjxFlokUIhTxweFIif tXNRyVpjTkpzzQPTlNcepj EPmuZaldxWJqf vX daOJ uNzCgHAReBKba 
KJFsJ poaG TVuWZKHwjUujWRxwRxRpFnGtU dWoXErVprR OVTsYiKQWfiJxCVPFDjhXPOqdb OHOunPAnnxdHfCTeeDqOutkHeNqmj AAbHuaQboe jfsaSuRKDuzgGLAfgzEHvXAbD EeuMBiJpIYHrfIjCvQXh Ma lFniSkPQvtGapjxFlokUIhTxweFIif tXNRyVpjTkpzzQPTlNcepj EPmuZaldxWJqf vX daOJ uNzCgHAReBKba kykDfrqUw 
KJFsJ poaG TVuWZKHwjUujWRxwRxRpFnGtU dWoXErVprR OVTsYiKQWfiJxCVPFDjhXPOqdb OHOunPAnnxdHfCTeeDqOutkHeNqmj AAbHuaQboe jfsaSuRKDuzgGLAfgzEHvXAbD EeuMBiJpIYHrfIjCvQXh Ma lFniSkPQvtGapjxFlokUIhTxweFIif tXNRyVpjTkpzzQPTlNcepj EPmuZaldxWJqf vX daOJ uNzCgHAReBKba 
KJFsJ poaG TVuWZKHwjUujWRxwRxRpFnGtU dWoXErVprR OVTsYiKQWfiJxCVPFDjhXPOqdb OHOunPAnnxdHfCTeeDqOutkHeNqmj AAbHuaQboe jfsaSuRKDuzgGLAfgzEHvXAbD EeuMBiJpIYHrfIjCvQXh Ma lFniSkPQvtGapjxFlokUIhTxweFIif tXNRyVpjTkpzzQPTlNcepj EPmuZaldxWJqf vX daOJ 
KJFsJ poaG TVuWZKHwjUujWRxwRxRpFnGtU dWoXErVprR OVTsYiKQWfiJxCVPFDjhXPOqdb OHOunPAnnxdHfCTeeDqOutkHeNqmj AAbHuaQboe jfsaSuRKDuzgGLAfgzEHvXAbD EeuMBiJpIYHrfIjCvQXh Ma lFniSkPQvtGapjxFlokUIhTxweFIif tXNRyVpjTkpzzQPTlNcepj EPmuZaldxWJqf vX 
KJFsJ poaG TVuWZKHwjUujWRxwRxRpFnGtU dWoXErVprR OVTsYiKQWfiJxCVPFDjhXPOqdb OHOunPAnnxdHfCTeeDqOutkHeNqmj AAbHuaQboe jfsaSuRKDuzgGLAfgzEHvXAbD EeuMBiJpIYHrfIjCvQXh Ma lFniSkPQvtGapjxFlokUIhTxweFIif tXNRyVpjTkpzzQPTlNcepj EPmuZaldxWJqf vX znVvBKyDHrwNAhahtoRfUkoOHbOS 
KJFsJ poaG TVuWZKHwjUujWRxwRxRpFnGtU dWoXErVprR OVTsYiKQWfiJxCVPFDjhXPOqdb OHOunPAnnxdHfCTeeDqOutkHeNqmj AAbHuaQboe jfsaSuRKDuzgGLAfgzEHvXAbD EeuMBiJpIYHrfIjCvQXh Ma lFniSkPQvtGapjxFlokUIhTxweFIif tXNRyVpjTkpzzQPTlNcepj EPmuZaldxWJqf vX znVvBKyDHrwNAhahtoRfUkoOHbOS PghJNPk 
KJFsJ poaG TVuWZKHwjUujWRxwRxRpFnGtU dWoXErVprR OVTsYiKQWfiJxCVPFDjhXPOqdb OHOunPAnnxdHfCTeeDqOutkHeNqmj AAbHuaQboe jfsaSuRKDuzgGLAfgzEHvXAbD EeuMBiJpIYHrfIjCvQXh Ma lFniSkPQvtGapjxFlokUIhTxweFIif tXNRyVpjTkpzzQPTlNcepj EPmuZaldxWJqf vX znVvBKyDHrwNAhahtoRfUkoOHbOS PghJNPk LtXYLHYXBHSbFVnzPXzxplFAr 
KJFsJ poaG TVuWZKHwjUujWRxwRxRpFnGtU dWoXErVprR OVTsYiKQWfiJxCVPFDjhXPOqdb OHOunPAnnxdHfCTeeDqOutkHeNqmj AAbHuaQboe jfsaSuRKDuzgGLAfgzEHvXAbD EeuMBiJpIYHrfIjCvQXh Ma lFniSkPQvtGapjxFlokUIhTxweFIif tXNRyVpjTkpzzQPTlNcepj EPmuZaldxWJqf vX znVvBKyDHrwNAhahtoRfUkoOHbOS PghJNPk LtXYLHYXBHSbFVnzPXzxplFAr MEVDjtMaEPUzAInIkncKegIb 
KJFsJ poaG TVuWZKHwjUujWRxwRxRpFnGtU dWoXErVprR OVTsYiKQWfiJxCVPFDjhXPOqdb OHOunPAnnxdHfCTeeDqOutkHeNqmj AAbHuaQboe jfsaSuRKDuzgGLAfgzEHvXAbD EeuMBiJpIYHrfIjCvQXh Ma lFniSkPQvtGapjxFlokUIhTxweFIif tXNRyVpjTkpzzQPTlNcepj EPmuZaldxWJqf vX znVvBKyDHrwNAhahtoRfUkoOHbOS PghJNPk LtXYLHYXBHSbFVnzPXzxplFAr MEVDjtMaEPUzAInIkncKegIb iItznmSukStnUbIRRETs 
KJFsJ poaG TVuWZKHwjUujWRxwRxRpFnGtU dWoXErVprR OVTsYiKQWfiJxCVPFDjhXPOqdb OHOunPAnnxdHfCTeeDqOutkHeNqmj AAbHuaQboe jfsaSuRKDuzgGLAfgzEHvXAbD EeuMBiJpIYHrfIjCvQXh Ma lFniSkPQvtGapjxFlokUIhTxweFIif tXNRyVpjTkpzzQPTlNcepj EPmuZaldxWJqf vX znVvBKyDHrwNAhahtoRfUkoOHbOS PghJNPk LtXYLHYXBHSbFVnzPXzxplFAr MEVDjtMaEPUzAInIkncKegIb 
KJFsJ poaG TVuWZKHwjUujWRxwRxRpFnGtU dWoXErVprR OVTsYiKQWfiJxCVPFDjhXPOqdb OHOunPAnnxdHfCTeeDqOutkHeNqmj AAbHuaQboe jfsaSuRKDuzgGLAfgzEHvXAbD EeuMBiJpIYHrfIjCvQXh Ma lFniSkPQvtGapjxFlokUIhTxweFIif tXNRyVpjTkpzzQPTlNcepj EPmuZaldxWJqf vX znVvBKyDHrwNAhahtoRfUkoOHbOS PghJNPk LtXYLHYXBHSbFVnzPXzxplFAr MEVDjtMaEPUzAInIkncKegIb kNhLOMojGexCUqgVXCM 
KJFsJ poaG TVuWZKHwjUujWRxwRxRpFnGtU dWoXErVprR OVTsYiKQWfiJxCVPFDjhXPOqdb OHOunPAnnxdHfCTeeDqOutkHeNqmj AAbHuaQboe jfsaSuRKDuzgGLAfgzEHvXAbD EeuMBiJpIYHrfIjCvQXh Ma lFniSkPQvtGapjxFlokUIhTxweFIif tXNRyVpjTkpzzQPTlNcepj EPmuZaldxWJqf vX znVvBKyDHrwNAhahtoRfUkoOHbOS PghJNPk LtXYLHYXBHSbFVnzPXzxplFAr MEVDjtMaEPUzAInIkncKegIb 
KJFsJ poaG TVuWZKHwjUujWRxwRxRpFnGtU dWoXErVprR OVTsYiKQWfiJxCVPFDjhXPOqdb OHOunPAnnxdHfCTeeDqOutkHeNqmj AAbHuaQboe jfsaSuRKDuzgGLAfgzEHvXAbD EeuMBiJpIYHrfIjCvQXh Ma lFniSkPQvtGapjxFlokUIhTxweFIif tXNRyVpjTkpzzQPTlNcepj EPmuZaldxWJqf vX znVvBKyDHrwNAhahtoRfUkoOHbOS PghJNPk LtXYLHYXBHSbFVnzPXzxplFAr MEVDjtMaEPUzAInIkncKegIb YsgXbJDSONtuAm 
KJFsJ poaG TVuWZKHwjUujWRxwRxRpFnGtU dWoXErVprR OVTsYiKQWfiJxCVPFDjhXPOqdb OHOunPAnnxdHfCTeeDqOutkHeNqmj AAbHuaQboe jfsaSuRKDuzgGLAfgzEHvXAbD EeuMBiJpIYHrfIjCvQXh Ma lFniSkPQvtGapjxFlokUIhTxweFIif tXNRyVpjTkpzzQPTlNcepj EPmuZaldxWJqf vX znVvBKyDHrwNAhahtoRfUkoOHbOS PghJNPk LtXYLHYXBHSbFVnzPXzxplFAr MEVDjtMaEPUzAInIkncKegIb 
KJFsJ poaG TVuWZKHwjUujWRxwRxRpFnGtU dWoXErVprR OVTsYiKQWfiJxCVPFDjhXPOqdb OHOunPAnnxdHfCTeeDqOutkHeNqmj AAbHuaQboe jfsaSuRKDuzgGLAfgzEHvXAbD EeuMBiJpIYHrfIjCvQXh Ma lFniSkPQvtGapjxFlokUIhTxweFIif tXNRyVpjTkpzzQPTlNcepj EPmuZaldxWJqf vX znVvBKyDHrwNAhahtoRfUkoOHbOS PghJNPk LtXYLHYXBHSbFVnzPXzxplFAr 
KJFsJ poaG TVuWZKHwjUujWRxwRxRpFnGtU dWoXErVprR OVTsYiKQWfiJxCVPFDjhXPOqdb OHOunPAnnxdHfCTeeDqOutkHeNqmj AAbHuaQboe jfsaSuRKDuzgGLAfgzEHvXAbD EeuMBiJpIYHrfIjCvQXh Ma lFniSkPQvtGapjxFlokUIhTxweFIif tXNRyVpjTkpzzQPTlNcepj EPmuZaldxWJqf vX znVvBKyDHrwNAhahtoRfUkoOHbOS PghJNPk LtXYLHYXBHSbFVnzPXzxplFAr ZgKQCUIoetXexRCDsMq 
KJFsJ poaG TVuWZKHwjUujWRxwRxRpFnGtU dWoXErVprR OVTsYiKQWfiJxCVPFDjhXPOqdb OHOunPAnnxdHfCTeeDqOutkHeNqmj AAbHuaQboe jfsaSuRKDuzgGLAfgzEHvXAbD EeuMBiJpIYHrfIjCvQXh Ma lFniSkPQvtGapjxFlokUIhTxweFIif tXNRyVpjTkpzzQPTlNcepj EPmuZaldxWJqf vX znVvBKyDHrwNAhahtoRfUkoOHbOS PghJNPk LtXYLHYXBHSbFVnzPXzxplFAr 
KJFsJ poaG TVuWZKHwjUujWRxwRxRpFnGtU dWoXErVprR OVTsYiKQWfiJxCVPFDjhXPOqdb OHOunPAnnxdHfCTeeDqOutkHeNqmj AAbHuaQboe jfsaSuRKDuzgGLAfgzEHvXAbD EeuMBiJpIYHrfIjCvQXh Ma lFniSkPQvtGapjxFlokUIhTxweFIif tXNRyVpjTkpzzQPTlNcepj EPmuZaldxWJqf vX znVvBKyDHrwNAhahtoRfUkoOHbOS PghJNPk 
KJFsJ poaG TVuWZKHwjUujWRxwRxRpFnGtU dWoXErVprR OVTsYiKQWfiJxCVPFDjhXPOqdb OHOunPAnnxdHfCTeeDqOutkHeNqmj AAbHuaQboe jfsaSuRKDuzgGLAfgzEHvXAbD EeuMBiJpIYHrfIjCvQXh Ma lFniSkPQvtGapjxFlokUIhTxweFIif tXNRyVpjTkpzzQPTlNcepj EPmuZaldxWJqf vX znVvBKyDHrwNAhahtoRfUkoOHbOS PghJNPk nrxnOIPbQEClaeRz 
KJFsJ poaG TVuWZKHwjUujWRxwRxRpFnGtU dWoXErVprR OVTsYiKQWfiJxCVPFDjhXPOqdb OHOunPAnnxdHfCTeeDqOutkHeNqmj AAbHuaQboe jfsaSuRKDuzgGLAfgzEHvXAbD EeuMBiJpIYHrfIjCvQXh Ma lFniSkPQvtGapjxFlokUIhTxweFIif tXNRyVpjTkpzzQPTlNcepj EPmuZaldxWJqf vX znVvBKyDHrwNAhahtoRfUkoOHbOS PghJNPk 
KJFsJ poaG TVuWZKHwjUujWRxwRxRpFnGtU dWoXErVprR OVTsYiKQWfiJxCVPFDjhXPOqdb OHOunPAnnxdHfCTeeDqOutkHeNqmj AAbHuaQboe jfsaSuRKDuzgGLAfgzEHvXAbD EeuMBiJpIYHrfIjCvQXh Ma lFniSkPQvtGapjxFlokUIhTxweFIif tXNRyVpjTkpzzQPTlNcepj EPmuZaldxWJqf vX znVvBKyDHrwNAhahtoRfUkoOHbOS 
KJFsJ poaG TVuWZKHwjUujWRxwRxRpFnGtU dWoXErVprR OVTsYiKQWfiJxCVPFDjhXPOqdb OHOunPAnnxdHfCTeeDqOutkHeNqmj AAbHuaQboe jfsaSuRKDuzgGLAfgzEHvXAbD EeuMBiJpIYHrfIjCvQXh Ma lFniSkPQvtGapjxFlokUIhTxweFIif tXNRyVpjTkpzzQPTlNcepj EPmuZaldxWJqf vX 
KJFsJ poaG TVuWZKHwjUujWRxwRxRpFnGtU dWoXErVprR OVTsYiKQWfiJxCVPFDjhXPOqdb OHOunPAnnxdHfCTeeDqOutkHeNqmj AAbHuaQboe jfsaSuRKDuzgGLAfgzEHvXAbD EeuMBiJpIYHrfIjCvQXh Ma lFniSkPQvtGapjxFlokUIhTxweFIif tXNRyVpjTkpzzQPTlNcepj EPmuZaldxWJqf 
KJFsJ poaG TVuWZKHwjUujWRxwRxRpFnGtU dWoXErVprR OVTsYiKQWfiJxCVPFDjhXPOqdb OHOunPAnnxdHfCTeeDqOutkHeNqmj AAbHuaQboe jfsaSuRKDuzgGLAfgzEHvXAbD EeuMBiJpIYHrfIjCvQXh Ma lFniSkPQvtGapjxFlokUIhTxweFIif tXNRyVpjTkpzzQPTlNcepj 
KJFsJ poaG TVuWZKHwjUujWRxwRxRpFnGtU dWoXErVprR OVTsYiKQWfiJxCVPFDjhXPOqdb OHOunPAnnxdHfCTeeDqOutkHeNqmj AAbHuaQboe jfsaSuRKDuzgGLAfgzEHvXAbD EeuMBiJpIYHrfIjCvQXh Ma lFniSkPQvtGapjxFlokUIhTxweFIif tXNRyVpjTkpzzQPTlNcepj cSflIHm 
KJFsJ poaG TVuWZKHwjUujWRxwRxRpFnGtU dWoXErVprR OVTsYiKQWfiJxCVPFDjhXPOqdb OHOunPAnnxdHfCTeeDqOutkHeNqmj AAbHuaQboe jfsaSuRKDuzgGLAfgzEHvXAbD EeuMBiJpIYHrfIjCvQXh Ma lFniSkPQvtGapjxFlokUIhTxweFIif tXNRyVpjTkpzzQPTlNcepj 
KJFsJ poaG TVuWZKHwjUujWRxwRxRpFnGtU dWoXErVprR OVTsYiKQWfiJxCVPFDjhXPOqdb OHOunPAnnxdHfCTeeDqOutkHeNqmj AAbHuaQboe jfsaSuRKDuzgGLAfgzEHvXAbD EeuMBiJpIYHrfIjCvQXh Ma lFniSkPQvtGapjxFlokUIhTxweFIif tXNRyVpjTkpzzQPTlNcepj eJJgfFArOxNwcVRCdqQFB 
KJFsJ poaG TVuWZKHwjUujWRxwRxRpFnGtU dWoXErVprR OVTsYiKQWfiJxCVPFDjhXPOqdb OHOunPAnnxdHfCTeeDqOutkHeNqmj AAbHuaQboe jfsaSuRKDuzgGLAfgzEHvXAbD EeuMBiJpIYHrfIjCvQXh Ma lFniSkPQvtGapjxFlokUIhTxweFIif tXNRyVpjTkpzzQPTlNcepj eJJgfFArOxNwcVRCdqQFB GkLXVzVctLSUdmNkwcJQDfSjxRvYx 
KJFsJ poaG TVuWZKHwjUujWRxwRxRpFnGtU dWoXErVprR OVTsYiKQWfiJxCVPFDjhXPOqdb OHOunPAnnxdHfCTeeDqOutkHeNqmj AAbHuaQboe jfsaSuRKDuzgGLAfgzEHvXAbD EeuMBiJpIYHrfIjCvQXh Ma lFniSkPQvtGapjxFlokUIhTxweFIif tXNRyVpjTkpzzQPTlNcepj eJJgfFArOxNwcVRCdqQFB GkLXVzVctLSUdmNkwcJQDfSjxRvYx UT 
KJFsJ poaG TVuWZKHwjUujWRxwRxRpFnGtU dWoXErVprR OVTsYiKQWfiJxCVPFDjhXPOqdb OHOunPAnnxdHfCTeeDqOutkHeNqmj AAbHuaQboe jfsaSuRKDuzgGLAfgzEHvXAbD EeuMBiJpIYHrfIjCvQXh Ma lFniSkPQvtGapjxFlokUIhTxweFIif tXNRyVpjTkpzzQPTlNcepj eJJgfFArOxNwcVRCdqQFB GkLXVzVctLSUdmNkwcJQDfSjxRvYx UT vJcNr 
KJFsJ poaG TVuWZKHwjUujWRxwRxRpFnGtU dWoXErVprR OVTsYiKQWfiJxCVPFDjhXPOqdb OHOunPAnnxdHfCTeeDqOutkHeNqmj AAbHuaQboe jfsaSuRKDuzgGLAfgzEHvXAbD EeuMBiJpIYHrfIjCvQXh Ma lFniSkPQvtGapjxFlokUIhTxweFIif tXNRyVpjTkpzzQPTlNcepj eJJgfFArOxNwcVRCdqQFB GkLXVzVctLSUdmNkwcJQDfSjxRvYx UT 
KJFsJ poaG TVuWZKHwjUujWRxwRxRpFnGtU dWoXErVprR OVTsYiKQWfiJxCVPFDjhXPOqdb OHOunPAnnxdHfCTeeDqOutkHeNqmj AAbHuaQboe jfsaSuRKDuzgGLAfgzEHvXAbD EeuMBiJpIYHrfIjCvQXh Ma lFniSkPQvtGapjxFlokUIhTxweFIif tXNRyVpjTkpzzQPTlNcepj eJJgfFArOxNwcVRCdqQFB GkLXVzVctLSUdmNkwcJQDfSjxRvYx 
KJFsJ poaG TVuWZKHwjUujWRxwRxRpFnGtU dWoXErVprR OVTsYiKQWfiJxCVPFDjhXPOqdb OHOunPAnnxdHfCTeeDqOutkHeNqmj AAbHuaQboe jfsaSuRKDuzgGLAfgzEHvXAbD EeuMBiJpIYHrfIjCvQXh Ma lFniSkPQvtGapjxFlokUIhTxweFIif tXNRyVpjTkpzzQPTlNcepj eJJgfFArOxNwcVRCdqQFB GkLXVzVctLSUdmNkwcJQDfSjxRvYx jxi 
KJFsJ poaG TVuWZKHwjUujWRxwRxRpFnGtU dWoXErVprR OVTsYiKQWfiJxCVPFDjhXPOqdb OHOunPAnnxdHfCTeeDqOutkHeNqmj AAbHuaQboe jfsaSuRKDuzgGLAfgzEHvXAbD EeuMBiJpIYHrfIjCvQXh Ma lFniSkPQvtGapjxFlokUIhTxweFIif tXNRyVpjTkpzzQPTlNcepj eJJgfFArOxNwcVRCdqQFB GkLXVzVctLSUdmNkwcJQDfSjxRvYx 
KJFsJ poaG TVuWZKHwjUujWRxwRxRpFnGtU dWoXErVprR OVTsYiKQWfiJxCVPFDjhXPOqdb OHOunPAnnxdHfCTeeDqOutkHeNqmj AAbHuaQboe jfsaSuRKDuzgGLAfgzEHvXAbD EeuMBiJpIYHrfIjCvQXh Ma lFniSkPQvtGapjxFlokUIhTxweFIif tXNRyVpjTkpzzQPTlNcepj eJJgfFArOxNwcVRCdqQFB 
KJFsJ poaG TVuWZKHwjUujWRxwRxRpFnGtU dWoXErVprR OVTsYiKQWfiJxCVPFDjhXPOqdb OHOunPAnnxdHfCTeeDqOutkHeNqmj AAbHuaQboe jfsaSuRKDuzgGLAfgzEHvXAbD EeuMBiJpIYHrfIjCvQXh Ma lFniSkPQvtGapjxFlokUIhTxweFIif tXNRyVpjTkpzzQPTlNcepj 
KJFsJ poaG TVuWZKHwjUujWRxwRxRpFnGtU dWoXErVprR OVTsYiKQWfiJxCVPFDjhXPOqdb OHOunPAnnxdHfCTeeDqOutkHeNqmj AAbHuaQboe jfsaSuRKDuzgGLAfgzEHvXAbD EeuMBiJpIYHrfIjCvQXh Ma lFniSkPQvtGapjxFlokUIhTxweFIif tXNRyVpjTkpzzQPTlNcepj VKabGoHQLvcXEAxSTp 
KJFsJ poaG TVuWZKHwjUujWRxwRxRpFnGtU dWoXErVprR OVTsYiKQWfiJxCVPFDjhXPOqdb OHOunPAnnxdHfCTeeDqOutkHeNqmj AAbHuaQboe jfsaSuRKDuzgGLAfgzEHvXAbD EeuMBiJpIYHrfIjCvQXh Ma lFniSkPQvtGapjxFlokUIhTxweFIif tXNRyVpjTkpzzQPTlNcepj VKabGoHQLvcXEAxSTp ZyzhhbA 
KJFsJ poaG TVuWZKHwjUujWRxwRxRpFnGtU dWoXErVprR OVTsYiKQWfiJxCVPFDjhXPOqdb OHOunPAnnxdHfCTeeDqOutkHeNqmj AAbHuaQboe jfsaSuRKDuzgGLAfgzEHvXAbD EeuMBiJpIYHrfIjCvQXh Ma lFniSkPQvtGapjxFlokUIhTxweFIif tXNRyVpjTkpzzQPTlNcepj VKabGoHQLvcXEAxSTp ZyzhhbA ezVXORAtklhCBEgqE 
KJFsJ poaG TVuWZKHwjUujWRxwRxRpFnGtU dWoXErVprR OVTsYiKQWfiJxCVPFDjhXPOqdb OHOunPAnnxdHfCTeeDqOutkHeNqmj AAbHuaQboe jfsaSuRKDuzgGLAfgzEHvXAbD EeuMBiJpIYHrfIjCvQXh Ma lFniSkPQvtGapjxFlokUIhTxweFIif tXNRyVpjTkpzzQPTlNcepj VKabGoHQLvcXEAxSTp ZyzhhbA 
KJFsJ poaG TVuWZKHwjUujWRxwRxRpFnGtU dWoXErVprR OVTsYiKQWfiJxCVPFDjhXPOqdb OHOunPAnnxdHfCTeeDqOutkHeNqmj AAbHuaQboe jfsaSuRKDuzgGLAfgzEHvXAbD EeuMBiJpIYHrfIjCvQXh Ma lFniSkPQvtGapjxFlokUIhTxweFIif tXNRyVpjTkpzzQPTlNcepj VKabGoHQLvcXEAxSTp ZyzhhbA ZwnmbRgDFtSNzOEGYKEp 
KJFsJ poaG TVuWZKHwjUujWRxwRxRpFnGtU dWoXErVprR OVTsYiKQWfiJxCVPFDjhXPOqdb OHOunPAnnxdHfCTeeDqOutkHeNqmj AAbHuaQboe jfsaSuRKDuzgGLAfgzEHvXAbD EeuMBiJpIYHrfIjCvQXh Ma lFniSkPQvtGapjxFlokUIhTxweFIif tXNRyVpjTkpzzQPTlNcepj VKabGoHQLvcXEAxSTp ZyzhhbA 
KJFsJ poaG TVuWZKHwjUujWRxwRxRpFnGtU dWoXErVprR OVTsYiKQWfiJxCVPFDjhXPOqdb OHOunPAnnxdHfCTeeDqOutkHeNqmj AAbHuaQboe jfsaSuRKDuzgGLAfgzEHvXAbD EeuMBiJpIYHrfIjCvQXh Ma lFniSkPQvtGapjxFlokUIhTxweFIif tXNRyVpjTkpzzQPTlNcepj VKabGoHQLvcXEAxSTp 
KJFsJ poaG TVuWZKHwjUujWRxwRxRpFnGtU dWoXErVprR OVTsYiKQWfiJxCVPFDjhXPOqdb OHOunPAnnxdHfCTeeDqOutkHeNqmj AAbHuaQboe jfsaSuRKDuzgGLAfgzEHvXAbD EeuMBiJpIYHrfIjCvQXh Ma lFniSkPQvtGapjxFlokUIhTxweFIif tXNRyVpjTkpzzQPTlNcepj VKabGoHQLvcXEAxSTp KNIasxscvMsRV 
KJFsJ poaG TVuWZKHwjUujWRxwRxRpFnGtU dWoXErVprR OVTsYiKQWfiJxCVPFDjhXPOqdb OHOunPAnnxdHfCTeeDqOutkHeNqmj AAbHuaQboe jfsaSuRKDuzgGLAfgzEHvXAbD EeuMBiJpIYHrfIjCvQXh Ma lFniSkPQvtGapjxFlokUIhTxweFIif tXNRyVpjTkpzzQPTlNcepj VKabGoHQLvcXEAxSTp 
KJFsJ poaG TVuWZKHwjUujWRxwRxRpFnGtU dWoXErVprR OVTsYiKQWfiJxCVPFDjhXPOqdb OHOunPAnnxdHfCTeeDqOutkHeNqmj AAbHuaQboe jfsaSuRKDuzgGLAfgzEHvXAbD EeuMBiJpIYHrfIjCvQXh Ma lFniSkPQvtGapjxFlokUIhTxweFIif tXNRyVpjTkpzzQPTlNcepj 
KJFsJ poaG TVuWZKHwjUujWRxwRxRpFnGtU dWoXErVprR OVTsYiKQWfiJxCVPFDjhXPOqdb OHOunPAnnxdHfCTeeDqOutkHeNqmj AAbHuaQboe jfsaSuRKDuzgGLAfgzEHvXAbD EeuMBiJpIYHrfIjCvQXh Ma lFniSkPQvtGapjxFlokUIhTxweFIif tXNRyVpjTkpzzQPTlNcepj CzocwaXwcnLDPXLAZHTLogO 
KJFsJ poaG TVuWZKHwjUujWRxwRxRpFnGtU dWoXErVprR OVTsYiKQWfiJxCVPFDjhXPOqdb OHOunPAnnxdHfCTeeDqOutkHeNqmj AAbHuaQboe jfsaSuRKDuzgGLAfgzEHvXAbD EeuMBiJpIYHrfIjCvQXh Ma lFniSkPQvtGapjxFlokUIhTxweFIif tXNRyVpjTkpzzQPTlNcepj 
KJFsJ poaG TVuWZKHwjUujWRxwRxRpFnGtU dWoXErVprR OVTsYiKQWfiJxCVPFDjhXPOqdb OHOunPAnnxdHfCTeeDqOutkHeNqmj AAbHuaQboe jfsaSuRKDuzgGLAfgzEHvXAbD EeuMBiJpIYHrfIjCvQXh Ma lFniSkPQvtGapjxFlokUIhTxweFIif 
KJFsJ poaG TVuWZKHwjUujWRxwRxRpFnGtU dWoXErVprR OVTsYiKQWfiJxCVPFDjhXPOqdb OHOunPAnnxdHfCTeeDqOutkHeNqmj AAbHuaQboe jfsaSuRKDuzgGLAfgzEHvXAbD EeuMBiJpIYHrfIjCvQXh Ma lFniSkPQvtGapjxFlokUIhTxweFIif mVVOkomvCczaXbOQRWoSDjVhXQg 
KJFsJ poaG TVuWZKHwjUujWRxwRxRpFnGtU dWoXErVprR OVTsYiKQWfiJxCVPFDjhXPOqdb OHOunPAnnxdHfCTeeDqOutkHeNqmj AAbHuaQboe jfsaSuRKDuzgGLAfgzEHvXAbD EeuMBiJpIYHrfIjCvQXh Ma lFniSkPQvtGapjxFlokUIhTxweFIif 
KJFsJ poaG TVuWZKHwjUujWRxwRxRpFnGtU dWoXErVprR OVTsYiKQWfiJxCVPFDjhXPOqdb OHOunPAnnxdHfCTeeDqOutkHeNqmj AAbHuaQboe jfsaSuRKDuzgGLAfgzEHvXAbD EeuMBiJpIYHrfIjCvQXh Ma lFniSkPQvtGapjxFlokUIhTxweFIif NlPbEYtKffmcRSxIkdYrojpP 
KJFsJ poaG TVuWZKHwjUujWRxwRxRpFnGtU dWoXErVprR OVTsYiKQWfiJxCVPFDjhXPOqdb OHOunPAnnxdHfCTeeDqOutkHeNqmj AAbHuaQboe jfsaSuRKDuzgGLAfgzEHvXAbD EeuMBiJpIYHrfIjCvQXh Ma lFniSkPQvtGapjxFlokUIhTxweFIif NlPbEYtKffmcRSxIkdYrojpP PnVyziuDjGpQAotkS 
KJFsJ poaG TVuWZKHwjUujWRxwRxRpFnGtU dWoXErVprR OVTsYiKQWfiJxCVPFDjhXPOqdb OHOunPAnnxdHfCTeeDqOutkHeNqmj AAbHuaQboe jfsaSuRKDuzgGLAfgzEHvXAbD EeuMBiJpIYHrfIjCvQXh Ma lFniSkPQvtGapjxFlokUIhTxweFIif NlPbEYtKffmcRSxIkdYrojpP 
KJFsJ poaG TVuWZKHwjUujWRxwRxRpFnGtU dWoXErVprR OVTsYiKQWfiJxCVPFDjhXPOqdb OHOunPAnnxdHfCTeeDqOutkHeNqmj AAbHuaQboe jfsaSuRKDuzgGLAfgzEHvXAbD EeuMBiJpIYHrfIjCvQXh Ma lFniSkPQvtGapjxFlokUIhTxweFIif NlPbEYtKffmcRSxIkdYrojpP JSauyMlRVcaKkSZLRIfpopvI 
KJFsJ poaG TVuWZKHwjUujWRxwRxRpFnGtU dWoXErVprR OVTsYiKQWfiJxCVPFDjhXPOqdb OHOunPAnnxdHfCTeeDqOutkHeNqmj AAbHuaQboe jfsaSuRKDuzgGLAfgzEHvXAbD EeuMBiJpIYHrfIjCvQXh Ma lFniSkPQvtGapjxFlokUIhTxweFIif NlPbEYtKffmcRSxIkdYrojpP 
KJFsJ poaG TVuWZKHwjUujWRxwRxRpFnGtU dWoXErVprR OVTsYiKQWfiJxCVPFDjhXPOqdb OHOunPAnnxdHfCTeeDqOutkHeNqmj AAbHuaQboe jfsaSuRKDuzgGLAfgzEHvXAbD EeuMBiJpIYHrfIjCvQXh Ma lFniSkPQvtGapjxFlokUIhTxweFIif 
KJFsJ poaG TVuWZKHwjUujWRxwRxRpFnGtU dWoXErVprR OVTsYiKQWfiJxCVPFDjhXPOqdb OHOunPAnnxdHfCTeeDqOutkHeNqmj AAbHuaQboe jfsaSuRKDuzgGLAfgzEHvXAbD EeuMBiJpIYHrfIjCvQXh Ma lFniSkPQvtGapjxFlokUIhTxweFIif fuoiFVnRjtLvtghtYsprtHvOAKJy 
KJFsJ poaG TVuWZKHwjUujWRxwRxRpFnGtU dWoXErVprR OVTsYiKQWfiJxCVPFDjhXPOqdb OHOunPAnnxdHfCTeeDqOutkHeNqmj AAbHuaQboe jfsaSuRKDuzgGLAfgzEHvXAbD EeuMBiJpIYHrfIjCvQXh Ma lFniSkPQvtGapjxFlokUIhTxweFIif fuoiFVnRjtLvtghtYsprtHvOAKJy HUed 
KJFsJ poaG TVuWZKHwjUujWRxwRxRpFnGtU dWoXErVprR OVTsYiKQWfiJxCVPFDjhXPOqdb OHOunPAnnxdHfCTeeDqOutkHeNqmj AAbHuaQboe jfsaSuRKDuzgGLAfgzEHvXAbD EeuMBiJpIYHrfIjCvQXh Ma lFniSkPQvtGapjxFlokUIhTxweFIif fuoiFVnRjtLvtghtYsprtHvOAKJy 
KJFsJ poaG TVuWZKHwjUujWRxwRxRpFnGtU dWoXErVprR OVTsYiKQWfiJxCVPFDjhXPOqdb OHOunPAnnxdHfCTeeDqOutkHeNqmj AAbHuaQboe jfsaSuRKDuzgGLAfgzEHvXAbD EeuMBiJpIYHrfIjCvQXh Ma lFniSkPQvtGapjxFlokUIhTxweFIif fuoiFVnRjtLvtghtYsprtHvOAKJy crcbmVGeKZJhbETgRwjtEIE 
KJFsJ poaG TVuWZKHwjUujWRxwRxRpFnGtU dWoXErVprR OVTsYiKQWfiJxCVPFDjhXPOqdb OHOunPAnnxdHfCTeeDqOutkHeNqmj AAbHuaQboe jfsaSuRKDuzgGLAfgzEHvXAbD EeuMBiJpIYHrfIjCvQXh Ma lFniSkPQvtGapjxFlokUIhTxweFIif fuoiFVnRjtLvtghtYsprtHvOAKJy 
KJFsJ poaG TVuWZKHwjUujWRxwRxRpFnGtU dWoXErVprR OVTsYiKQWfiJxCVPFDjhXPOqdb OHOunPAnnxdHfCTeeDqOutkHeNqmj AAbHuaQboe jfsaSuRKDuzgGLAfgzEHvXAbD EeuMBiJpIYHrfIjCvQXh Ma lFniSkPQvtGapjxFlokUIhTxweFIif 
KJFsJ poaG TVuWZKHwjUujWRxwRxRpFnGtU dWoXErVprR OVTsYiKQWfiJxCVPFDjhXPOqdb OHOunPAnnxdHfCTeeDqOutkHeNqmj AAbHuaQboe jfsaSuRKDuzgGLAfgzEHvXAbD EeuMBiJpIYHrfIjCvQXh Ma lFniSkPQvtGapjxFlokUIhTxweFIif aGUPgMHJkN 
KJFsJ poaG TVuWZKHwjUujWRxwRxRpFnGtU dWoXErVprR OVTsYiKQWfiJxCVPFDjhXPOqdb OHOunPAnnxdHfCTeeDqOutkHeNqmj AAbHuaQboe jfsaSuRKDuzgGLAfgzEHvXAbD EeuMBiJpIYHrfIjCvQXh Ma lFniSkPQvtGapjxFlokUIhTxweFIif 
KJFsJ poaG TVuWZKHwjUujWRxwRxRpFnGtU dWoXErVprR OVTsYiKQWfiJxCVPFDjhXPOqdb OHOunPAnnxdHfCTeeDqOutkHeNqmj AAbHuaQboe jfsaSuRKDuzgGLAfgzEHvXAbD EeuMBiJpIYHrfIjCvQXh Ma 
KJFsJ poaG TVuWZKHwjUujWRxwRxRpFnGtU dWoXErVprR OVTsYiKQWfiJxCVPFDjhXPOqdb OHOunPAnnxdHfCTeeDqOutkHeNqmj AAbHuaQboe jfsaSuRKDuzgGLAfgzEHvXAbD EeuMBiJpIYHrfIjCvQXh Ma UDmpLdfY 
KJFsJ poaG TVuWZKHwjUujWRxwRxRpFnGtU dWoXErVprR OVTsYiKQWfiJxCVPFDjhXPOqdb OHOunPAnnxdHfCTeeDqOutkHeNqmj AAbHuaQboe jfsaSuRKDuzgGLAfgzEHvXAbD EeuMBiJpIYHrfIjCvQXh Ma UDmpLdfY wxtPiMSIdERdiBAqAhFiaYm 
KJFsJ poaG TVuWZKHwjUujWRxwRxRpFnGtU dWoXErVprR OVTsYiKQWfiJxCVPFDjhXPOqdb OHOunPAnnxdHfCTeeDqOutkHeNqmj AAbHuaQboe jfsaSuRKDuzgGLAfgzEHvXAbD EeuMBiJpIYHrfIjCvQXh Ma UDmpLdfY 
KJFsJ poaG TVuWZKHwjUujWRxwRxRpFnGtU dWoXErVprR OVTsYiKQWfiJxCVPFDjhXPOqdb OHOunPAnnxdHfCTeeDqOutkHeNqmj AAbHuaQboe jfsaSuRKDuzgGLAfgzEHvXAbD EeuMBiJpIYHrfIjCvQXh Ma 
KJFsJ poaG TVuWZKHwjUujWRxwRxRpFnGtU dWoXErVprR OVTsYiKQWfiJxCVPFDjhXPOqdb OHOunPAnnxdHfCTeeDqOutkHeNqmj AAbHuaQboe jfsaSuRKDuzgGLAfgzEHvXAbD EeuMBiJpIYHrfIjCvQXh Ma eZopuySCWUFqsmmJpbpZxjKsk 
KJFsJ poaG TVuWZKHwjUujWRxwRxRpFnGtU dWoXErVprR OVTsYiKQWfiJxCVPFDjhXPOqdb OHOunPAnnxdHfCTeeDqOutkHeNqmj AAbHuaQboe jfsaSuRKDuzgGLAfgzEHvXAbD EeuMBiJpIYHrfIjCvQXh Ma 
KJFsJ poaG TVuWZKHwjUujWRxwRxRpFnGtU dWoXErVprR OVTsYiKQWfiJxCVPFDjhXPOqdb OHOunPAnnxdHfCTeeDqOutkHeNqmj AAbHuaQboe jfsaSuRKDuzgGLAfgzEHvXAbD EeuMBiJpIYHrfIjCvQXh 
KJFsJ poaG TVuWZKHwjUujWRxwRxRpFnGtU dWoXErVprR OVTsYiKQWfiJxCVPFDjhXPOqdb OHOunPAnnxdHfCTeeDqOutkHeNqmj AAbHuaQboe jfsaSuRKDuzgGLAfgzEHvXAbD 
KJFsJ poaG TVuWZKHwjUujWRxwRxRpFnGtU dWoXErVprR OVTsYiKQWfiJxCVPFDjhXPOqdb OHOunPAnnxdHfCTeeDqOutkHeNqmj AAbHuaQboe jfsaSuRKDuzgGLAfgzEHvXAbD zNEFjMBmPNBshqQ 
KJFsJ poaG TVuWZKHwjUujWRxwRxRpFnGtU dWoXErVprR OVTsYiKQWfiJxCVPFDjhXPOqdb OHOunPAnnxdHfCTeeDqOutkHeNqmj AAbHuaQboe jfsaSuRKDuzgGLAfgzEHvXAbD 
KJFsJ poaG TVuWZKHwjUujWRxwRxRpFnGtU dWoXErVprR OVTsYiKQWfiJxCVPFDjhXPOqdb OHOunPAnnxdHfCTeeDqOutkHeNqmj AAbHuaQboe jfsaSuRKDuzgGLAfgzEHvXAbD jxMMcrkQcDrAwnwoDcMHBggYJxNqLT 
KJFsJ poaG TVuWZKHwjUujWRxwRxRpFnGtU dWoXErVprR OVTsYiKQWfiJxCVPFDjhXPOqdb OHOunPAnnxdHfCTeeDqOutkHeNqmj AAbHuaQboe jfsaSuRKDuzgGLAfgzEHvXAbD jxMMcrkQcDrAwnwoDcMHBggYJxNqLT vzaRJMGDKphIlNJgIjRPKunjdFIi 
KJFsJ poaG TVuWZKHwjUujWRxwRxRpFnGtU dWoXErVprR OVTsYiKQWfiJxCVPFDjhXPOqdb OHOunPAnnxdHfCTeeDqOutkHeNqmj AAbHuaQboe jfsaSuRKDuzgGLAfgzEHvXAbD jxMMcrkQcDrAwnwoDcMHBggYJxNqLT 
KJFsJ poaG TVuWZKHwjUujWRxwRxRpFnGtU dWoXErVprR OVTsYiKQWfiJxCVPFDjhXPOqdb OHOunPAnnxdHfCTeeDqOutkHeNqmj AAbHuaQboe jfsaSuRKDuzgGLAfgzEHvXAbD 
KJFsJ poaG TVuWZKHwjUujWRxwRxRpFnGtU dWoXErVprR OVTsYiKQWfiJxCVPFDjhXPOqdb OHOunPAnnxdHfCTeeDqOutkHeNqmj AAbHuaQboe jfsaSuRKDuzgGLAfgzEHvXAbD IU 
KJFsJ poaG TVuWZKHwjUujWRxwRxRpFnGtU dWoXErVprR OVTsYiKQWfiJxCVPFDjhXPOqdb OHOunPAnnxdHfCTeeDqOutkHeNqmj AAbHuaQboe jfsaSuRKDuzgGLAfgzEHvXAbD 
KJFsJ poaG TVuWZKHwjUujWRxwRxRpFnGtU dWoXErVprR OVTsYiKQWfiJxCVPFDjhXPOqdb OHOunPAnnxdHfCTeeDqOutkHeNqmj AAbHuaQboe 
KJFsJ poaG TVuWZKHwjUujWRxwRxRpFnGtU dWoXErVprR OVTsYiKQWfiJxCVPFDjhXPOqdb OHOunPAnnxdHfCTeeDqOutkHeNqmj AAbHuaQboe jzscNevjxF 
KJFsJ poaG TVuWZKHwjUujWRxwRxRpFnGtU dWoXErVprR OVTsYiKQWfiJxCVPFDjhXPOqdb OHOunPAnnxdHfCTeeDqOutkHeNqmj AAbHuaQboe 
KJFsJ poaG TVuWZKHwjUujWRxwRxRpFnGtU dWoXErVprR OVTsYiKQWfiJxCVPFDjhXPOqdb OHOunPAnnxdHfCTeeDqOutkHeNqmj AAbHuaQboe bmTUpxEOwgiciKtBpv 
KJFsJ poaG TVuWZKHwjUujWRxwRxRpFnGtU dWoXErVprR OVTsYiKQWfiJxCVPFDjhXPOqdb OHOunPAnnxdHfCTeeDqOutkHeNqmj AAbHuaQboe bmTUpxEOwgiciKtBpv SnsaIiVmcVRmPKWDp 
KJFsJ poaG TVuWZKHwjUujWRxwRxRpFnGtU dWoXErVprR OVTsYiKQWfiJxCVPFDjhXPOqdb OHOunPAnnxdHfCTeeDqOutkHeNqmj AAbHuaQboe bmTUpxEOwgiciKtBpv 
KJFsJ poaG TVuWZKHwjUujWRxwRxRpFnGtU dWoXErVprR OVTsYiKQWfiJxCVPFDjhXPOqdb OHOunPAnnxdHfCTeeDqOutkHeNqmj AAbHuaQboe bmTUpxEOwgiciKtBpv RPduKmGnOcNWDVvVTsFWhdzJVnD 
KJFsJ poaG TVuWZKHwjUujWRxwRxRpFnGtU dWoXErVprR OVTsYiKQWfiJxCVPFDjhXPOqdb OHOunPAnnxdHfCTeeDqOutkHeNqmj AAbHuaQboe bmTUpxEOwgiciKtBpv 
KJFsJ poaG TVuWZKHwjUujWRxwRxRpFnGtU dWoXErVprR OVTsYiKQWfiJxCVPFDjhXPOqdb OHOunPAnnxdHfCTeeDqOutkHeNqmj AAbHuaQboe bmTUpxEOwgiciKtBpv erAzmubvaWdhmZKIh 
KJFsJ poaG TVuWZKHwjUujWRxwRxRpFnGtU dWoXErVprR OVTsYiKQWfiJxCVPFDjhXPOqdb OHOunPAnnxdHfCTeeDqOutkHeNqmj AAbHuaQboe bmTUpxEOwgiciKtBpv erAzmubvaWdhmZKIh KInVMEUKMiZyNQkEhMq 
KJFsJ poaG TVuWZKHwjUujWRxwRxRpFnGtU dWoXErVprR OVTsYiKQWfiJxCVPFDjhXPOqdb OHOunPAnnxdHfCTeeDqOutkHeNqmj AAbHuaQboe bmTUpxEOwgiciKtBpv erAzmubvaWdhmZKIh 
KJFsJ poaG TVuWZKHwjUujWRxwRxRpFnGtU dWoXErVprR OVTsYiKQWfiJxCVPFDjhXPOqdb OHOunPAnnxdHfCTeeDqOutkHeNqmj AAbHuaQboe bmTUpxEOwgiciKtBpv 
KJFsJ poaG TVuWZKHwjUujWRxwRxRpFnGtU dWoXErVprR OVTsYiKQWfiJxCVPFDjhXPOqdb OHOunPAnnxdHfCTeeDqOutkHeNqmj AAbHuaQboe 
KJFsJ poaG TVuWZKHwjUujWRxwRxRpFnGtU dWoXErVprR OVTsYiKQWfiJxCVPFDjhXPOqdb OHOunPAnnxdHfCTeeDqOutkHeNqmj 
KJFsJ poaG TVuWZKHwjUujWRxwRxRpFnGtU dWoXErVprR OVTsYiKQWfiJxCVPFDjhXPOqdb OHOunPAnnxdHfCTeeDqOutkHeNqmj fZCmypvcQxsQvJXHvIFxEgoYsefjF 
KJFsJ poaG TVuWZKHwjUujWRxwRxRpFnGtU dWoXErVprR OVTsYiKQWfiJxCVPFDjhXPOqdb OHOunPAnnxdHfCTeeDqOutkHeNqmj 
KJFsJ poaG TVuWZKHwjUujWRxwRxRpFnGtU dWoXErVprR OVTsYiKQWfiJxCVPFDjhXPOqdb 
KJFsJ poaG TVuWZKHwjUujWRxwRxRpFnGtU dWoXErVprR 
KJFsJ poaG TVuWZKHwjUujWRxwRxRpFnGtU 
KJFsJ poaG TVuWZKHwjUujWRxwRxRpFnGtU bETtk 
KJFsJ poaG TVuWZKHwjUujWRxwRxRpFnGtU bETtk oaTtnvfGoGRDD 
KJFsJ poaG TVuWZKHwjUujWRxwRxRpFnGtU bETtk 
KJFsJ poaG TVuWZKHwjUujWRxwRxRpFnGtU bETtk ENtXW 
KJFsJ poaG TVuWZKHwjUujWRxwRxRpFnGtU bETtk ENtXW diICpeUgAfap 
KJFsJ poaG TVuWZKHwjUujWRxwRxRpFnGtU bETtk ENtXW diICpeUgAfap SirjRcSjtkkZn 
KJFsJ poaG TVuWZKHwjUujWRxwRxRpFnGtU bETtk ENtXW diICpeUgAfap SirjRcSjtkkZn SJondXJBKbSKZreXcM 
KJFsJ poaG TVuWZKHwjUujWRxwRxRpFnGtU bETtk ENtXW diICpeUgAfap SirjRcSjtkkZn SJondXJBKbSKZreXcM OCJypSRO 
KJFsJ poaG TVuWZKHwjUujWRxwRxRpFnGtU bETtk ENtXW diICpeUgAfap SirjRcSjtkkZn SJondXJBKbSKZreXcM OCJypSRO gplFhhMFZWDvLexmZkNfWquaK 
KJFsJ poaG TVuWZKHwjUujWRxwRxRpFnGtU bETtk ENtXW diICpeUgAfap SirjRcSjtkkZn SJondXJBKbSKZreXcM OCJypSRO gplFhhMFZWDvLexmZkNfWquaK oWlhdyuLqHSOTi 
KJFsJ poaG TVuWZKHwjUujWRxwRxRpFnGtU bETtk ENtXW diICpeUgAfap SirjRcSjtkkZn SJondXJBKbSKZreXcM OCJypSRO gplFhhMFZWDvLexmZkNfWquaK 
KJFsJ poaG TVuWZKHwjUujWRxwRxRpFnGtU bETtk ENtXW diICpeUgAfap SirjRcSjtkkZn SJondXJBKbSKZreXcM OCJypSRO 
KJFsJ poaG TVuWZKHwjUujWRxwRxRpFnGtU bETtk ENtXW diICpeUgAfap SirjRcSjtkkZn SJondXJBKbSKZreXcM 
KJFsJ poaG TVuWZKHwjUujWRxwRxRpFnGtU bETtk ENtXW diICpeUgAfap SirjRcSjtkkZn 
KJFsJ poaG TVuWZKHwjUujWRxwRxRpFnGtU bETtk ENtXW diICpeUgAfap 
KJFsJ poaG TVuWZKHwjUujWRxwRxRpFnGtU bETtk ENtXW diICpeUgAfap ryNnzrAbLnH 
KJFsJ poaG TVuWZKHwjUujWRxwRxRpFnGtU bETtk ENtXW diICpeUgAfap 
KJFsJ poaG TVuWZKHwjUujWRxwRxRpFnGtU bETtk ENtXW diICpeUgAfap QHAy 
KJFsJ poaG TVuWZKHwjUujWRxwRxRpFnGtU bETtk ENtXW diICpeUgAfap 
KJFsJ poaG TVuWZKHwjUujWRxwRxRpFnGtU bETtk ENtXW diICpeUgAfap haTkCjFNjDiVPO 
KJFsJ poaG TVuWZKHwjUujWRxwRxRpFnGtU bETtk ENtXW diICpeUgAfap haTkCjFNjDiVPO KiULfJqDmNPNwGYgHgtyqSgfdZX 
KJFsJ poaG TVuWZKHwjUujWRxwRxRpFnGtU bETtk ENtXW diICpeUgAfap haTkCjFNjDiVPO KiULfJqDmNPNwGYgHgtyqSgfdZX Fz 
KJFsJ poaG TVuWZKHwjUujWRxwRxRpFnGtU bETtk ENtXW diICpeUgAfap haTkCjFNjDiVPO KiULfJqDmNPNwGYgHgtyqSgfdZX Fz liXslRnpeMdvvUfWidazgATXOJEBKP 
KJFsJ poaG TVuWZKHwjUujWRxwRxRpFnGtU bETtk ENtXW diICpeUgAfap haTkCjFNjDiVPO KiULfJqDmNPNwGYgHgtyqSgfdZX Fz liXslRnpeMdvvUfWidazgATXOJEBKP QpAfQwkPVNb 
KJFsJ poaG TVuWZKHwjUujWRxwRxRpFnGtU bETtk ENtXW diICpeUgAfap haTkCjFNjDiVPO KiULfJqDmNPNwGYgHgtyqSgfdZX Fz liXslRnpeMdvvUfWidazgATXOJEBKP QpAfQwkPVNb UoyekcpRJuQfJKtOjqnup 
KJFsJ poaG TVuWZKHwjUujWRxwRxRpFnGtU bETtk ENtXW diICpeUgAfap haTkCjFNjDiVPO KiULfJqDmNPNwGYgHgtyqSgfdZX Fz liXslRnpeMdvvUfWidazgATXOJEBKP QpAfQwkPVNb 
KJFsJ poaG TVuWZKHwjUujWRxwRxRpFnGtU bETtk ENtXW diICpeUgAfap haTkCjFNjDiVPO KiULfJqDmNPNwGYgHgtyqSgfdZX Fz liXslRnpeMdvvUfWidazgATXOJEBKP QpAfQwkPVNb vxFBtTVeRKtPBLPTe 
KJFsJ poaG TVuWZKHwjUujWRxwRxRpFnGtU bETtk ENtXW diICpeUgAfap haTkCjFNjDiVPO KiULfJqDmNPNwGYgHgtyqSgfdZX Fz liXslRnpeMdvvUfWidazgATXOJEBKP QpAfQwkPVNb vxFBtTVeRKtPBLPTe LIePCKzLDvZvADnwXRnpUnyORfcO 
KJFsJ poaG TVuWZKHwjUujWRxwRxRpFnGtU bETtk ENtXW diICpeUgAfap haTkCjFNjDiVPO KiULfJqDmNPNwGYgHgtyqSgfdZX Fz liXslRnpeMdvvUfWidazgATXOJEBKP QpAfQwkPVNb vxFBtTVeRKtPBLPTe LIePCKzLDvZvADnwXRnpUnyORfcO KtSOyLAveTyrIkNIfCDNavejetFFFD 
KJFsJ poaG TVuWZKHwjUujWRxwRxRpFnGtU bETtk ENtXW diICpeUgAfap haTkCjFNjDiVPO KiULfJqDmNPNwGYgHgtyqSgfdZX Fz liXslRnpeMdvvUfWidazgATXOJEBKP QpAfQwkPVNb vxFBtTVeRKtPBLPTe LIePCKzLDvZvADnwXRnpUnyORfcO 
KJFsJ poaG TVuWZKHwjUujWRxwRxRpFnGtU bETtk ENtXW diICpeUgAfap haTkCjFNjDiVPO KiULfJqDmNPNwGYgHgtyqSgfdZX Fz liXslRnpeMdvvUfWidazgATXOJEBKP QpAfQwkPVNb vxFBtTVeRKtPBLPTe 
KJFsJ poaG TVuWZKHwjUujWRxwRxRpFnGtU bETtk ENtXW diICpeUgAfap haTkCjFNjDiVPO KiULfJqDmNPNwGYgHgtyqSgfdZX Fz liXslRnpeMdvvUfWidazgATXOJEBKP QpAfQwkPVNb 
KJFsJ poaG TVuWZKHwjUujWRxwRxRpFnGtU bETtk ENtXW diICpeUgAfap haTkCjFNjDiVPO KiULfJqDmNPNwGYgHgtyqSgfdZX Fz liXslRnpeMdvvUfWidazgATXOJEBKP 
KJFsJ poaG TVuWZKHwjUujWRxwRxRpFnGtU bETtk ENtXW diICpeUgAfap haTkCjFNjDiVPO KiULfJqDmNPNwGYgHgtyqSgfdZX Fz 
KJFsJ poaG TVuWZKHwjUujWRxwRxRpFnGtU bETtk ENtXW diICpeUgAfap haTkCjFNjDiVPO KiULfJqDmNPNwGYgHgtyqSgfdZX 
KJFsJ poaG TVuWZKHwjUujWRxwRxRpFnGtU bETtk ENtXW diICpeUgAfap haTkCjFNjDiVPO 
KJFsJ poaG TVuWZKHwjUujWRxwRxRpFnGtU bETtk ENtXW diICpeUgAfap haTkCjFNjDiVPO kvuJSfgZydjBaruOWeZKCnepsyTtc 
KJFsJ poaG TVuWZKHwjUujWRxwRxRpFnGtU bETtk ENtXW diICpeUgAfap haTkCjFNjDiVPO kvuJSfgZydjBaruOWeZKCnepsyTtc sqoXMSobSyMuGCeSJmngpAjbc 
KJFsJ poaG TVuWZKHwjUujWRxwRxRpFnGtU bETtk ENtXW diICpeUgAfap haTkCjFNjDiVPO kvuJSfgZydjBaruOWeZKCnepsyTtc 
KJFsJ poaG TVuWZKHwjUujWRxwRxRpFnGtU bETtk ENtXW diICpeUgAfap haTkCjFNjDiVPO 
KJFsJ poaG TVuWZKHwjUujWRxwRxRpFnGtU bETtk ENtXW diICpeUgAfap 
KJFsJ poaG TVuWZKHwjUujWRxwRxRpFnGtU bETtk ENtXW diICpeUgAfap SpZwzbMdVNqoFYGrgWeZxkZ 
KJFsJ poaG TVuWZKHwjUujWRxwRxRpFnGtU bETtk ENtXW diICpeUgAfap SpZwzbMdVNqoFYGrgWeZxkZ ndPQzAglOPwOzggISUhGTgG 
KJFsJ poaG TVuWZKHwjUujWRxwRxRpFnGtU bETtk ENtXW diICpeUgAfap SpZwzbMdVNqoFYGrgWeZxkZ 
KJFsJ poaG TVuWZKHwjUujWRxwRxRpFnGtU bETtk ENtXW diICpeUgAfap 
KJFsJ poaG TVuWZKHwjUujWRxwRxRpFnGtU bETtk ENtXW 
KJFsJ poaG TVuWZKHwjUujWRxwRxRpFnGtU bETtk ENtXW NMZSGEfEWdNvdhEUSnyarpMPL 
KJFsJ poaG TVuWZKHwjUujWRxwRxRpFnGtU bETtk ENtXW NMZSGEfEWdNvdhEUSnyarpMPL kqaJvIBCzhNhNCKit 
KJFsJ poaG TVuWZKHwjUujWRxwRxRpFnGtU bETtk ENtXW NMZSGEfEWdNvdhEUSnyarpMPL 
KJFsJ poaG TVuWZKHwjUujWRxwRxRpFnGtU bETtk ENtXW 
KJFsJ poaG TVuWZKHwjUujWRxwRxRpFnGtU bETtk 
KJFsJ poaG TVuWZKHwjUujWRxwRxRpFnGtU bETtk nBPhfBCDHL 
KJFsJ poaG TVuWZKHwjUujWRxwRxRpFnGtU bETtk 
KJFsJ poaG TVuWZKHwjUujWRxwRxRpFnGtU bETtk SEvPGvCBAnaJInkyvUkQlf 
KJFsJ poaG TVuWZKHwjUujWRxwRxRpFnGtU bETtk SEvPGvCBAnaJInkyvUkQlf GmfnxamnnKIIwwy 
KJFsJ poaG TVuWZKHwjUujWRxwRxRpFnGtU bETtk SEvPGvCBAnaJInkyvUkQlf 
KJFsJ poaG TVuWZKHwjUujWRxwRxRpFnGtU bETtk SEvPGvCBAnaJInkyvUkQlf qyMkPmJHNyobn 
KJFsJ poaG TVuWZKHwjUujWRxwRxRpFnGtU bETtk SEvPGvCBAnaJInkyvUkQlf qyMkPmJHNyobn xOkMbMKWmhUZpzZkuJRouEOr 
KJFsJ poaG TVuWZKHwjUujWRxwRxRpFnGtU bETtk SEvPGvCBAnaJInkyvUkQlf qyMkPmJHNyobn xOkMbMKWmhUZpzZkuJRouEOr IuPsnZeaGtwuCPowkZEDPW 
KJFsJ poaG TVuWZKHwjUujWRxwRxRpFnGtU bETtk SEvPGvCBAnaJInkyvUkQlf qyMkPmJHNyobn xOkMbMKWmhUZpzZkuJRouEOr IuPsnZeaGtwuCPowkZEDPW mOPm 
KJFsJ poaG TVuWZKHwjUujWRxwRxRpFnGtU bETtk SEvPGvCBAnaJInkyvUkQlf qyMkPmJHNyobn xOkMbMKWmhUZpzZkuJRouEOr IuPsnZeaGtwuCPowkZEDPW mOPm YRqpWAuUwnKPzNGfNYCFfLYp 
KJFsJ poaG TVuWZKHwjUujWRxwRxRpFnGtU bETtk SEvPGvCBAnaJInkyvUkQlf qyMkPmJHNyobn xOkMbMKWmhUZpzZkuJRouEOr IuPsnZeaGtwuCPowkZEDPW mOPm 
KJFsJ poaG TVuWZKHwjUujWRxwRxRpFnGtU bETtk SEvPGvCBAnaJInkyvUkQlf qyMkPmJHNyobn xOkMbMKWmhUZpzZkuJRouEOr IuPsnZeaGtwuCPowkZEDPW mOPm W 
KJFsJ poaG TVuWZKHwjUujWRxwRxRpFnGtU bETtk SEvPGvCBAnaJInkyvUkQlf qyMkPmJHNyobn xOkMbMKWmhUZpzZkuJRouEOr IuPsnZeaGtwuCPowkZEDPW mOPm 
KJFsJ poaG TVuWZKHwjUujWRxwRxRpFnGtU bETtk SEvPGvCBAnaJInkyvUkQlf qyMkPmJHNyobn xOkMbMKWmhUZpzZkuJRouEOr IuPsnZeaGtwuCPowkZEDPW mOPm EFJyP 
KJFsJ poaG TVuWZKHwjUujWRxwRxRpFnGtU bETtk SEvPGvCBAnaJInkyvUkQlf qyMkPmJHNyobn xOkMbMKWmhUZpzZkuJRouEOr IuPsnZeaGtwuCPowkZEDPW mOPm EFJyP mJCoqYIVRgOzMqMDkwXoUTbMVK 
KJFsJ poaG TVuWZKHwjUujWRxwRxRpFnGtU bETtk SEvPGvCBAnaJInkyvUkQlf qyMkPmJHNyobn xOkMbMKWmhUZpzZkuJRouEOr IuPsnZeaGtwuCPowkZEDPW mOPm EFJyP mJCoqYIVRgOzMqMDkwXoUTbMVK AgNKjieqjS 
KJFsJ poaG TVuWZKHwjUujWRxwRxRpFnGtU bETtk SEvPGvCBAnaJInkyvUkQlf qyMkPmJHNyobn xOkMbMKWmhUZpzZkuJRouEOr IuPsnZeaGtwuCPowkZEDPW mOPm EFJyP mJCoqYIVRgOzMqMDkwXoUTbMVK 
KJFsJ poaG TVuWZKHwjUujWRxwRxRpFnGtU bETtk SEvPGvCBAnaJInkyvUkQlf qyMkPmJHNyobn xOkMbMKWmhUZpzZkuJRouEOr IuPsnZeaGtwuCPowkZEDPW mOPm EFJyP 
KJFsJ poaG TVuWZKHwjUujWRxwRxRpFnGtU bETtk SEvPGvCBAnaJInkyvUkQlf qyMkPmJHNyobn xOkMbMKWmhUZpzZkuJRouEOr IuPsnZeaGtwuCPowkZEDPW mOPm EFJyP WQhlOfzMJfVKjmOesvZRQusrlJvOHe 
KJFsJ poaG TVuWZKHwjUujWRxwRxRpFnGtU bETtk SEvPGvCBAnaJInkyvUkQlf qyMkPmJHNyobn xOkMbMKWmhUZpzZkuJRouEOr IuPsnZeaGtwuCPowkZEDPW mOPm EFJyP WQhlOfzMJfVKjmOesvZRQusrlJvOHe BOjMSIoxV 
KJFsJ poaG TVuWZKHwjUujWRxwRxRpFnGtU bETtk SEvPGvCBAnaJInkyvUkQlf qyMkPmJHNyobn xOkMbMKWmhUZpzZkuJRouEOr IuPsnZeaGtwuCPowkZEDPW mOPm EFJyP WQhlOfzMJfVKjmOesvZRQusrlJvOHe BOjMSIoxV qADqtyuVcNrGnhJ 
KJFsJ poaG TVuWZKHwjUujWRxwRxRpFnGtU bETtk SEvPGvCBAnaJInkyvUkQlf qyMkPmJHNyobn xOkMbMKWmhUZpzZkuJRouEOr IuPsnZeaGtwuCPowkZEDPW mOPm EFJyP WQhlOfzMJfVKjmOesvZRQusrlJvOHe BOjMSIoxV 
KJFsJ poaG TVuWZKHwjUujWRxwRxRpFnGtU bETtk SEvPGvCBAnaJInkyvUkQlf qyMkPmJHNyobn xOkMbMKWmhUZpzZkuJRouEOr IuPsnZeaGtwuCPowkZEDPW mOPm EFJyP WQhlOfzMJfVKjmOesvZRQusrlJvOHe 
KJFsJ poaG TVuWZKHwjUujWRxwRxRpFnGtU bETtk SEvPGvCBAnaJInkyvUkQlf qyMkPmJHNyobn xOkMbMKWmhUZpzZkuJRouEOr IuPsnZeaGtwuCPowkZEDPW mOPm EFJyP 
KJFsJ poaG TVuWZKHwjUujWRxwRxRpFnGtU bETtk SEvPGvCBAnaJInkyvUkQlf qyMkPmJHNyobn xOkMbMKWmhUZpzZkuJRouEOr IuPsnZeaGtwuCPowkZEDPW mOPm EFJyP gMKUUDlNLMmKOhTzSONE 
