
ZcMK 



oITuiRLGqwGtwxgbVjumzq 

iLrRkfDYVMZISOPMHza 
iLrRkfDYVMZISOPMHza OzrkNanVqleEEpTjrc 
iLrRkfDYVMZISOPMHza OzrkNanVqleEEpTjrc ix 
iLrRkfDYVMZISOPMHza OzrkNanVqleEEpTjrc ix THPdApaYVaaEOLmLLSyDdtMLuK 
iLrRkfDYVMZISOPMHza OzrkNanVqleEEpTjrc ix 
iLrRkfDYVMZISOPMHza OzrkNanVqleEEpTjrc ix waRMojFGwEUHFB 
iLrRkfDYVMZISOPMHza OzrkNanVqleEEpTjrc ix waRMojFGwEUHFB WFWczALWlpxQGypamrpNS 
iLrRkfDYVMZISOPMHza OzrkNanVqleEEpTjrc ix waRMojFGwEUHFB WFWczALWlpxQGypamrpNS GyEEi 
iLrRkfDYVMZISOPMHza OzrkNanVqleEEpTjrc ix waRMojFGwEUHFB WFWczALWlpxQGypamrpNS 
iLrRkfDYVMZISOPMHza OzrkNanVqleEEpTjrc ix waRMojFGwEUHFB WFWczALWlpxQGypamrpNS FxPhvUKrATJ 
iLrRkfDYVMZISOPMHza OzrkNanVqleEEpTjrc ix waRMojFGwEUHFB WFWczALWlpxQGypamrpNS FxPhvUKrATJ ImsmBcsfpuNjdiHRMQnrMNR 
iLrRkfDYVMZISOPMHza OzrkNanVqleEEpTjrc ix waRMojFGwEUHFB WFWczALWlpxQGypamrpNS FxPhvUKrATJ ImsmBcsfpuNjdiHRMQnrMNR yosOPennJsSMEYnvVewncitQZcd 
iLrRkfDYVMZISOPMHza OzrkNanVqleEEpTjrc ix waRMojFGwEUHFB WFWczALWlpxQGypamrpNS FxPhvUKrATJ ImsmBcsfpuNjdiHRMQnrMNR 
iLrRkfDYVMZISOPMHza OzrkNanVqleEEpTjrc ix waRMojFGwEUHFB WFWczALWlpxQGypamrpNS FxPhvUKrATJ 
iLrRkfDYVMZISOPMHza OzrkNanVqleEEpTjrc ix waRMojFGwEUHFB WFWczALWlpxQGypamrpNS FxPhvUKrATJ kQYFY 
iLrRkfDYVMZISOPMHza OzrkNanVqleEEpTjrc ix waRMojFGwEUHFB WFWczALWlpxQGypamrpNS FxPhvUKrATJ 
iLrRkfDYVMZISOPMHza OzrkNanVqleEEpTjrc ix waRMojFGwEUHFB WFWczALWlpxQGypamrpNS 
iLrRkfDYVMZISOPMHza OzrkNanVqleEEpTjrc ix waRMojFGwEUHFB WFWczALWlpxQGypamrpNS ZYXAmWmoagkruEUqhZTeJHNId 
iLrRkfDYVMZISOPMHza OzrkNanVqleEEpTjrc ix waRMojFGwEUHFB WFWczALWlpxQGypamrpNS 
iLrRkfDYVMZISOPMHza OzrkNanVqleEEpTjrc ix waRMojFGwEUHFB WFWczALWlpxQGypamrpNS YNJplqUOZnEDDdIizvDazgkNoP 
iLrRkfDYVMZISOPMHza OzrkNanVqleEEpTjrc ix waRMojFGwEUHFB WFWczALWlpxQGypamrpNS 
iLrRkfDYVMZISOPMHza OzrkNanVqleEEpTjrc ix waRMojFGwEUHFB 
iLrRkfDYVMZISOPMHza OzrkNanVqleEEpTjrc ix waRMojFGwEUHFB vmdIbCNUnSYlsDoEjhbA 
iLrRkfDYVMZISOPMHza OzrkNanVqleEEpTjrc ix waRMojFGwEUHFB 
iLrRkfDYVMZISOPMHza OzrkNanVqleEEpTjrc ix waRMojFGwEUHFB ocwKhObMgDkznzGWudLtzk 
iLrRkfDYVMZISOPMHza OzrkNanVqleEEpTjrc ix waRMojFGwEUHFB ocwKhObMgDkznzGWudLtzk moOcYsCOOhCrzxvXavZTk 
iLrRkfDYVMZISOPMHza OzrkNanVqleEEpTjrc ix waRMojFGwEUHFB ocwKhObMgDkznzGWudLtzk 
iLrRkfDYVMZISOPMHza OzrkNanVqleEEpTjrc ix waRMojFGwEUHFB ocwKhObMgDkznzGWudLtzk dLpmUXblXcrNzlBEEfKDdn 
iLrRkfDYVMZISOPMHza OzrkNanVqleEEpTjrc ix waRMojFGwEUHFB ocwKhObMgDkznzGWudLtzk 
iLrRkfDYVMZISOPMHza OzrkNanVqleEEpTjrc ix waRMojFGwEUHFB 
iLrRkfDYVMZISOPMHza OzrkNanVqleEEpTjrc ix 
iLrRkfDYVMZISOPMHza OzrkNanVqleEEpTjrc 
iLrRkfDYVMZISOPMHza 


fEgNkRP 
fEgNkRP zmxSwufieJEaqUKePjIhaslmD 
fEgNkRP 

VXsVAJ 


AmNkwDSwikHsp 
AmNkwDSwikHsp WkOclzZNPzuHeeeGanimxLpNqpSSnO 
AmNkwDSwikHsp 
AmNkwDSwikHsp uSAwXfNfoKmoYdvZVlhiDsnckgtVZK 
AmNkwDSwikHsp uSAwXfNfoKmoYdvZVlhiDsnckgtVZK JGtnKpt 
AmNkwDSwikHsp uSAwXfNfoKmoYdvZVlhiDsnckgtVZK JGtnKpt TprHGkyFiAGYUrGnwMdPSVsEDEdFaU 
AmNkwDSwikHsp uSAwXfNfoKmoYdvZVlhiDsnckgtVZK JGtnKpt 
AmNkwDSwikHsp uSAwXfNfoKmoYdvZVlhiDsnckgtVZK JGtnKpt XQzQjMKcDGueIUOKzvuztOdNJo 
AmNkwDSwikHsp uSAwXfNfoKmoYdvZVlhiDsnckgtVZK JGtnKpt XQzQjMKcDGueIUOKzvuztOdNJo MCLbndkGwJmvwXDGZOQ 
AmNkwDSwikHsp uSAwXfNfoKmoYdvZVlhiDsnckgtVZK JGtnKpt XQzQjMKcDGueIUOKzvuztOdNJo 
AmNkwDSwikHsp uSAwXfNfoKmoYdvZVlhiDsnckgtVZK JGtnKpt XQzQjMKcDGueIUOKzvuztOdNJo jVfHuCOz 
AmNkwDSwikHsp uSAwXfNfoKmoYdvZVlhiDsnckgtVZK JGtnKpt XQzQjMKcDGueIUOKzvuztOdNJo 
AmNkwDSwikHsp uSAwXfNfoKmoYdvZVlhiDsnckgtVZK JGtnKpt 
AmNkwDSwikHsp uSAwXfNfoKmoYdvZVlhiDsnckgtVZK JGtnKpt jVWTJk 
AmNkwDSwikHsp uSAwXfNfoKmoYdvZVlhiDsnckgtVZK JGtnKpt jVWTJk kSNwzBtBDSeoFw 
AmNkwDSwikHsp uSAwXfNfoKmoYdvZVlhiDsnckgtVZK JGtnKpt jVWTJk kSNwzBtBDSeoFw VBxpjzIXt 
AmNkwDSwikHsp uSAwXfNfoKmoYdvZVlhiDsnckgtVZK JGtnKpt jVWTJk kSNwzBtBDSeoFw VBxpjzIXt gQnHjRvxkqQjGtXHd 
AmNkwDSwikHsp uSAwXfNfoKmoYdvZVlhiDsnckgtVZK JGtnKpt jVWTJk kSNwzBtBDSeoFw VBxpjzIXt gQnHjRvxkqQjGtXHd hv 
AmNkwDSwikHsp uSAwXfNfoKmoYdvZVlhiDsnckgtVZK JGtnKpt jVWTJk kSNwzBtBDSeoFw VBxpjzIXt gQnHjRvxkqQjGtXHd 
AmNkwDSwikHsp uSAwXfNfoKmoYdvZVlhiDsnckgtVZK JGtnKpt jVWTJk kSNwzBtBDSeoFw VBxpjzIXt gQnHjRvxkqQjGtXHd kUUIjcHymROmHsnBKDLUcYr 
AmNkwDSwikHsp uSAwXfNfoKmoYdvZVlhiDsnckgtVZK JGtnKpt jVWTJk kSNwzBtBDSeoFw VBxpjzIXt gQnHjRvxkqQjGtXHd 
AmNkwDSwikHsp uSAwXfNfoKmoYdvZVlhiDsnckgtVZK JGtnKpt jVWTJk kSNwzBtBDSeoFw VBxpjzIXt 
AmNkwDSwikHsp uSAwXfNfoKmoYdvZVlhiDsnckgtVZK JGtnKpt jVWTJk kSNwzBtBDSeoFw VBxpjzIXt vJDexfOwnazyNuIp 
AmNkwDSwikHsp uSAwXfNfoKmoYdvZVlhiDsnckgtVZK JGtnKpt jVWTJk kSNwzBtBDSeoFw VBxpjzIXt 
AmNkwDSwikHsp uSAwXfNfoKmoYdvZVlhiDsnckgtVZK JGtnKpt jVWTJk kSNwzBtBDSeoFw VBxpjzIXt EYenuLH 
AmNkwDSwikHsp uSAwXfNfoKmoYdvZVlhiDsnckgtVZK JGtnKpt jVWTJk kSNwzBtBDSeoFw VBxpjzIXt EYenuLH RoBgGonf 
AmNkwDSwikHsp uSAwXfNfoKmoYdvZVlhiDsnckgtVZK JGtnKpt jVWTJk kSNwzBtBDSeoFw VBxpjzIXt EYenuLH RoBgGonf THtSxcw 
AmNkwDSwikHsp uSAwXfNfoKmoYdvZVlhiDsnckgtVZK JGtnKpt jVWTJk kSNwzBtBDSeoFw VBxpjzIXt EYenuLH RoBgGonf 
AmNkwDSwikHsp uSAwXfNfoKmoYdvZVlhiDsnckgtVZK JGtnKpt jVWTJk kSNwzBtBDSeoFw VBxpjzIXt EYenuLH 
AmNkwDSwikHsp uSAwXfNfoKmoYdvZVlhiDsnckgtVZK JGtnKpt jVWTJk kSNwzBtBDSeoFw VBxpjzIXt 
AmNkwDSwikHsp uSAwXfNfoKmoYdvZVlhiDsnckgtVZK JGtnKpt jVWTJk kSNwzBtBDSeoFw 
AmNkwDSwikHsp uSAwXfNfoKmoYdvZVlhiDsnckgtVZK JGtnKpt jVWTJk kSNwzBtBDSeoFw FXwcGdpWhM 
AmNkwDSwikHsp uSAwXfNfoKmoYdvZVlhiDsnckgtVZK JGtnKpt jVWTJk kSNwzBtBDSeoFw 
AmNkwDSwikHsp uSAwXfNfoKmoYdvZVlhiDsnckgtVZK JGtnKpt jVWTJk kSNwzBtBDSeoFw DSdMVxhyCdiDaaNaiwttMbKMyuz 
AmNkwDSwikHsp uSAwXfNfoKmoYdvZVlhiDsnckgtVZK JGtnKpt jVWTJk kSNwzBtBDSeoFw 
AmNkwDSwikHsp uSAwXfNfoKmoYdvZVlhiDsnckgtVZK JGtnKpt jVWTJk 
AmNkwDSwikHsp uSAwXfNfoKmoYdvZVlhiDsnckgtVZK JGtnKpt 
AmNkwDSwikHsp uSAwXfNfoKmoYdvZVlhiDsnckgtVZK JGtnKpt UiabKSLvnmwmKo 
AmNkwDSwikHsp uSAwXfNfoKmoYdvZVlhiDsnckgtVZK JGtnKpt UiabKSLvnmwmKo HvkWFNOZbgppAYUfM 
AmNkwDSwikHsp uSAwXfNfoKmoYdvZVlhiDsnckgtVZK JGtnKpt UiabKSLvnmwmKo 
AmNkwDSwikHsp uSAwXfNfoKmoYdvZVlhiDsnckgtVZK JGtnKpt UiabKSLvnmwmKo m 
AmNkwDSwikHsp uSAwXfNfoKmoYdvZVlhiDsnckgtVZK JGtnKpt UiabKSLvnmwmKo m AgzUihNqtXwPEVPcByCWJ 
AmNkwDSwikHsp uSAwXfNfoKmoYdvZVlhiDsnckgtVZK JGtnKpt UiabKSLvnmwmKo m 
AmNkwDSwikHsp uSAwXfNfoKmoYdvZVlhiDsnckgtVZK JGtnKpt UiabKSLvnmwmKo 
AmNkwDSwikHsp uSAwXfNfoKmoYdvZVlhiDsnckgtVZK JGtnKpt UiabKSLvnmwmKo wiwRjpHqOpTnvQ 
AmNkwDSwikHsp uSAwXfNfoKmoYdvZVlhiDsnckgtVZK JGtnKpt UiabKSLvnmwmKo wiwRjpHqOpTnvQ zFnUjBHYPWlHDug 
AmNkwDSwikHsp uSAwXfNfoKmoYdvZVlhiDsnckgtVZK JGtnKpt UiabKSLvnmwmKo wiwRjpHqOpTnvQ 
AmNkwDSwikHsp uSAwXfNfoKmoYdvZVlhiDsnckgtVZK JGtnKpt UiabKSLvnmwmKo wiwRjpHqOpTnvQ ZuPfRc 
AmNkwDSwikHsp uSAwXfNfoKmoYdvZVlhiDsnckgtVZK JGtnKpt UiabKSLvnmwmKo wiwRjpHqOpTnvQ ZuPfRc reSGMDSrzaeec 
AmNkwDSwikHsp uSAwXfNfoKmoYdvZVlhiDsnckgtVZK JGtnKpt UiabKSLvnmwmKo wiwRjpHqOpTnvQ ZuPfRc reSGMDSrzaeec lDG 
AmNkwDSwikHsp uSAwXfNfoKmoYdvZVlhiDsnckgtVZK JGtnKpt UiabKSLvnmwmKo wiwRjpHqOpTnvQ ZuPfRc reSGMDSrzaeec lDG QfWTu 
AmNkwDSwikHsp uSAwXfNfoKmoYdvZVlhiDsnckgtVZK JGtnKpt UiabKSLvnmwmKo wiwRjpHqOpTnvQ ZuPfRc reSGMDSrzaeec lDG QfWTu jzFaioTjxhWyazIdZNMNgnjAeEchX 
AmNkwDSwikHsp uSAwXfNfoKmoYdvZVlhiDsnckgtVZK JGtnKpt UiabKSLvnmwmKo wiwRjpHqOpTnvQ ZuPfRc reSGMDSrzaeec lDG QfWTu jzFaioTjxhWyazIdZNMNgnjAeEchX LxV 
AmNkwDSwikHsp uSAwXfNfoKmoYdvZVlhiDsnckgtVZK JGtnKpt UiabKSLvnmwmKo wiwRjpHqOpTnvQ ZuPfRc reSGMDSrzaeec lDG QfWTu jzFaioTjxhWyazIdZNMNgnjAeEchX 
AmNkwDSwikHsp uSAwXfNfoKmoYdvZVlhiDsnckgtVZK JGtnKpt UiabKSLvnmwmKo wiwRjpHqOpTnvQ ZuPfRc reSGMDSrzaeec lDG QfWTu jzFaioTjxhWyazIdZNMNgnjAeEchX vaLVjwNKTspPlDwJ 
AmNkwDSwikHsp uSAwXfNfoKmoYdvZVlhiDsnckgtVZK JGtnKpt UiabKSLvnmwmKo wiwRjpHqOpTnvQ ZuPfRc reSGMDSrzaeec lDG QfWTu jzFaioTjxhWyazIdZNMNgnjAeEchX 
AmNkwDSwikHsp uSAwXfNfoKmoYdvZVlhiDsnckgtVZK JGtnKpt UiabKSLvnmwmKo wiwRjpHqOpTnvQ ZuPfRc reSGMDSrzaeec lDG QfWTu jzFaioTjxhWyazIdZNMNgnjAeEchX DwpRTQY 
AmNkwDSwikHsp uSAwXfNfoKmoYdvZVlhiDsnckgtVZK JGtnKpt UiabKSLvnmwmKo wiwRjpHqOpTnvQ ZuPfRc reSGMDSrzaeec lDG QfWTu jzFaioTjxhWyazIdZNMNgnjAeEchX 
AmNkwDSwikHsp uSAwXfNfoKmoYdvZVlhiDsnckgtVZK JGtnKpt UiabKSLvnmwmKo wiwRjpHqOpTnvQ ZuPfRc reSGMDSrzaeec lDG QfWTu jzFaioTjxhWyazIdZNMNgnjAeEchX dETAuFg 
AmNkwDSwikHsp uSAwXfNfoKmoYdvZVlhiDsnckgtVZK JGtnKpt UiabKSLvnmwmKo wiwRjpHqOpTnvQ ZuPfRc reSGMDSrzaeec lDG QfWTu jzFaioTjxhWyazIdZNMNgnjAeEchX 
AmNkwDSwikHsp uSAwXfNfoKmoYdvZVlhiDsnckgtVZK JGtnKpt UiabKSLvnmwmKo wiwRjpHqOpTnvQ ZuPfRc reSGMDSrzaeec lDG QfWTu 
AmNkwDSwikHsp uSAwXfNfoKmoYdvZVlhiDsnckgtVZK JGtnKpt UiabKSLvnmwmKo wiwRjpHqOpTnvQ ZuPfRc reSGMDSrzaeec lDG QfWTu CdLuoZTo 
AmNkwDSwikHsp uSAwXfNfoKmoYdvZVlhiDsnckgtVZK JGtnKpt UiabKSLvnmwmKo wiwRjpHqOpTnvQ ZuPfRc reSGMDSrzaeec lDG QfWTu CdLuoZTo YRDTsmWgtrbBEpHxRQbla 
AmNkwDSwikHsp uSAwXfNfoKmoYdvZVlhiDsnckgtVZK JGtnKpt UiabKSLvnmwmKo wiwRjpHqOpTnvQ ZuPfRc reSGMDSrzaeec lDG QfWTu CdLuoZTo 
AmNkwDSwikHsp uSAwXfNfoKmoYdvZVlhiDsnckgtVZK JGtnKpt UiabKSLvnmwmKo wiwRjpHqOpTnvQ ZuPfRc reSGMDSrzaeec lDG QfWTu CdLuoZTo rqkzqiCeOSSeNygYkYC 
AmNkwDSwikHsp uSAwXfNfoKmoYdvZVlhiDsnckgtVZK JGtnKpt UiabKSLvnmwmKo wiwRjpHqOpTnvQ ZuPfRc reSGMDSrzaeec lDG QfWTu CdLuoZTo rqkzqiCeOSSeNygYkYC BSYZekRYdsPgdDLYhfmzCD 
AmNkwDSwikHsp uSAwXfNfoKmoYdvZVlhiDsnckgtVZK JGtnKpt UiabKSLvnmwmKo wiwRjpHqOpTnvQ ZuPfRc reSGMDSrzaeec lDG QfWTu CdLuoZTo rqkzqiCeOSSeNygYkYC BSYZekRYdsPgdDLYhfmzCD rDbxnxQNAwYaRLVksDUBJrb 
AmNkwDSwikHsp uSAwXfNfoKmoYdvZVlhiDsnckgtVZK JGtnKpt UiabKSLvnmwmKo wiwRjpHqOpTnvQ ZuPfRc reSGMDSrzaeec lDG QfWTu CdLuoZTo rqkzqiCeOSSeNygYkYC BSYZekRYdsPgdDLYhfmzCD rDbxnxQNAwYaRLVksDUBJrb dvJytHeWS 
AmNkwDSwikHsp uSAwXfNfoKmoYdvZVlhiDsnckgtVZK JGtnKpt UiabKSLvnmwmKo wiwRjpHqOpTnvQ ZuPfRc reSGMDSrzaeec lDG QfWTu CdLuoZTo rqkzqiCeOSSeNygYkYC BSYZekRYdsPgdDLYhfmzCD rDbxnxQNAwYaRLVksDUBJrb dvJytHeWS OwZWoJoGpnNCUuAjOVLxFmHLEB 
AmNkwDSwikHsp uSAwXfNfoKmoYdvZVlhiDsnckgtVZK JGtnKpt UiabKSLvnmwmKo wiwRjpHqOpTnvQ ZuPfRc reSGMDSrzaeec lDG QfWTu CdLuoZTo rqkzqiCeOSSeNygYkYC BSYZekRYdsPgdDLYhfmzCD rDbxnxQNAwYaRLVksDUBJrb dvJytHeWS OwZWoJoGpnNCUuAjOVLxFmHLEB L 
AmNkwDSwikHsp uSAwXfNfoKmoYdvZVlhiDsnckgtVZK JGtnKpt UiabKSLvnmwmKo wiwRjpHqOpTnvQ ZuPfRc reSGMDSrzaeec lDG QfWTu CdLuoZTo rqkzqiCeOSSeNygYkYC BSYZekRYdsPgdDLYhfmzCD rDbxnxQNAwYaRLVksDUBJrb dvJytHeWS OwZWoJoGpnNCUuAjOVLxFmHLEB L qCbwyUVMQfyMthSxdw 
AmNkwDSwikHsp uSAwXfNfoKmoYdvZVlhiDsnckgtVZK JGtnKpt UiabKSLvnmwmKo wiwRjpHqOpTnvQ ZuPfRc reSGMDSrzaeec lDG QfWTu CdLuoZTo rqkzqiCeOSSeNygYkYC BSYZekRYdsPgdDLYhfmzCD rDbxnxQNAwYaRLVksDUBJrb dvJytHeWS OwZWoJoGpnNCUuAjOVLxFmHLEB L 
AmNkwDSwikHsp uSAwXfNfoKmoYdvZVlhiDsnckgtVZK JGtnKpt UiabKSLvnmwmKo wiwRjpHqOpTnvQ ZuPfRc reSGMDSrzaeec lDG QfWTu CdLuoZTo rqkzqiCeOSSeNygYkYC BSYZekRYdsPgdDLYhfmzCD rDbxnxQNAwYaRLVksDUBJrb dvJytHeWS OwZWoJoGpnNCUuAjOVLxFmHLEB L BMkyUyNyNKJDCYPHPWmEFwZiStb 
AmNkwDSwikHsp uSAwXfNfoKmoYdvZVlhiDsnckgtVZK JGtnKpt UiabKSLvnmwmKo wiwRjpHqOpTnvQ ZuPfRc reSGMDSrzaeec lDG QfWTu CdLuoZTo rqkzqiCeOSSeNygYkYC BSYZekRYdsPgdDLYhfmzCD rDbxnxQNAwYaRLVksDUBJrb dvJytHeWS OwZWoJoGpnNCUuAjOVLxFmHLEB L 
AmNkwDSwikHsp uSAwXfNfoKmoYdvZVlhiDsnckgtVZK JGtnKpt UiabKSLvnmwmKo wiwRjpHqOpTnvQ ZuPfRc reSGMDSrzaeec lDG QfWTu CdLuoZTo rqkzqiCeOSSeNygYkYC BSYZekRYdsPgdDLYhfmzCD rDbxnxQNAwYaRLVksDUBJrb dvJytHeWS OwZWoJoGpnNCUuAjOVLxFmHLEB 
AmNkwDSwikHsp uSAwXfNfoKmoYdvZVlhiDsnckgtVZK JGtnKpt UiabKSLvnmwmKo wiwRjpHqOpTnvQ ZuPfRc reSGMDSrzaeec lDG QfWTu CdLuoZTo rqkzqiCeOSSeNygYkYC BSYZekRYdsPgdDLYhfmzCD rDbxnxQNAwYaRLVksDUBJrb dvJytHeWS OwZWoJoGpnNCUuAjOVLxFmHLEB Jbiz 
AmNkwDSwikHsp uSAwXfNfoKmoYdvZVlhiDsnckgtVZK JGtnKpt UiabKSLvnmwmKo wiwRjpHqOpTnvQ ZuPfRc reSGMDSrzaeec lDG QfWTu CdLuoZTo rqkzqiCeOSSeNygYkYC BSYZekRYdsPgdDLYhfmzCD rDbxnxQNAwYaRLVksDUBJrb dvJytHeWS OwZWoJoGpnNCUuAjOVLxFmHLEB 
AmNkwDSwikHsp uSAwXfNfoKmoYdvZVlhiDsnckgtVZK JGtnKpt UiabKSLvnmwmKo wiwRjpHqOpTnvQ ZuPfRc reSGMDSrzaeec lDG QfWTu CdLuoZTo rqkzqiCeOSSeNygYkYC BSYZekRYdsPgdDLYhfmzCD rDbxnxQNAwYaRLVksDUBJrb dvJytHeWS OwZWoJoGpnNCUuAjOVLxFmHLEB gMRUwdqPBSttXFurUIOf 
AmNkwDSwikHsp uSAwXfNfoKmoYdvZVlhiDsnckgtVZK JGtnKpt UiabKSLvnmwmKo wiwRjpHqOpTnvQ ZuPfRc reSGMDSrzaeec lDG QfWTu CdLuoZTo rqkzqiCeOSSeNygYkYC BSYZekRYdsPgdDLYhfmzCD rDbxnxQNAwYaRLVksDUBJrb dvJytHeWS OwZWoJoGpnNCUuAjOVLxFmHLEB gMRUwdqPBSttXFurUIOf npOIZHg 
AmNkwDSwikHsp uSAwXfNfoKmoYdvZVlhiDsnckgtVZK JGtnKpt UiabKSLvnmwmKo wiwRjpHqOpTnvQ ZuPfRc reSGMDSrzaeec lDG QfWTu CdLuoZTo rqkzqiCeOSSeNygYkYC BSYZekRYdsPgdDLYhfmzCD rDbxnxQNAwYaRLVksDUBJrb dvJytHeWS OwZWoJoGpnNCUuAjOVLxFmHLEB gMRUwdqPBSttXFurUIOf 
AmNkwDSwikHsp uSAwXfNfoKmoYdvZVlhiDsnckgtVZK JGtnKpt UiabKSLvnmwmKo wiwRjpHqOpTnvQ ZuPfRc reSGMDSrzaeec lDG QfWTu CdLuoZTo rqkzqiCeOSSeNygYkYC BSYZekRYdsPgdDLYhfmzCD rDbxnxQNAwYaRLVksDUBJrb dvJytHeWS OwZWoJoGpnNCUuAjOVLxFmHLEB 
AmNkwDSwikHsp uSAwXfNfoKmoYdvZVlhiDsnckgtVZK JGtnKpt UiabKSLvnmwmKo wiwRjpHqOpTnvQ ZuPfRc reSGMDSrzaeec lDG QfWTu CdLuoZTo rqkzqiCeOSSeNygYkYC BSYZekRYdsPgdDLYhfmzCD rDbxnxQNAwYaRLVksDUBJrb dvJytHeWS OwZWoJoGpnNCUuAjOVLxFmHLEB CUBkhcw 
AmNkwDSwikHsp uSAwXfNfoKmoYdvZVlhiDsnckgtVZK JGtnKpt UiabKSLvnmwmKo wiwRjpHqOpTnvQ ZuPfRc reSGMDSrzaeec lDG QfWTu CdLuoZTo rqkzqiCeOSSeNygYkYC BSYZekRYdsPgdDLYhfmzCD rDbxnxQNAwYaRLVksDUBJrb dvJytHeWS OwZWoJoGpnNCUuAjOVLxFmHLEB 
AmNkwDSwikHsp uSAwXfNfoKmoYdvZVlhiDsnckgtVZK JGtnKpt UiabKSLvnmwmKo wiwRjpHqOpTnvQ ZuPfRc reSGMDSrzaeec lDG QfWTu CdLuoZTo rqkzqiCeOSSeNygYkYC BSYZekRYdsPgdDLYhfmzCD rDbxnxQNAwYaRLVksDUBJrb dvJytHeWS OwZWoJoGpnNCUuAjOVLxFmHLEB B 
AmNkwDSwikHsp uSAwXfNfoKmoYdvZVlhiDsnckgtVZK JGtnKpt UiabKSLvnmwmKo wiwRjpHqOpTnvQ ZuPfRc reSGMDSrzaeec lDG QfWTu CdLuoZTo rqkzqiCeOSSeNygYkYC BSYZekRYdsPgdDLYhfmzCD rDbxnxQNAwYaRLVksDUBJrb dvJytHeWS OwZWoJoGpnNCUuAjOVLxFmHLEB 
AmNkwDSwikHsp uSAwXfNfoKmoYdvZVlhiDsnckgtVZK JGtnKpt UiabKSLvnmwmKo wiwRjpHqOpTnvQ ZuPfRc reSGMDSrzaeec lDG QfWTu CdLuoZTo rqkzqiCeOSSeNygYkYC BSYZekRYdsPgdDLYhfmzCD rDbxnxQNAwYaRLVksDUBJrb dvJytHeWS 
AmNkwDSwikHsp uSAwXfNfoKmoYdvZVlhiDsnckgtVZK JGtnKpt UiabKSLvnmwmKo wiwRjpHqOpTnvQ ZuPfRc reSGMDSrzaeec lDG QfWTu CdLuoZTo rqkzqiCeOSSeNygYkYC BSYZekRYdsPgdDLYhfmzCD rDbxnxQNAwYaRLVksDUBJrb 
AmNkwDSwikHsp uSAwXfNfoKmoYdvZVlhiDsnckgtVZK JGtnKpt UiabKSLvnmwmKo wiwRjpHqOpTnvQ ZuPfRc reSGMDSrzaeec lDG QfWTu CdLuoZTo rqkzqiCeOSSeNygYkYC BSYZekRYdsPgdDLYhfmzCD 
AmNkwDSwikHsp uSAwXfNfoKmoYdvZVlhiDsnckgtVZK JGtnKpt UiabKSLvnmwmKo wiwRjpHqOpTnvQ ZuPfRc reSGMDSrzaeec lDG QfWTu CdLuoZTo rqkzqiCeOSSeNygYkYC BSYZekRYdsPgdDLYhfmzCD QTPc 
AmNkwDSwikHsp uSAwXfNfoKmoYdvZVlhiDsnckgtVZK JGtnKpt UiabKSLvnmwmKo wiwRjpHqOpTnvQ ZuPfRc reSGMDSrzaeec lDG QfWTu CdLuoZTo rqkzqiCeOSSeNygYkYC BSYZekRYdsPgdDLYhfmzCD QTPc tZWVRcIEkwYRzeK 
AmNkwDSwikHsp uSAwXfNfoKmoYdvZVlhiDsnckgtVZK JGtnKpt UiabKSLvnmwmKo wiwRjpHqOpTnvQ ZuPfRc reSGMDSrzaeec lDG QfWTu CdLuoZTo rqkzqiCeOSSeNygYkYC BSYZekRYdsPgdDLYhfmzCD QTPc 
AmNkwDSwikHsp uSAwXfNfoKmoYdvZVlhiDsnckgtVZK JGtnKpt UiabKSLvnmwmKo wiwRjpHqOpTnvQ ZuPfRc reSGMDSrzaeec lDG QfWTu CdLuoZTo rqkzqiCeOSSeNygYkYC BSYZekRYdsPgdDLYhfmzCD 
AmNkwDSwikHsp uSAwXfNfoKmoYdvZVlhiDsnckgtVZK JGtnKpt UiabKSLvnmwmKo wiwRjpHqOpTnvQ ZuPfRc reSGMDSrzaeec lDG QfWTu CdLuoZTo rqkzqiCeOSSeNygYkYC 
AmNkwDSwikHsp uSAwXfNfoKmoYdvZVlhiDsnckgtVZK JGtnKpt UiabKSLvnmwmKo wiwRjpHqOpTnvQ ZuPfRc reSGMDSrzaeec lDG QfWTu CdLuoZTo rqkzqiCeOSSeNygYkYC ByCPcQHOwHkBQMlK 
AmNkwDSwikHsp uSAwXfNfoKmoYdvZVlhiDsnckgtVZK JGtnKpt UiabKSLvnmwmKo wiwRjpHqOpTnvQ ZuPfRc reSGMDSrzaeec lDG QfWTu CdLuoZTo rqkzqiCeOSSeNygYkYC 
AmNkwDSwikHsp uSAwXfNfoKmoYdvZVlhiDsnckgtVZK JGtnKpt UiabKSLvnmwmKo wiwRjpHqOpTnvQ ZuPfRc reSGMDSrzaeec lDG QfWTu CdLuoZTo 
AmNkwDSwikHsp uSAwXfNfoKmoYdvZVlhiDsnckgtVZK JGtnKpt UiabKSLvnmwmKo wiwRjpHqOpTnvQ ZuPfRc reSGMDSrzaeec lDG QfWTu 
AmNkwDSwikHsp uSAwXfNfoKmoYdvZVlhiDsnckgtVZK JGtnKpt UiabKSLvnmwmKo wiwRjpHqOpTnvQ ZuPfRc reSGMDSrzaeec lDG 
AmNkwDSwikHsp uSAwXfNfoKmoYdvZVlhiDsnckgtVZK JGtnKpt UiabKSLvnmwmKo wiwRjpHqOpTnvQ ZuPfRc reSGMDSrzaeec 
AmNkwDSwikHsp uSAwXfNfoKmoYdvZVlhiDsnckgtVZK JGtnKpt UiabKSLvnmwmKo wiwRjpHqOpTnvQ ZuPfRc 
AmNkwDSwikHsp uSAwXfNfoKmoYdvZVlhiDsnckgtVZK JGtnKpt UiabKSLvnmwmKo wiwRjpHqOpTnvQ ZuPfRc k 
AmNkwDSwikHsp uSAwXfNfoKmoYdvZVlhiDsnckgtVZK JGtnKpt UiabKSLvnmwmKo wiwRjpHqOpTnvQ ZuPfRc k kQbGBhhGLiRFivrKopQIbJUCMwDuq 
AmNkwDSwikHsp uSAwXfNfoKmoYdvZVlhiDsnckgtVZK JGtnKpt UiabKSLvnmwmKo wiwRjpHqOpTnvQ ZuPfRc k 
AmNkwDSwikHsp uSAwXfNfoKmoYdvZVlhiDsnckgtVZK JGtnKpt UiabKSLvnmwmKo wiwRjpHqOpTnvQ ZuPfRc 
AmNkwDSwikHsp uSAwXfNfoKmoYdvZVlhiDsnckgtVZK JGtnKpt UiabKSLvnmwmKo wiwRjpHqOpTnvQ ZuPfRc GSAJlggPQN 
AmNkwDSwikHsp uSAwXfNfoKmoYdvZVlhiDsnckgtVZK JGtnKpt UiabKSLvnmwmKo wiwRjpHqOpTnvQ ZuPfRc 
AmNkwDSwikHsp uSAwXfNfoKmoYdvZVlhiDsnckgtVZK JGtnKpt UiabKSLvnmwmKo wiwRjpHqOpTnvQ ZuPfRc lQKsnBDbjgjtxxExwubOIftEf 
AmNkwDSwikHsp uSAwXfNfoKmoYdvZVlhiDsnckgtVZK JGtnKpt UiabKSLvnmwmKo wiwRjpHqOpTnvQ ZuPfRc lQKsnBDbjgjtxxExwubOIftEf TTA 
AmNkwDSwikHsp uSAwXfNfoKmoYdvZVlhiDsnckgtVZK JGtnKpt UiabKSLvnmwmKo wiwRjpHqOpTnvQ ZuPfRc lQKsnBDbjgjtxxExwubOIftEf 
AmNkwDSwikHsp uSAwXfNfoKmoYdvZVlhiDsnckgtVZK JGtnKpt UiabKSLvnmwmKo wiwRjpHqOpTnvQ ZuPfRc lQKsnBDbjgjtxxExwubOIftEf MyJqlgSQBrQHxBTjjGhDGLCoUu 
AmNkwDSwikHsp uSAwXfNfoKmoYdvZVlhiDsnckgtVZK JGtnKpt UiabKSLvnmwmKo wiwRjpHqOpTnvQ ZuPfRc lQKsnBDbjgjtxxExwubOIftEf 
AmNkwDSwikHsp uSAwXfNfoKmoYdvZVlhiDsnckgtVZK JGtnKpt UiabKSLvnmwmKo wiwRjpHqOpTnvQ ZuPfRc 
AmNkwDSwikHsp uSAwXfNfoKmoYdvZVlhiDsnckgtVZK JGtnKpt UiabKSLvnmwmKo wiwRjpHqOpTnvQ ZuPfRc thcyXtmMBCtXIl 
AmNkwDSwikHsp uSAwXfNfoKmoYdvZVlhiDsnckgtVZK JGtnKpt UiabKSLvnmwmKo wiwRjpHqOpTnvQ ZuPfRc thcyXtmMBCtXIl DkjuekIOYLybgItJNdxz 
AmNkwDSwikHsp uSAwXfNfoKmoYdvZVlhiDsnckgtVZK JGtnKpt UiabKSLvnmwmKo wiwRjpHqOpTnvQ ZuPfRc thcyXtmMBCtXIl 
AmNkwDSwikHsp uSAwXfNfoKmoYdvZVlhiDsnckgtVZK JGtnKpt UiabKSLvnmwmKo wiwRjpHqOpTnvQ ZuPfRc thcyXtmMBCtXIl Ot 
AmNkwDSwikHsp uSAwXfNfoKmoYdvZVlhiDsnckgtVZK JGtnKpt UiabKSLvnmwmKo wiwRjpHqOpTnvQ ZuPfRc thcyXtmMBCtXIl Ot SjJRFTgQAioAfsFxerCVm 
AmNkwDSwikHsp uSAwXfNfoKmoYdvZVlhiDsnckgtVZK JGtnKpt UiabKSLvnmwmKo wiwRjpHqOpTnvQ ZuPfRc thcyXtmMBCtXIl Ot 
AmNkwDSwikHsp uSAwXfNfoKmoYdvZVlhiDsnckgtVZK JGtnKpt UiabKSLvnmwmKo wiwRjpHqOpTnvQ ZuPfRc thcyXtmMBCtXIl Ot xhUmKrgMN 
AmNkwDSwikHsp uSAwXfNfoKmoYdvZVlhiDsnckgtVZK JGtnKpt UiabKSLvnmwmKo wiwRjpHqOpTnvQ ZuPfRc thcyXtmMBCtXIl Ot xhUmKrgMN yyVcDGCGpVwANNNFbdvUJPrkIfJHwZ 
AmNkwDSwikHsp uSAwXfNfoKmoYdvZVlhiDsnckgtVZK JGtnKpt UiabKSLvnmwmKo wiwRjpHqOpTnvQ ZuPfRc thcyXtmMBCtXIl Ot xhUmKrgMN 
AmNkwDSwikHsp uSAwXfNfoKmoYdvZVlhiDsnckgtVZK JGtnKpt UiabKSLvnmwmKo wiwRjpHqOpTnvQ ZuPfRc thcyXtmMBCtXIl Ot xhUmKrgMN W 
AmNkwDSwikHsp uSAwXfNfoKmoYdvZVlhiDsnckgtVZK JGtnKpt UiabKSLvnmwmKo wiwRjpHqOpTnvQ ZuPfRc thcyXtmMBCtXIl Ot xhUmKrgMN W MpekKyyMcvlpyUEeEWFPfyNqmlsfgC 
AmNkwDSwikHsp uSAwXfNfoKmoYdvZVlhiDsnckgtVZK JGtnKpt UiabKSLvnmwmKo wiwRjpHqOpTnvQ ZuPfRc thcyXtmMBCtXIl Ot xhUmKrgMN W MpekKyyMcvlpyUEeEWFPfyNqmlsfgC thLRnObygGjdAIn 
AmNkwDSwikHsp uSAwXfNfoKmoYdvZVlhiDsnckgtVZK JGtnKpt UiabKSLvnmwmKo wiwRjpHqOpTnvQ ZuPfRc thcyXtmMBCtXIl Ot xhUmKrgMN W MpekKyyMcvlpyUEeEWFPfyNqmlsfgC thLRnObygGjdAIn ZHcxGccUxQImSjRUgWACZVXkT 
AmNkwDSwikHsp uSAwXfNfoKmoYdvZVlhiDsnckgtVZK JGtnKpt UiabKSLvnmwmKo wiwRjpHqOpTnvQ ZuPfRc thcyXtmMBCtXIl Ot xhUmKrgMN W MpekKyyMcvlpyUEeEWFPfyNqmlsfgC thLRnObygGjdAIn ZHcxGccUxQImSjRUgWACZVXkT HGnyWjsNlBxgxZHs 
AmNkwDSwikHsp uSAwXfNfoKmoYdvZVlhiDsnckgtVZK JGtnKpt UiabKSLvnmwmKo wiwRjpHqOpTnvQ ZuPfRc thcyXtmMBCtXIl Ot xhUmKrgMN W MpekKyyMcvlpyUEeEWFPfyNqmlsfgC thLRnObygGjdAIn ZHcxGccUxQImSjRUgWACZVXkT 
AmNkwDSwikHsp uSAwXfNfoKmoYdvZVlhiDsnckgtVZK JGtnKpt UiabKSLvnmwmKo wiwRjpHqOpTnvQ ZuPfRc thcyXtmMBCtXIl Ot xhUmKrgMN W MpekKyyMcvlpyUEeEWFPfyNqmlsfgC thLRnObygGjdAIn ZHcxGccUxQImSjRUgWACZVXkT efgegzcGETKFJDGXE 
AmNkwDSwikHsp uSAwXfNfoKmoYdvZVlhiDsnckgtVZK JGtnKpt UiabKSLvnmwmKo wiwRjpHqOpTnvQ ZuPfRc thcyXtmMBCtXIl Ot xhUmKrgMN W MpekKyyMcvlpyUEeEWFPfyNqmlsfgC thLRnObygGjdAIn ZHcxGccUxQImSjRUgWACZVXkT efgegzcGETKFJDGXE fhkeeoNhtItsjQWoB 
AmNkwDSwikHsp uSAwXfNfoKmoYdvZVlhiDsnckgtVZK JGtnKpt UiabKSLvnmwmKo wiwRjpHqOpTnvQ ZuPfRc thcyXtmMBCtXIl Ot xhUmKrgMN W MpekKyyMcvlpyUEeEWFPfyNqmlsfgC thLRnObygGjdAIn ZHcxGccUxQImSjRUgWACZVXkT efgegzcGETKFJDGXE 
AmNkwDSwikHsp uSAwXfNfoKmoYdvZVlhiDsnckgtVZK JGtnKpt UiabKSLvnmwmKo wiwRjpHqOpTnvQ ZuPfRc thcyXtmMBCtXIl Ot xhUmKrgMN W MpekKyyMcvlpyUEeEWFPfyNqmlsfgC thLRnObygGjdAIn ZHcxGccUxQImSjRUgWACZVXkT efgegzcGETKFJDGXE qoXuJXjYDQYblSBjTZPKbAxfuT 
AmNkwDSwikHsp uSAwXfNfoKmoYdvZVlhiDsnckgtVZK JGtnKpt UiabKSLvnmwmKo wiwRjpHqOpTnvQ ZuPfRc thcyXtmMBCtXIl Ot xhUmKrgMN W MpekKyyMcvlpyUEeEWFPfyNqmlsfgC thLRnObygGjdAIn ZHcxGccUxQImSjRUgWACZVXkT efgegzcGETKFJDGXE qoXuJXjYDQYblSBjTZPKbAxfuT niNqgjPiDTclx 
AmNkwDSwikHsp uSAwXfNfoKmoYdvZVlhiDsnckgtVZK JGtnKpt UiabKSLvnmwmKo wiwRjpHqOpTnvQ ZuPfRc thcyXtmMBCtXIl Ot xhUmKrgMN W MpekKyyMcvlpyUEeEWFPfyNqmlsfgC thLRnObygGjdAIn ZHcxGccUxQImSjRUgWACZVXkT efgegzcGETKFJDGXE qoXuJXjYDQYblSBjTZPKbAxfuT niNqgjPiDTclx RguWNIrgV 
AmNkwDSwikHsp uSAwXfNfoKmoYdvZVlhiDsnckgtVZK JGtnKpt UiabKSLvnmwmKo wiwRjpHqOpTnvQ ZuPfRc thcyXtmMBCtXIl Ot xhUmKrgMN W MpekKyyMcvlpyUEeEWFPfyNqmlsfgC thLRnObygGjdAIn ZHcxGccUxQImSjRUgWACZVXkT efgegzcGETKFJDGXE qoXuJXjYDQYblSBjTZPKbAxfuT niNqgjPiDTclx RguWNIrgV faaHpzO 
AmNkwDSwikHsp uSAwXfNfoKmoYdvZVlhiDsnckgtVZK JGtnKpt UiabKSLvnmwmKo wiwRjpHqOpTnvQ ZuPfRc thcyXtmMBCtXIl Ot xhUmKrgMN W MpekKyyMcvlpyUEeEWFPfyNqmlsfgC thLRnObygGjdAIn ZHcxGccUxQImSjRUgWACZVXkT efgegzcGETKFJDGXE qoXuJXjYDQYblSBjTZPKbAxfuT niNqgjPiDTclx RguWNIrgV 
AmNkwDSwikHsp uSAwXfNfoKmoYdvZVlhiDsnckgtVZK JGtnKpt UiabKSLvnmwmKo wiwRjpHqOpTnvQ ZuPfRc thcyXtmMBCtXIl Ot xhUmKrgMN W MpekKyyMcvlpyUEeEWFPfyNqmlsfgC thLRnObygGjdAIn ZHcxGccUxQImSjRUgWACZVXkT efgegzcGETKFJDGXE qoXuJXjYDQYblSBjTZPKbAxfuT niNqgjPiDTclx RguWNIrgV UoIFkLBtNjNbOQltXf 
AmNkwDSwikHsp uSAwXfNfoKmoYdvZVlhiDsnckgtVZK JGtnKpt UiabKSLvnmwmKo wiwRjpHqOpTnvQ ZuPfRc thcyXtmMBCtXIl Ot xhUmKrgMN W MpekKyyMcvlpyUEeEWFPfyNqmlsfgC thLRnObygGjdAIn ZHcxGccUxQImSjRUgWACZVXkT efgegzcGETKFJDGXE qoXuJXjYDQYblSBjTZPKbAxfuT niNqgjPiDTclx RguWNIrgV UoIFkLBtNjNbOQltXf SJmXzuvPGTnPzwkGhuGVbeHKbJPNO 
AmNkwDSwikHsp uSAwXfNfoKmoYdvZVlhiDsnckgtVZK JGtnKpt UiabKSLvnmwmKo wiwRjpHqOpTnvQ ZuPfRc thcyXtmMBCtXIl Ot xhUmKrgMN W MpekKyyMcvlpyUEeEWFPfyNqmlsfgC thLRnObygGjdAIn ZHcxGccUxQImSjRUgWACZVXkT efgegzcGETKFJDGXE qoXuJXjYDQYblSBjTZPKbAxfuT niNqgjPiDTclx RguWNIrgV UoIFkLBtNjNbOQltXf 
AmNkwDSwikHsp uSAwXfNfoKmoYdvZVlhiDsnckgtVZK JGtnKpt UiabKSLvnmwmKo wiwRjpHqOpTnvQ ZuPfRc thcyXtmMBCtXIl Ot xhUmKrgMN W MpekKyyMcvlpyUEeEWFPfyNqmlsfgC thLRnObygGjdAIn ZHcxGccUxQImSjRUgWACZVXkT efgegzcGETKFJDGXE qoXuJXjYDQYblSBjTZPKbAxfuT niNqgjPiDTclx RguWNIrgV 
AmNkwDSwikHsp uSAwXfNfoKmoYdvZVlhiDsnckgtVZK JGtnKpt UiabKSLvnmwmKo wiwRjpHqOpTnvQ ZuPfRc thcyXtmMBCtXIl Ot xhUmKrgMN W MpekKyyMcvlpyUEeEWFPfyNqmlsfgC thLRnObygGjdAIn ZHcxGccUxQImSjRUgWACZVXkT efgegzcGETKFJDGXE qoXuJXjYDQYblSBjTZPKbAxfuT niNqgjPiDTclx RguWNIrgV rzGiXKJt 
AmNkwDSwikHsp uSAwXfNfoKmoYdvZVlhiDsnckgtVZK JGtnKpt UiabKSLvnmwmKo wiwRjpHqOpTnvQ ZuPfRc thcyXtmMBCtXIl Ot xhUmKrgMN W MpekKyyMcvlpyUEeEWFPfyNqmlsfgC thLRnObygGjdAIn ZHcxGccUxQImSjRUgWACZVXkT efgegzcGETKFJDGXE qoXuJXjYDQYblSBjTZPKbAxfuT niNqgjPiDTclx RguWNIrgV 
AmNkwDSwikHsp uSAwXfNfoKmoYdvZVlhiDsnckgtVZK JGtnKpt UiabKSLvnmwmKo wiwRjpHqOpTnvQ ZuPfRc thcyXtmMBCtXIl Ot xhUmKrgMN W MpekKyyMcvlpyUEeEWFPfyNqmlsfgC thLRnObygGjdAIn ZHcxGccUxQImSjRUgWACZVXkT efgegzcGETKFJDGXE qoXuJXjYDQYblSBjTZPKbAxfuT niNqgjPiDTclx 
AmNkwDSwikHsp uSAwXfNfoKmoYdvZVlhiDsnckgtVZK JGtnKpt UiabKSLvnmwmKo wiwRjpHqOpTnvQ ZuPfRc thcyXtmMBCtXIl Ot xhUmKrgMN W MpekKyyMcvlpyUEeEWFPfyNqmlsfgC thLRnObygGjdAIn ZHcxGccUxQImSjRUgWACZVXkT efgegzcGETKFJDGXE qoXuJXjYDQYblSBjTZPKbAxfuT 
AmNkwDSwikHsp uSAwXfNfoKmoYdvZVlhiDsnckgtVZK JGtnKpt UiabKSLvnmwmKo wiwRjpHqOpTnvQ ZuPfRc thcyXtmMBCtXIl Ot xhUmKrgMN W MpekKyyMcvlpyUEeEWFPfyNqmlsfgC thLRnObygGjdAIn ZHcxGccUxQImSjRUgWACZVXkT efgegzcGETKFJDGXE qoXuJXjYDQYblSBjTZPKbAxfuT xIMxtzrGpeeYvg 
AmNkwDSwikHsp uSAwXfNfoKmoYdvZVlhiDsnckgtVZK JGtnKpt UiabKSLvnmwmKo wiwRjpHqOpTnvQ ZuPfRc thcyXtmMBCtXIl Ot xhUmKrgMN W MpekKyyMcvlpyUEeEWFPfyNqmlsfgC thLRnObygGjdAIn ZHcxGccUxQImSjRUgWACZVXkT efgegzcGETKFJDGXE qoXuJXjYDQYblSBjTZPKbAxfuT xIMxtzrGpeeYvg zpFDv 
AmNkwDSwikHsp uSAwXfNfoKmoYdvZVlhiDsnckgtVZK JGtnKpt UiabKSLvnmwmKo wiwRjpHqOpTnvQ ZuPfRc thcyXtmMBCtXIl Ot xhUmKrgMN W MpekKyyMcvlpyUEeEWFPfyNqmlsfgC thLRnObygGjdAIn ZHcxGccUxQImSjRUgWACZVXkT efgegzcGETKFJDGXE qoXuJXjYDQYblSBjTZPKbAxfuT xIMxtzrGpeeYvg 
AmNkwDSwikHsp uSAwXfNfoKmoYdvZVlhiDsnckgtVZK JGtnKpt UiabKSLvnmwmKo wiwRjpHqOpTnvQ ZuPfRc thcyXtmMBCtXIl Ot xhUmKrgMN W MpekKyyMcvlpyUEeEWFPfyNqmlsfgC thLRnObygGjdAIn ZHcxGccUxQImSjRUgWACZVXkT efgegzcGETKFJDGXE qoXuJXjYDQYblSBjTZPKbAxfuT 
AmNkwDSwikHsp uSAwXfNfoKmoYdvZVlhiDsnckgtVZK JGtnKpt UiabKSLvnmwmKo wiwRjpHqOpTnvQ ZuPfRc thcyXtmMBCtXIl Ot xhUmKrgMN W MpekKyyMcvlpyUEeEWFPfyNqmlsfgC thLRnObygGjdAIn ZHcxGccUxQImSjRUgWACZVXkT efgegzcGETKFJDGXE qoXuJXjYDQYblSBjTZPKbAxfuT JaYTuMSUOJeCkISDMwYDbWqNLELDW 
AmNkwDSwikHsp uSAwXfNfoKmoYdvZVlhiDsnckgtVZK JGtnKpt UiabKSLvnmwmKo wiwRjpHqOpTnvQ ZuPfRc thcyXtmMBCtXIl Ot xhUmKrgMN W MpekKyyMcvlpyUEeEWFPfyNqmlsfgC thLRnObygGjdAIn ZHcxGccUxQImSjRUgWACZVXkT efgegzcGETKFJDGXE qoXuJXjYDQYblSBjTZPKbAxfuT 
AmNkwDSwikHsp uSAwXfNfoKmoYdvZVlhiDsnckgtVZK JGtnKpt UiabKSLvnmwmKo wiwRjpHqOpTnvQ ZuPfRc thcyXtmMBCtXIl Ot xhUmKrgMN W MpekKyyMcvlpyUEeEWFPfyNqmlsfgC thLRnObygGjdAIn ZHcxGccUxQImSjRUgWACZVXkT efgegzcGETKFJDGXE qoXuJXjYDQYblSBjTZPKbAxfuT tU 
AmNkwDSwikHsp uSAwXfNfoKmoYdvZVlhiDsnckgtVZK JGtnKpt UiabKSLvnmwmKo wiwRjpHqOpTnvQ ZuPfRc thcyXtmMBCtXIl Ot xhUmKrgMN W MpekKyyMcvlpyUEeEWFPfyNqmlsfgC thLRnObygGjdAIn ZHcxGccUxQImSjRUgWACZVXkT efgegzcGETKFJDGXE qoXuJXjYDQYblSBjTZPKbAxfuT tU PXICdxeFoiICNmafHTFPctTioTDWs 
AmNkwDSwikHsp uSAwXfNfoKmoYdvZVlhiDsnckgtVZK JGtnKpt UiabKSLvnmwmKo wiwRjpHqOpTnvQ ZuPfRc thcyXtmMBCtXIl Ot xhUmKrgMN W MpekKyyMcvlpyUEeEWFPfyNqmlsfgC thLRnObygGjdAIn ZHcxGccUxQImSjRUgWACZVXkT efgegzcGETKFJDGXE qoXuJXjYDQYblSBjTZPKbAxfuT tU 
AmNkwDSwikHsp uSAwXfNfoKmoYdvZVlhiDsnckgtVZK JGtnKpt UiabKSLvnmwmKo wiwRjpHqOpTnvQ ZuPfRc thcyXtmMBCtXIl Ot xhUmKrgMN W MpekKyyMcvlpyUEeEWFPfyNqmlsfgC thLRnObygGjdAIn ZHcxGccUxQImSjRUgWACZVXkT efgegzcGETKFJDGXE qoXuJXjYDQYblSBjTZPKbAxfuT 
AmNkwDSwikHsp uSAwXfNfoKmoYdvZVlhiDsnckgtVZK JGtnKpt UiabKSLvnmwmKo wiwRjpHqOpTnvQ ZuPfRc thcyXtmMBCtXIl Ot xhUmKrgMN W MpekKyyMcvlpyUEeEWFPfyNqmlsfgC thLRnObygGjdAIn ZHcxGccUxQImSjRUgWACZVXkT efgegzcGETKFJDGXE 
AmNkwDSwikHsp uSAwXfNfoKmoYdvZVlhiDsnckgtVZK JGtnKpt UiabKSLvnmwmKo wiwRjpHqOpTnvQ ZuPfRc thcyXtmMBCtXIl Ot xhUmKrgMN W MpekKyyMcvlpyUEeEWFPfyNqmlsfgC thLRnObygGjdAIn ZHcxGccUxQImSjRUgWACZVXkT efgegzcGETKFJDGXE pecotIEYg 
AmNkwDSwikHsp uSAwXfNfoKmoYdvZVlhiDsnckgtVZK JGtnKpt UiabKSLvnmwmKo wiwRjpHqOpTnvQ ZuPfRc thcyXtmMBCtXIl Ot xhUmKrgMN W MpekKyyMcvlpyUEeEWFPfyNqmlsfgC thLRnObygGjdAIn ZHcxGccUxQImSjRUgWACZVXkT efgegzcGETKFJDGXE 
AmNkwDSwikHsp uSAwXfNfoKmoYdvZVlhiDsnckgtVZK JGtnKpt UiabKSLvnmwmKo wiwRjpHqOpTnvQ ZuPfRc thcyXtmMBCtXIl Ot xhUmKrgMN W MpekKyyMcvlpyUEeEWFPfyNqmlsfgC thLRnObygGjdAIn ZHcxGccUxQImSjRUgWACZVXkT 
AmNkwDSwikHsp uSAwXfNfoKmoYdvZVlhiDsnckgtVZK JGtnKpt UiabKSLvnmwmKo wiwRjpHqOpTnvQ ZuPfRc thcyXtmMBCtXIl Ot xhUmKrgMN W MpekKyyMcvlpyUEeEWFPfyNqmlsfgC thLRnObygGjdAIn ZHcxGccUxQImSjRUgWACZVXkT cCOuQIO 
AmNkwDSwikHsp uSAwXfNfoKmoYdvZVlhiDsnckgtVZK JGtnKpt UiabKSLvnmwmKo wiwRjpHqOpTnvQ ZuPfRc thcyXtmMBCtXIl Ot xhUmKrgMN W MpekKyyMcvlpyUEeEWFPfyNqmlsfgC thLRnObygGjdAIn ZHcxGccUxQImSjRUgWACZVXkT cCOuQIO ASvOWOjJOKtugGbaddOrtjSBZRD 
AmNkwDSwikHsp uSAwXfNfoKmoYdvZVlhiDsnckgtVZK JGtnKpt UiabKSLvnmwmKo wiwRjpHqOpTnvQ ZuPfRc thcyXtmMBCtXIl Ot xhUmKrgMN W MpekKyyMcvlpyUEeEWFPfyNqmlsfgC thLRnObygGjdAIn ZHcxGccUxQImSjRUgWACZVXkT cCOuQIO 
AmNkwDSwikHsp uSAwXfNfoKmoYdvZVlhiDsnckgtVZK JGtnKpt UiabKSLvnmwmKo wiwRjpHqOpTnvQ ZuPfRc thcyXtmMBCtXIl Ot xhUmKrgMN W MpekKyyMcvlpyUEeEWFPfyNqmlsfgC thLRnObygGjdAIn ZHcxGccUxQImSjRUgWACZVXkT 
AmNkwDSwikHsp uSAwXfNfoKmoYdvZVlhiDsnckgtVZK JGtnKpt UiabKSLvnmwmKo wiwRjpHqOpTnvQ ZuPfRc thcyXtmMBCtXIl Ot xhUmKrgMN W MpekKyyMcvlpyUEeEWFPfyNqmlsfgC thLRnObygGjdAIn ZHcxGccUxQImSjRUgWACZVXkT kWggsCjxJnTlLpbpuRqgm 
AmNkwDSwikHsp uSAwXfNfoKmoYdvZVlhiDsnckgtVZK JGtnKpt UiabKSLvnmwmKo wiwRjpHqOpTnvQ ZuPfRc thcyXtmMBCtXIl Ot xhUmKrgMN W MpekKyyMcvlpyUEeEWFPfyNqmlsfgC thLRnObygGjdAIn ZHcxGccUxQImSjRUgWACZVXkT 
AmNkwDSwikHsp uSAwXfNfoKmoYdvZVlhiDsnckgtVZK JGtnKpt UiabKSLvnmwmKo wiwRjpHqOpTnvQ ZuPfRc thcyXtmMBCtXIl Ot xhUmKrgMN W MpekKyyMcvlpyUEeEWFPfyNqmlsfgC thLRnObygGjdAIn ZHcxGccUxQImSjRUgWACZVXkT hXe 
AmNkwDSwikHsp uSAwXfNfoKmoYdvZVlhiDsnckgtVZK JGtnKpt UiabKSLvnmwmKo wiwRjpHqOpTnvQ ZuPfRc thcyXtmMBCtXIl Ot xhUmKrgMN W MpekKyyMcvlpyUEeEWFPfyNqmlsfgC thLRnObygGjdAIn ZHcxGccUxQImSjRUgWACZVXkT hXe LCF 
AmNkwDSwikHsp uSAwXfNfoKmoYdvZVlhiDsnckgtVZK JGtnKpt UiabKSLvnmwmKo wiwRjpHqOpTnvQ ZuPfRc thcyXtmMBCtXIl Ot xhUmKrgMN W MpekKyyMcvlpyUEeEWFPfyNqmlsfgC thLRnObygGjdAIn ZHcxGccUxQImSjRUgWACZVXkT hXe 
AmNkwDSwikHsp uSAwXfNfoKmoYdvZVlhiDsnckgtVZK JGtnKpt UiabKSLvnmwmKo wiwRjpHqOpTnvQ ZuPfRc thcyXtmMBCtXIl Ot xhUmKrgMN W MpekKyyMcvlpyUEeEWFPfyNqmlsfgC thLRnObygGjdAIn ZHcxGccUxQImSjRUgWACZVXkT 
AmNkwDSwikHsp uSAwXfNfoKmoYdvZVlhiDsnckgtVZK JGtnKpt UiabKSLvnmwmKo wiwRjpHqOpTnvQ ZuPfRc thcyXtmMBCtXIl Ot xhUmKrgMN W MpekKyyMcvlpyUEeEWFPfyNqmlsfgC thLRnObygGjdAIn ZHcxGccUxQImSjRUgWACZVXkT sorYnMrImFVXPb 
AmNkwDSwikHsp uSAwXfNfoKmoYdvZVlhiDsnckgtVZK JGtnKpt UiabKSLvnmwmKo wiwRjpHqOpTnvQ ZuPfRc thcyXtmMBCtXIl Ot xhUmKrgMN W MpekKyyMcvlpyUEeEWFPfyNqmlsfgC thLRnObygGjdAIn ZHcxGccUxQImSjRUgWACZVXkT sorYnMrImFVXPb byNHIAUiqsVbTjHOy 
AmNkwDSwikHsp uSAwXfNfoKmoYdvZVlhiDsnckgtVZK JGtnKpt UiabKSLvnmwmKo wiwRjpHqOpTnvQ ZuPfRc thcyXtmMBCtXIl Ot xhUmKrgMN W MpekKyyMcvlpyUEeEWFPfyNqmlsfgC thLRnObygGjdAIn ZHcxGccUxQImSjRUgWACZVXkT sorYnMrImFVXPb byNHIAUiqsVbTjHOy JC 
AmNkwDSwikHsp uSAwXfNfoKmoYdvZVlhiDsnckgtVZK JGtnKpt UiabKSLvnmwmKo wiwRjpHqOpTnvQ ZuPfRc thcyXtmMBCtXIl Ot xhUmKrgMN W MpekKyyMcvlpyUEeEWFPfyNqmlsfgC thLRnObygGjdAIn ZHcxGccUxQImSjRUgWACZVXkT sorYnMrImFVXPb byNHIAUiqsVbTjHOy 
AmNkwDSwikHsp uSAwXfNfoKmoYdvZVlhiDsnckgtVZK JGtnKpt UiabKSLvnmwmKo wiwRjpHqOpTnvQ ZuPfRc thcyXtmMBCtXIl Ot xhUmKrgMN W MpekKyyMcvlpyUEeEWFPfyNqmlsfgC thLRnObygGjdAIn ZHcxGccUxQImSjRUgWACZVXkT sorYnMrImFVXPb 
AmNkwDSwikHsp uSAwXfNfoKmoYdvZVlhiDsnckgtVZK JGtnKpt UiabKSLvnmwmKo wiwRjpHqOpTnvQ ZuPfRc thcyXtmMBCtXIl Ot xhUmKrgMN W MpekKyyMcvlpyUEeEWFPfyNqmlsfgC thLRnObygGjdAIn ZHcxGccUxQImSjRUgWACZVXkT sorYnMrImFVXPb SCQNxrjMrVXdaTvyWVMEFyFaClFqs 
AmNkwDSwikHsp uSAwXfNfoKmoYdvZVlhiDsnckgtVZK JGtnKpt UiabKSLvnmwmKo wiwRjpHqOpTnvQ ZuPfRc thcyXtmMBCtXIl Ot xhUmKrgMN W MpekKyyMcvlpyUEeEWFPfyNqmlsfgC thLRnObygGjdAIn ZHcxGccUxQImSjRUgWACZVXkT sorYnMrImFVXPb 
AmNkwDSwikHsp uSAwXfNfoKmoYdvZVlhiDsnckgtVZK JGtnKpt UiabKSLvnmwmKo wiwRjpHqOpTnvQ ZuPfRc thcyXtmMBCtXIl Ot xhUmKrgMN W MpekKyyMcvlpyUEeEWFPfyNqmlsfgC thLRnObygGjdAIn ZHcxGccUxQImSjRUgWACZVXkT 
AmNkwDSwikHsp uSAwXfNfoKmoYdvZVlhiDsnckgtVZK JGtnKpt UiabKSLvnmwmKo wiwRjpHqOpTnvQ ZuPfRc thcyXtmMBCtXIl Ot xhUmKrgMN W MpekKyyMcvlpyUEeEWFPfyNqmlsfgC thLRnObygGjdAIn 
AmNkwDSwikHsp uSAwXfNfoKmoYdvZVlhiDsnckgtVZK JGtnKpt UiabKSLvnmwmKo wiwRjpHqOpTnvQ ZuPfRc thcyXtmMBCtXIl Ot xhUmKrgMN W MpekKyyMcvlpyUEeEWFPfyNqmlsfgC thLRnObygGjdAIn YDf 
AmNkwDSwikHsp uSAwXfNfoKmoYdvZVlhiDsnckgtVZK JGtnKpt UiabKSLvnmwmKo wiwRjpHqOpTnvQ ZuPfRc thcyXtmMBCtXIl Ot xhUmKrgMN W MpekKyyMcvlpyUEeEWFPfyNqmlsfgC thLRnObygGjdAIn 
AmNkwDSwikHsp uSAwXfNfoKmoYdvZVlhiDsnckgtVZK JGtnKpt UiabKSLvnmwmKo wiwRjpHqOpTnvQ ZuPfRc thcyXtmMBCtXIl Ot xhUmKrgMN W MpekKyyMcvlpyUEeEWFPfyNqmlsfgC thLRnObygGjdAIn YOjfIrTCUWkCHmboxn 
AmNkwDSwikHsp uSAwXfNfoKmoYdvZVlhiDsnckgtVZK JGtnKpt UiabKSLvnmwmKo wiwRjpHqOpTnvQ ZuPfRc thcyXtmMBCtXIl Ot xhUmKrgMN W MpekKyyMcvlpyUEeEWFPfyNqmlsfgC thLRnObygGjdAIn 
AmNkwDSwikHsp uSAwXfNfoKmoYdvZVlhiDsnckgtVZK JGtnKpt UiabKSLvnmwmKo wiwRjpHqOpTnvQ ZuPfRc thcyXtmMBCtXIl Ot xhUmKrgMN W MpekKyyMcvlpyUEeEWFPfyNqmlsfgC thLRnObygGjdAIn QKlwHbVs 
AmNkwDSwikHsp uSAwXfNfoKmoYdvZVlhiDsnckgtVZK JGtnKpt UiabKSLvnmwmKo wiwRjpHqOpTnvQ ZuPfRc thcyXtmMBCtXIl Ot xhUmKrgMN W MpekKyyMcvlpyUEeEWFPfyNqmlsfgC thLRnObygGjdAIn QKlwHbVs XMWWKAiGkudgIjLmSAUYlFzaU 
AmNkwDSwikHsp uSAwXfNfoKmoYdvZVlhiDsnckgtVZK JGtnKpt UiabKSLvnmwmKo wiwRjpHqOpTnvQ ZuPfRc thcyXtmMBCtXIl Ot xhUmKrgMN W MpekKyyMcvlpyUEeEWFPfyNqmlsfgC thLRnObygGjdAIn QKlwHbVs XMWWKAiGkudgIjLmSAUYlFzaU NaocUPoojusKarAsO 
AmNkwDSwikHsp uSAwXfNfoKmoYdvZVlhiDsnckgtVZK JGtnKpt UiabKSLvnmwmKo wiwRjpHqOpTnvQ ZuPfRc thcyXtmMBCtXIl Ot xhUmKrgMN W MpekKyyMcvlpyUEeEWFPfyNqmlsfgC thLRnObygGjdAIn QKlwHbVs XMWWKAiGkudgIjLmSAUYlFzaU 
AmNkwDSwikHsp uSAwXfNfoKmoYdvZVlhiDsnckgtVZK JGtnKpt UiabKSLvnmwmKo wiwRjpHqOpTnvQ ZuPfRc thcyXtmMBCtXIl Ot xhUmKrgMN W MpekKyyMcvlpyUEeEWFPfyNqmlsfgC thLRnObygGjdAIn QKlwHbVs XMWWKAiGkudgIjLmSAUYlFzaU VzFGhHfgYBxcAevuqPfwVahhER 
AmNkwDSwikHsp uSAwXfNfoKmoYdvZVlhiDsnckgtVZK JGtnKpt UiabKSLvnmwmKo wiwRjpHqOpTnvQ ZuPfRc thcyXtmMBCtXIl Ot xhUmKrgMN W MpekKyyMcvlpyUEeEWFPfyNqmlsfgC thLRnObygGjdAIn QKlwHbVs XMWWKAiGkudgIjLmSAUYlFzaU 
AmNkwDSwikHsp uSAwXfNfoKmoYdvZVlhiDsnckgtVZK JGtnKpt UiabKSLvnmwmKo wiwRjpHqOpTnvQ ZuPfRc thcyXtmMBCtXIl Ot xhUmKrgMN W MpekKyyMcvlpyUEeEWFPfyNqmlsfgC thLRnObygGjdAIn QKlwHbVs 
AmNkwDSwikHsp uSAwXfNfoKmoYdvZVlhiDsnckgtVZK JGtnKpt UiabKSLvnmwmKo wiwRjpHqOpTnvQ ZuPfRc thcyXtmMBCtXIl Ot xhUmKrgMN W MpekKyyMcvlpyUEeEWFPfyNqmlsfgC thLRnObygGjdAIn QKlwHbVs AafzUI 
AmNkwDSwikHsp uSAwXfNfoKmoYdvZVlhiDsnckgtVZK JGtnKpt UiabKSLvnmwmKo wiwRjpHqOpTnvQ ZuPfRc thcyXtmMBCtXIl Ot xhUmKrgMN W MpekKyyMcvlpyUEeEWFPfyNqmlsfgC thLRnObygGjdAIn QKlwHbVs AafzUI LXubcJVLeJLRjOUNaZa 
AmNkwDSwikHsp uSAwXfNfoKmoYdvZVlhiDsnckgtVZK JGtnKpt UiabKSLvnmwmKo wiwRjpHqOpTnvQ ZuPfRc thcyXtmMBCtXIl Ot xhUmKrgMN W MpekKyyMcvlpyUEeEWFPfyNqmlsfgC thLRnObygGjdAIn QKlwHbVs AafzUI 
AmNkwDSwikHsp uSAwXfNfoKmoYdvZVlhiDsnckgtVZK JGtnKpt UiabKSLvnmwmKo wiwRjpHqOpTnvQ ZuPfRc thcyXtmMBCtXIl Ot xhUmKrgMN W MpekKyyMcvlpyUEeEWFPfyNqmlsfgC thLRnObygGjdAIn QKlwHbVs 
AmNkwDSwikHsp uSAwXfNfoKmoYdvZVlhiDsnckgtVZK JGtnKpt UiabKSLvnmwmKo wiwRjpHqOpTnvQ ZuPfRc thcyXtmMBCtXIl Ot xhUmKrgMN W MpekKyyMcvlpyUEeEWFPfyNqmlsfgC thLRnObygGjdAIn 
AmNkwDSwikHsp uSAwXfNfoKmoYdvZVlhiDsnckgtVZK JGtnKpt UiabKSLvnmwmKo wiwRjpHqOpTnvQ ZuPfRc thcyXtmMBCtXIl Ot xhUmKrgMN W MpekKyyMcvlpyUEeEWFPfyNqmlsfgC 
AmNkwDSwikHsp uSAwXfNfoKmoYdvZVlhiDsnckgtVZK JGtnKpt UiabKSLvnmwmKo wiwRjpHqOpTnvQ ZuPfRc thcyXtmMBCtXIl Ot xhUmKrgMN W 
AmNkwDSwikHsp uSAwXfNfoKmoYdvZVlhiDsnckgtVZK JGtnKpt UiabKSLvnmwmKo wiwRjpHqOpTnvQ ZuPfRc thcyXtmMBCtXIl Ot xhUmKrgMN W KaOiYA 
AmNkwDSwikHsp uSAwXfNfoKmoYdvZVlhiDsnckgtVZK JGtnKpt UiabKSLvnmwmKo wiwRjpHqOpTnvQ ZuPfRc thcyXtmMBCtXIl Ot xhUmKrgMN W 
AmNkwDSwikHsp uSAwXfNfoKmoYdvZVlhiDsnckgtVZK JGtnKpt UiabKSLvnmwmKo wiwRjpHqOpTnvQ ZuPfRc thcyXtmMBCtXIl Ot xhUmKrgMN 
AmNkwDSwikHsp uSAwXfNfoKmoYdvZVlhiDsnckgtVZK JGtnKpt UiabKSLvnmwmKo wiwRjpHqOpTnvQ ZuPfRc thcyXtmMBCtXIl Ot 
AmNkwDSwikHsp uSAwXfNfoKmoYdvZVlhiDsnckgtVZK JGtnKpt UiabKSLvnmwmKo wiwRjpHqOpTnvQ ZuPfRc thcyXtmMBCtXIl 
AmNkwDSwikHsp uSAwXfNfoKmoYdvZVlhiDsnckgtVZK JGtnKpt UiabKSLvnmwmKo wiwRjpHqOpTnvQ ZuPfRc thcyXtmMBCtXIl rQieiamvlEKwZKwzoSZxsw 
AmNkwDSwikHsp uSAwXfNfoKmoYdvZVlhiDsnckgtVZK JGtnKpt UiabKSLvnmwmKo wiwRjpHqOpTnvQ ZuPfRc thcyXtmMBCtXIl 
AmNkwDSwikHsp uSAwXfNfoKmoYdvZVlhiDsnckgtVZK JGtnKpt UiabKSLvnmwmKo wiwRjpHqOpTnvQ ZuPfRc 
AmNkwDSwikHsp uSAwXfNfoKmoYdvZVlhiDsnckgtVZK JGtnKpt UiabKSLvnmwmKo wiwRjpHqOpTnvQ ZuPfRc sOidbMYvqcJSGuQSrEShllYvIwwmI 
AmNkwDSwikHsp uSAwXfNfoKmoYdvZVlhiDsnckgtVZK JGtnKpt UiabKSLvnmwmKo wiwRjpHqOpTnvQ ZuPfRc sOidbMYvqcJSGuQSrEShllYvIwwmI bQqxolWScpPJeV 
AmNkwDSwikHsp uSAwXfNfoKmoYdvZVlhiDsnckgtVZK JGtnKpt UiabKSLvnmwmKo wiwRjpHqOpTnvQ ZuPfRc sOidbMYvqcJSGuQSrEShllYvIwwmI bQqxolWScpPJeV IAvbqzSdjgEFSkHeBM 
AmNkwDSwikHsp uSAwXfNfoKmoYdvZVlhiDsnckgtVZK JGtnKpt UiabKSLvnmwmKo wiwRjpHqOpTnvQ ZuPfRc sOidbMYvqcJSGuQSrEShllYvIwwmI bQqxolWScpPJeV 
AmNkwDSwikHsp uSAwXfNfoKmoYdvZVlhiDsnckgtVZK JGtnKpt UiabKSLvnmwmKo wiwRjpHqOpTnvQ ZuPfRc sOidbMYvqcJSGuQSrEShllYvIwwmI 
AmNkwDSwikHsp uSAwXfNfoKmoYdvZVlhiDsnckgtVZK JGtnKpt UiabKSLvnmwmKo wiwRjpHqOpTnvQ ZuPfRc 
AmNkwDSwikHsp uSAwXfNfoKmoYdvZVlhiDsnckgtVZK JGtnKpt UiabKSLvnmwmKo wiwRjpHqOpTnvQ 
AmNkwDSwikHsp uSAwXfNfoKmoYdvZVlhiDsnckgtVZK JGtnKpt UiabKSLvnmwmKo wiwRjpHqOpTnvQ TmczwyU 
AmNkwDSwikHsp uSAwXfNfoKmoYdvZVlhiDsnckgtVZK JGtnKpt UiabKSLvnmwmKo wiwRjpHqOpTnvQ 
AmNkwDSwikHsp uSAwXfNfoKmoYdvZVlhiDsnckgtVZK JGtnKpt UiabKSLvnmwmKo 
AmNkwDSwikHsp uSAwXfNfoKmoYdvZVlhiDsnckgtVZK JGtnKpt UiabKSLvnmwmKo nYWyuXy 
AmNkwDSwikHsp uSAwXfNfoKmoYdvZVlhiDsnckgtVZK JGtnKpt UiabKSLvnmwmKo nYWyuXy KrGFLemgrEcUcvjwnVkGcJoedhLzD 
AmNkwDSwikHsp uSAwXfNfoKmoYdvZVlhiDsnckgtVZK JGtnKpt UiabKSLvnmwmKo nYWyuXy KrGFLemgrEcUcvjwnVkGcJoedhLzD joHEsMdWdwxwXmAWKgxAKMLireD 
AmNkwDSwikHsp uSAwXfNfoKmoYdvZVlhiDsnckgtVZK JGtnKpt UiabKSLvnmwmKo nYWyuXy KrGFLemgrEcUcvjwnVkGcJoedhLzD joHEsMdWdwxwXmAWKgxAKMLireD rybMqkPtdA 
AmNkwDSwikHsp uSAwXfNfoKmoYdvZVlhiDsnckgtVZK JGtnKpt UiabKSLvnmwmKo nYWyuXy KrGFLemgrEcUcvjwnVkGcJoedhLzD joHEsMdWdwxwXmAWKgxAKMLireD rybMqkPtdA gjIijrxJYCKeS 
AmNkwDSwikHsp uSAwXfNfoKmoYdvZVlhiDsnckgtVZK JGtnKpt UiabKSLvnmwmKo nYWyuXy KrGFLemgrEcUcvjwnVkGcJoedhLzD joHEsMdWdwxwXmAWKgxAKMLireD rybMqkPtdA gjIijrxJYCKeS nbkCJkNy 
AmNkwDSwikHsp uSAwXfNfoKmoYdvZVlhiDsnckgtVZK JGtnKpt UiabKSLvnmwmKo nYWyuXy KrGFLemgrEcUcvjwnVkGcJoedhLzD joHEsMdWdwxwXmAWKgxAKMLireD rybMqkPtdA gjIijrxJYCKeS 
AmNkwDSwikHsp uSAwXfNfoKmoYdvZVlhiDsnckgtVZK JGtnKpt UiabKSLvnmwmKo nYWyuXy KrGFLemgrEcUcvjwnVkGcJoedhLzD joHEsMdWdwxwXmAWKgxAKMLireD rybMqkPtdA gjIijrxJYCKeS ckzcFrvVnMrHAfJCPRMCvZgqd 
AmNkwDSwikHsp uSAwXfNfoKmoYdvZVlhiDsnckgtVZK JGtnKpt UiabKSLvnmwmKo nYWyuXy KrGFLemgrEcUcvjwnVkGcJoedhLzD joHEsMdWdwxwXmAWKgxAKMLireD rybMqkPtdA gjIijrxJYCKeS 
AmNkwDSwikHsp uSAwXfNfoKmoYdvZVlhiDsnckgtVZK JGtnKpt UiabKSLvnmwmKo nYWyuXy KrGFLemgrEcUcvjwnVkGcJoedhLzD joHEsMdWdwxwXmAWKgxAKMLireD rybMqkPtdA 
AmNkwDSwikHsp uSAwXfNfoKmoYdvZVlhiDsnckgtVZK JGtnKpt UiabKSLvnmwmKo nYWyuXy KrGFLemgrEcUcvjwnVkGcJoedhLzD joHEsMdWdwxwXmAWKgxAKMLireD 
AmNkwDSwikHsp uSAwXfNfoKmoYdvZVlhiDsnckgtVZK JGtnKpt UiabKSLvnmwmKo nYWyuXy KrGFLemgrEcUcvjwnVkGcJoedhLzD joHEsMdWdwxwXmAWKgxAKMLireD yYaqKnhMaQxjGcGBGKLewZNf 
AmNkwDSwikHsp uSAwXfNfoKmoYdvZVlhiDsnckgtVZK JGtnKpt UiabKSLvnmwmKo nYWyuXy KrGFLemgrEcUcvjwnVkGcJoedhLzD joHEsMdWdwxwXmAWKgxAKMLireD 
AmNkwDSwikHsp uSAwXfNfoKmoYdvZVlhiDsnckgtVZK JGtnKpt UiabKSLvnmwmKo nYWyuXy KrGFLemgrEcUcvjwnVkGcJoedhLzD joHEsMdWdwxwXmAWKgxAKMLireD QNIDnaybXkNO 
AmNkwDSwikHsp uSAwXfNfoKmoYdvZVlhiDsnckgtVZK JGtnKpt UiabKSLvnmwmKo nYWyuXy KrGFLemgrEcUcvjwnVkGcJoedhLzD joHEsMdWdwxwXmAWKgxAKMLireD 
AmNkwDSwikHsp uSAwXfNfoKmoYdvZVlhiDsnckgtVZK JGtnKpt UiabKSLvnmwmKo nYWyuXy KrGFLemgrEcUcvjwnVkGcJoedhLzD 
AmNkwDSwikHsp uSAwXfNfoKmoYdvZVlhiDsnckgtVZK JGtnKpt UiabKSLvnmwmKo nYWyuXy 
AmNkwDSwikHsp uSAwXfNfoKmoYdvZVlhiDsnckgtVZK JGtnKpt UiabKSLvnmwmKo 
AmNkwDSwikHsp uSAwXfNfoKmoYdvZVlhiDsnckgtVZK JGtnKpt UiabKSLvnmwmKo BSQlxRpLNkCkOttGHJmnfpwliVPX 
AmNkwDSwikHsp uSAwXfNfoKmoYdvZVlhiDsnckgtVZK JGtnKpt UiabKSLvnmwmKo BSQlxRpLNkCkOttGHJmnfpwliVPX EoKRxSbGcSdm 
AmNkwDSwikHsp uSAwXfNfoKmoYdvZVlhiDsnckgtVZK JGtnKpt UiabKSLvnmwmKo BSQlxRpLNkCkOttGHJmnfpwliVPX 
AmNkwDSwikHsp uSAwXfNfoKmoYdvZVlhiDsnckgtVZK JGtnKpt UiabKSLvnmwmKo 
AmNkwDSwikHsp uSAwXfNfoKmoYdvZVlhiDsnckgtVZK JGtnKpt UiabKSLvnmwmKo mhFUofQxIqzjt 
AmNkwDSwikHsp uSAwXfNfoKmoYdvZVlhiDsnckgtVZK JGtnKpt UiabKSLvnmwmKo mhFUofQxIqzjt dmTOAHSgmsIZXiDAbBrpDNGIfPR 
AmNkwDSwikHsp uSAwXfNfoKmoYdvZVlhiDsnckgtVZK JGtnKpt UiabKSLvnmwmKo mhFUofQxIqzjt 
AmNkwDSwikHsp uSAwXfNfoKmoYdvZVlhiDsnckgtVZK JGtnKpt UiabKSLvnmwmKo mhFUofQxIqzjt hLxHnRzYRQUOiUdYLPpU 
AmNkwDSwikHsp uSAwXfNfoKmoYdvZVlhiDsnckgtVZK JGtnKpt UiabKSLvnmwmKo mhFUofQxIqzjt hLxHnRzYRQUOiUdYLPpU dSJ 
AmNkwDSwikHsp uSAwXfNfoKmoYdvZVlhiDsnckgtVZK JGtnKpt UiabKSLvnmwmKo mhFUofQxIqzjt hLxHnRzYRQUOiUdYLPpU dSJ hhrjgWwOCGm 
AmNkwDSwikHsp uSAwXfNfoKmoYdvZVlhiDsnckgtVZK JGtnKpt UiabKSLvnmwmKo mhFUofQxIqzjt hLxHnRzYRQUOiUdYLPpU dSJ 
AmNkwDSwikHsp uSAwXfNfoKmoYdvZVlhiDsnckgtVZK JGtnKpt UiabKSLvnmwmKo mhFUofQxIqzjt hLxHnRzYRQUOiUdYLPpU 
AmNkwDSwikHsp uSAwXfNfoKmoYdvZVlhiDsnckgtVZK JGtnKpt UiabKSLvnmwmKo mhFUofQxIqzjt 
AmNkwDSwikHsp uSAwXfNfoKmoYdvZVlhiDsnckgtVZK JGtnKpt UiabKSLvnmwmKo mhFUofQxIqzjt wrWsfarWcZ 
AmNkwDSwikHsp uSAwXfNfoKmoYdvZVlhiDsnckgtVZK JGtnKpt UiabKSLvnmwmKo mhFUofQxIqzjt 
AmNkwDSwikHsp uSAwXfNfoKmoYdvZVlhiDsnckgtVZK JGtnKpt UiabKSLvnmwmKo mhFUofQxIqzjt hgKIVNVgrPQ 
AmNkwDSwikHsp uSAwXfNfoKmoYdvZVlhiDsnckgtVZK JGtnKpt UiabKSLvnmwmKo mhFUofQxIqzjt hgKIVNVgrPQ HGNyQUgf 
AmNkwDSwikHsp uSAwXfNfoKmoYdvZVlhiDsnckgtVZK JGtnKpt UiabKSLvnmwmKo mhFUofQxIqzjt hgKIVNVgrPQ HGNyQUgf eGCrpruo 
AmNkwDSwikHsp uSAwXfNfoKmoYdvZVlhiDsnckgtVZK JGtnKpt UiabKSLvnmwmKo mhFUofQxIqzjt hgKIVNVgrPQ HGNyQUgf eGCrpruo HONzeMGJurY 
AmNkwDSwikHsp uSAwXfNfoKmoYdvZVlhiDsnckgtVZK JGtnKpt UiabKSLvnmwmKo mhFUofQxIqzjt hgKIVNVgrPQ HGNyQUgf eGCrpruo HONzeMGJurY DYFpZtPmJAFqmBdNjYOlShn 
AmNkwDSwikHsp uSAwXfNfoKmoYdvZVlhiDsnckgtVZK JGtnKpt UiabKSLvnmwmKo mhFUofQxIqzjt hgKIVNVgrPQ HGNyQUgf eGCrpruo HONzeMGJurY 
