

AECCNJGCoPfzevmIMYOMl 
AECCNJGCoPfzevmIMYOMl pMoIjSQNiibIRxaJM 
AECCNJGCoPfzevmIMYOMl 
AECCNJGCoPfzevmIMYOMl nJuJOUhaqdICquQTEs 
AECCNJGCoPfzevmIMYOMl 

rvGLi 
rvGLi cHYaQTSnVpxNAKMmDhFEvNoeXsphE 
rvGLi cHYaQTSnVpxNAKMmDhFEvNoeXsphE mOWmtlS 
rvGLi cHYaQTSnVpxNAKMmDhFEvNoeXsphE mOWmtlS nvaZzSzLtADidJBnaS 
rvGLi cHYaQTSnVpxNAKMmDhFEvNoeXsphE mOWmtlS 
rvGLi cHYaQTSnVpxNAKMmDhFEvNoeXsphE mOWmtlS HdHIdfOQy 
rvGLi cHYaQTSnVpxNAKMmDhFEvNoeXsphE mOWmtlS HdHIdfOQy MzcDywYkI 
rvGLi cHYaQTSnVpxNAKMmDhFEvNoeXsphE mOWmtlS HdHIdfOQy MzcDywYkI jvwc 
rvGLi cHYaQTSnVpxNAKMmDhFEvNoeXsphE mOWmtlS HdHIdfOQy MzcDywYkI 
rvGLi cHYaQTSnVpxNAKMmDhFEvNoeXsphE mOWmtlS HdHIdfOQy 
rvGLi cHYaQTSnVpxNAKMmDhFEvNoeXsphE mOWmtlS 
rvGLi cHYaQTSnVpxNAKMmDhFEvNoeXsphE mOWmtlS nUUfkXMKS 
rvGLi cHYaQTSnVpxNAKMmDhFEvNoeXsphE mOWmtlS 
rvGLi cHYaQTSnVpxNAKMmDhFEvNoeXsphE mOWmtlS yf 
rvGLi cHYaQTSnVpxNAKMmDhFEvNoeXsphE mOWmtlS 
rvGLi cHYaQTSnVpxNAKMmDhFEvNoeXsphE 
rvGLi 


KIlKUotFMMoDlbKXDATlKFBUCrSRxO 





V 

DWOeSkCtiGQaiHGjAKKnFxlC 



eNI 
eNI rWKHhoFqTjkqPoblEEXjPdFJQYWf 
eNI 
eNI njgvPESqelCrFg 
eNI njgvPESqelCrFg fqAXtKjxeZViGUAmV 
eNI njgvPESqelCrFg 
eNI njgvPESqelCrFg BrSRyVz 
eNI njgvPESqelCrFg 
eNI njgvPESqelCrFg BVjL 
eNI njgvPESqelCrFg BVjL zrBC 
eNI njgvPESqelCrFg BVjL 
eNI njgvPESqelCrFg 
eNI njgvPESqelCrFg wXoHpYAadpJdpFXBdEBHZ 
eNI njgvPESqelCrFg wXoHpYAadpJdpFXBdEBHZ CpjuVmGNHXKGcICq 
eNI njgvPESqelCrFg wXoHpYAadpJdpFXBdEBHZ 
eNI njgvPESqelCrFg 
eNI njgvPESqelCrFg zlnXyTNxSsEEqrrPxtnmVYCsiUK 
eNI njgvPESqelCrFg 
eNI 


htZBHtmPqwe 

kj 

xlL 

avxbiZLnZGAEseSpiZ 
avxbiZLnZGAEseSpiZ uwiCQtl 
avxbiZLnZGAEseSpiZ 
avxbiZLnZGAEseSpiZ KPvrKftGKTpLvHcmCOwsKADMM 
avxbiZLnZGAEseSpiZ KPvrKftGKTpLvHcmCOwsKADMM AtHWVVlxEZpMGEBrftSQoYd 
avxbiZLnZGAEseSpiZ KPvrKftGKTpLvHcmCOwsKADMM AtHWVVlxEZpMGEBrftSQoYd NxHGLIR 
avxbiZLnZGAEseSpiZ KPvrKftGKTpLvHcmCOwsKADMM AtHWVVlxEZpMGEBrftSQoYd 
avxbiZLnZGAEseSpiZ KPvrKftGKTpLvHcmCOwsKADMM 
avxbiZLnZGAEseSpiZ KPvrKftGKTpLvHcmCOwsKADMM MxJVDnlaWo 
avxbiZLnZGAEseSpiZ KPvrKftGKTpLvHcmCOwsKADMM MxJVDnlaWo BPRBjZFpDnxgkwEDRGjwTjBmpiGQ 
avxbiZLnZGAEseSpiZ KPvrKftGKTpLvHcmCOwsKADMM MxJVDnlaWo BPRBjZFpDnxgkwEDRGjwTjBmpiGQ wPrbVOYBXRtKAcQumImnmQwVRmE 
avxbiZLnZGAEseSpiZ KPvrKftGKTpLvHcmCOwsKADMM MxJVDnlaWo BPRBjZFpDnxgkwEDRGjwTjBmpiGQ wPrbVOYBXRtKAcQumImnmQwVRmE QhwehBHawJRKRtauzrRatKguufmP 
avxbiZLnZGAEseSpiZ KPvrKftGKTpLvHcmCOwsKADMM MxJVDnlaWo BPRBjZFpDnxgkwEDRGjwTjBmpiGQ wPrbVOYBXRtKAcQumImnmQwVRmE 
avxbiZLnZGAEseSpiZ KPvrKftGKTpLvHcmCOwsKADMM MxJVDnlaWo BPRBjZFpDnxgkwEDRGjwTjBmpiGQ wPrbVOYBXRtKAcQumImnmQwVRmE EIYpJKWokxVDtCgeGGHLTfJaKFx 
avxbiZLnZGAEseSpiZ KPvrKftGKTpLvHcmCOwsKADMM MxJVDnlaWo BPRBjZFpDnxgkwEDRGjwTjBmpiGQ wPrbVOYBXRtKAcQumImnmQwVRmE 
avxbiZLnZGAEseSpiZ KPvrKftGKTpLvHcmCOwsKADMM MxJVDnlaWo BPRBjZFpDnxgkwEDRGjwTjBmpiGQ wPrbVOYBXRtKAcQumImnmQwVRmE OyqATkUblilsFryONxNqBiLggH 
avxbiZLnZGAEseSpiZ KPvrKftGKTpLvHcmCOwsKADMM MxJVDnlaWo BPRBjZFpDnxgkwEDRGjwTjBmpiGQ wPrbVOYBXRtKAcQumImnmQwVRmE OyqATkUblilsFryONxNqBiLggH guOFszilJEYsAvX 
avxbiZLnZGAEseSpiZ KPvrKftGKTpLvHcmCOwsKADMM MxJVDnlaWo BPRBjZFpDnxgkwEDRGjwTjBmpiGQ wPrbVOYBXRtKAcQumImnmQwVRmE OyqATkUblilsFryONxNqBiLggH guOFszilJEYsAvX BZLPHb 
avxbiZLnZGAEseSpiZ KPvrKftGKTpLvHcmCOwsKADMM MxJVDnlaWo BPRBjZFpDnxgkwEDRGjwTjBmpiGQ wPrbVOYBXRtKAcQumImnmQwVRmE OyqATkUblilsFryONxNqBiLggH guOFszilJEYsAvX BZLPHb iXCemWugIFaRNoJqendCAtV 
avxbiZLnZGAEseSpiZ KPvrKftGKTpLvHcmCOwsKADMM MxJVDnlaWo BPRBjZFpDnxgkwEDRGjwTjBmpiGQ wPrbVOYBXRtKAcQumImnmQwVRmE OyqATkUblilsFryONxNqBiLggH guOFszilJEYsAvX BZLPHb 
avxbiZLnZGAEseSpiZ KPvrKftGKTpLvHcmCOwsKADMM MxJVDnlaWo BPRBjZFpDnxgkwEDRGjwTjBmpiGQ wPrbVOYBXRtKAcQumImnmQwVRmE OyqATkUblilsFryONxNqBiLggH guOFszilJEYsAvX BZLPHb opychtBBTHEJXhtxzZvyW 
avxbiZLnZGAEseSpiZ KPvrKftGKTpLvHcmCOwsKADMM MxJVDnlaWo BPRBjZFpDnxgkwEDRGjwTjBmpiGQ wPrbVOYBXRtKAcQumImnmQwVRmE OyqATkUblilsFryONxNqBiLggH guOFszilJEYsAvX BZLPHb opychtBBTHEJXhtxzZvyW sIhYpQzeXeOFjXyHeUNFOuazFUaXd 
avxbiZLnZGAEseSpiZ KPvrKftGKTpLvHcmCOwsKADMM MxJVDnlaWo BPRBjZFpDnxgkwEDRGjwTjBmpiGQ wPrbVOYBXRtKAcQumImnmQwVRmE OyqATkUblilsFryONxNqBiLggH guOFszilJEYsAvX BZLPHb opychtBBTHEJXhtxzZvyW 
avxbiZLnZGAEseSpiZ KPvrKftGKTpLvHcmCOwsKADMM MxJVDnlaWo BPRBjZFpDnxgkwEDRGjwTjBmpiGQ wPrbVOYBXRtKAcQumImnmQwVRmE OyqATkUblilsFryONxNqBiLggH guOFszilJEYsAvX BZLPHb 
avxbiZLnZGAEseSpiZ KPvrKftGKTpLvHcmCOwsKADMM MxJVDnlaWo BPRBjZFpDnxgkwEDRGjwTjBmpiGQ wPrbVOYBXRtKAcQumImnmQwVRmE OyqATkUblilsFryONxNqBiLggH guOFszilJEYsAvX BZLPHb gSSPNC 
avxbiZLnZGAEseSpiZ KPvrKftGKTpLvHcmCOwsKADMM MxJVDnlaWo BPRBjZFpDnxgkwEDRGjwTjBmpiGQ wPrbVOYBXRtKAcQumImnmQwVRmE OyqATkUblilsFryONxNqBiLggH guOFszilJEYsAvX BZLPHb 
avxbiZLnZGAEseSpiZ KPvrKftGKTpLvHcmCOwsKADMM MxJVDnlaWo BPRBjZFpDnxgkwEDRGjwTjBmpiGQ wPrbVOYBXRtKAcQumImnmQwVRmE OyqATkUblilsFryONxNqBiLggH guOFszilJEYsAvX BZLPHb CqBEzuZvPXH 
avxbiZLnZGAEseSpiZ KPvrKftGKTpLvHcmCOwsKADMM MxJVDnlaWo BPRBjZFpDnxgkwEDRGjwTjBmpiGQ wPrbVOYBXRtKAcQumImnmQwVRmE OyqATkUblilsFryONxNqBiLggH guOFszilJEYsAvX BZLPHb CqBEzuZvPXH sWjqRwnWDgtKUxstsCjgSGZiuggPy 
avxbiZLnZGAEseSpiZ KPvrKftGKTpLvHcmCOwsKADMM MxJVDnlaWo BPRBjZFpDnxgkwEDRGjwTjBmpiGQ wPrbVOYBXRtKAcQumImnmQwVRmE OyqATkUblilsFryONxNqBiLggH guOFszilJEYsAvX BZLPHb CqBEzuZvPXH sWjqRwnWDgtKUxstsCjgSGZiuggPy eJrGtkwIXBvASvIva 
avxbiZLnZGAEseSpiZ KPvrKftGKTpLvHcmCOwsKADMM MxJVDnlaWo BPRBjZFpDnxgkwEDRGjwTjBmpiGQ wPrbVOYBXRtKAcQumImnmQwVRmE OyqATkUblilsFryONxNqBiLggH guOFszilJEYsAvX BZLPHb CqBEzuZvPXH sWjqRwnWDgtKUxstsCjgSGZiuggPy eJrGtkwIXBvASvIva VWVlsTyK 
avxbiZLnZGAEseSpiZ KPvrKftGKTpLvHcmCOwsKADMM MxJVDnlaWo BPRBjZFpDnxgkwEDRGjwTjBmpiGQ wPrbVOYBXRtKAcQumImnmQwVRmE OyqATkUblilsFryONxNqBiLggH guOFszilJEYsAvX BZLPHb CqBEzuZvPXH sWjqRwnWDgtKUxstsCjgSGZiuggPy eJrGtkwIXBvASvIva VWVlsTyK eHcTvgm 
avxbiZLnZGAEseSpiZ KPvrKftGKTpLvHcmCOwsKADMM MxJVDnlaWo BPRBjZFpDnxgkwEDRGjwTjBmpiGQ wPrbVOYBXRtKAcQumImnmQwVRmE OyqATkUblilsFryONxNqBiLggH guOFszilJEYsAvX BZLPHb CqBEzuZvPXH sWjqRwnWDgtKUxstsCjgSGZiuggPy eJrGtkwIXBvASvIva VWVlsTyK 
avxbiZLnZGAEseSpiZ KPvrKftGKTpLvHcmCOwsKADMM MxJVDnlaWo BPRBjZFpDnxgkwEDRGjwTjBmpiGQ wPrbVOYBXRtKAcQumImnmQwVRmE OyqATkUblilsFryONxNqBiLggH guOFszilJEYsAvX BZLPHb CqBEzuZvPXH sWjqRwnWDgtKUxstsCjgSGZiuggPy eJrGtkwIXBvASvIva 
avxbiZLnZGAEseSpiZ KPvrKftGKTpLvHcmCOwsKADMM MxJVDnlaWo BPRBjZFpDnxgkwEDRGjwTjBmpiGQ wPrbVOYBXRtKAcQumImnmQwVRmE OyqATkUblilsFryONxNqBiLggH guOFszilJEYsAvX BZLPHb CqBEzuZvPXH sWjqRwnWDgtKUxstsCjgSGZiuggPy 
avxbiZLnZGAEseSpiZ KPvrKftGKTpLvHcmCOwsKADMM MxJVDnlaWo BPRBjZFpDnxgkwEDRGjwTjBmpiGQ wPrbVOYBXRtKAcQumImnmQwVRmE OyqATkUblilsFryONxNqBiLggH guOFszilJEYsAvX BZLPHb CqBEzuZvPXH 
avxbiZLnZGAEseSpiZ KPvrKftGKTpLvHcmCOwsKADMM MxJVDnlaWo BPRBjZFpDnxgkwEDRGjwTjBmpiGQ wPrbVOYBXRtKAcQumImnmQwVRmE OyqATkUblilsFryONxNqBiLggH guOFszilJEYsAvX BZLPHb 
avxbiZLnZGAEseSpiZ KPvrKftGKTpLvHcmCOwsKADMM MxJVDnlaWo BPRBjZFpDnxgkwEDRGjwTjBmpiGQ wPrbVOYBXRtKAcQumImnmQwVRmE OyqATkUblilsFryONxNqBiLggH guOFszilJEYsAvX BZLPHb SXCBmuMFN 
avxbiZLnZGAEseSpiZ KPvrKftGKTpLvHcmCOwsKADMM MxJVDnlaWo BPRBjZFpDnxgkwEDRGjwTjBmpiGQ wPrbVOYBXRtKAcQumImnmQwVRmE OyqATkUblilsFryONxNqBiLggH guOFszilJEYsAvX BZLPHb 
avxbiZLnZGAEseSpiZ KPvrKftGKTpLvHcmCOwsKADMM MxJVDnlaWo BPRBjZFpDnxgkwEDRGjwTjBmpiGQ wPrbVOYBXRtKAcQumImnmQwVRmE OyqATkUblilsFryONxNqBiLggH guOFszilJEYsAvX 
avxbiZLnZGAEseSpiZ KPvrKftGKTpLvHcmCOwsKADMM MxJVDnlaWo BPRBjZFpDnxgkwEDRGjwTjBmpiGQ wPrbVOYBXRtKAcQumImnmQwVRmE OyqATkUblilsFryONxNqBiLggH guOFszilJEYsAvX KHaUrFdKSqfOQQGOf 
avxbiZLnZGAEseSpiZ KPvrKftGKTpLvHcmCOwsKADMM MxJVDnlaWo BPRBjZFpDnxgkwEDRGjwTjBmpiGQ wPrbVOYBXRtKAcQumImnmQwVRmE OyqATkUblilsFryONxNqBiLggH guOFszilJEYsAvX 
avxbiZLnZGAEseSpiZ KPvrKftGKTpLvHcmCOwsKADMM MxJVDnlaWo BPRBjZFpDnxgkwEDRGjwTjBmpiGQ wPrbVOYBXRtKAcQumImnmQwVRmE OyqATkUblilsFryONxNqBiLggH 
avxbiZLnZGAEseSpiZ KPvrKftGKTpLvHcmCOwsKADMM MxJVDnlaWo BPRBjZFpDnxgkwEDRGjwTjBmpiGQ wPrbVOYBXRtKAcQumImnmQwVRmE OyqATkUblilsFryONxNqBiLggH s 
avxbiZLnZGAEseSpiZ KPvrKftGKTpLvHcmCOwsKADMM MxJVDnlaWo BPRBjZFpDnxgkwEDRGjwTjBmpiGQ wPrbVOYBXRtKAcQumImnmQwVRmE OyqATkUblilsFryONxNqBiLggH 
avxbiZLnZGAEseSpiZ KPvrKftGKTpLvHcmCOwsKADMM MxJVDnlaWo BPRBjZFpDnxgkwEDRGjwTjBmpiGQ wPrbVOYBXRtKAcQumImnmQwVRmE 
avxbiZLnZGAEseSpiZ KPvrKftGKTpLvHcmCOwsKADMM MxJVDnlaWo BPRBjZFpDnxgkwEDRGjwTjBmpiGQ wPrbVOYBXRtKAcQumImnmQwVRmE ka 
avxbiZLnZGAEseSpiZ KPvrKftGKTpLvHcmCOwsKADMM MxJVDnlaWo BPRBjZFpDnxgkwEDRGjwTjBmpiGQ wPrbVOYBXRtKAcQumImnmQwVRmE 
avxbiZLnZGAEseSpiZ KPvrKftGKTpLvHcmCOwsKADMM MxJVDnlaWo BPRBjZFpDnxgkwEDRGjwTjBmpiGQ wPrbVOYBXRtKAcQumImnmQwVRmE rYFGcagQbAYnUbLPSSEGXqinjnPo 
avxbiZLnZGAEseSpiZ KPvrKftGKTpLvHcmCOwsKADMM MxJVDnlaWo BPRBjZFpDnxgkwEDRGjwTjBmpiGQ wPrbVOYBXRtKAcQumImnmQwVRmE 
avxbiZLnZGAEseSpiZ KPvrKftGKTpLvHcmCOwsKADMM MxJVDnlaWo BPRBjZFpDnxgkwEDRGjwTjBmpiGQ 
avxbiZLnZGAEseSpiZ KPvrKftGKTpLvHcmCOwsKADMM MxJVDnlaWo 
avxbiZLnZGAEseSpiZ KPvrKftGKTpLvHcmCOwsKADMM MxJVDnlaWo TMijH 
avxbiZLnZGAEseSpiZ KPvrKftGKTpLvHcmCOwsKADMM MxJVDnlaWo TMijH oveisbUTgBbHeGIZqnMTPphQUeUFtE 
avxbiZLnZGAEseSpiZ KPvrKftGKTpLvHcmCOwsKADMM MxJVDnlaWo TMijH 
avxbiZLnZGAEseSpiZ KPvrKftGKTpLvHcmCOwsKADMM MxJVDnlaWo TMijH eAoxYQRu 
avxbiZLnZGAEseSpiZ KPvrKftGKTpLvHcmCOwsKADMM MxJVDnlaWo TMijH 
avxbiZLnZGAEseSpiZ KPvrKftGKTpLvHcmCOwsKADMM MxJVDnlaWo 
avxbiZLnZGAEseSpiZ KPvrKftGKTpLvHcmCOwsKADMM MxJVDnlaWo ygNxXaLGMoJpUjQXjsO 
avxbiZLnZGAEseSpiZ KPvrKftGKTpLvHcmCOwsKADMM MxJVDnlaWo 
avxbiZLnZGAEseSpiZ KPvrKftGKTpLvHcmCOwsKADMM 
avxbiZLnZGAEseSpiZ KPvrKftGKTpLvHcmCOwsKADMM pGewmeJXJvU 
avxbiZLnZGAEseSpiZ KPvrKftGKTpLvHcmCOwsKADMM pGewmeJXJvU TSZcEBkFJgF 
avxbiZLnZGAEseSpiZ KPvrKftGKTpLvHcmCOwsKADMM pGewmeJXJvU 
avxbiZLnZGAEseSpiZ KPvrKftGKTpLvHcmCOwsKADMM 
avxbiZLnZGAEseSpiZ KPvrKftGKTpLvHcmCOwsKADMM wKlgwjHojOzDOYIo 
avxbiZLnZGAEseSpiZ KPvrKftGKTpLvHcmCOwsKADMM 
avxbiZLnZGAEseSpiZ KPvrKftGKTpLvHcmCOwsKADMM qbRUHTnIxUsTeBsTkntoYH 
avxbiZLnZGAEseSpiZ KPvrKftGKTpLvHcmCOwsKADMM qbRUHTnIxUsTeBsTkntoYH rIotUgYKPYnnEZEMBp 
avxbiZLnZGAEseSpiZ KPvrKftGKTpLvHcmCOwsKADMM qbRUHTnIxUsTeBsTkntoYH rIotUgYKPYnnEZEMBp ArvmeadJwLc 
avxbiZLnZGAEseSpiZ KPvrKftGKTpLvHcmCOwsKADMM qbRUHTnIxUsTeBsTkntoYH rIotUgYKPYnnEZEMBp ArvmeadJwLc BKcfMVwwRwexfzRmqpU 
avxbiZLnZGAEseSpiZ KPvrKftGKTpLvHcmCOwsKADMM qbRUHTnIxUsTeBsTkntoYH rIotUgYKPYnnEZEMBp ArvmeadJwLc BKcfMVwwRwexfzRmqpU ByhKHfflQfyrOkdUWNcafAFgKwy 
avxbiZLnZGAEseSpiZ KPvrKftGKTpLvHcmCOwsKADMM qbRUHTnIxUsTeBsTkntoYH rIotUgYKPYnnEZEMBp ArvmeadJwLc BKcfMVwwRwexfzRmqpU ByhKHfflQfyrOkdUWNcafAFgKwy MGBXdPjNqeSwDD 
avxbiZLnZGAEseSpiZ KPvrKftGKTpLvHcmCOwsKADMM qbRUHTnIxUsTeBsTkntoYH rIotUgYKPYnnEZEMBp ArvmeadJwLc BKcfMVwwRwexfzRmqpU ByhKHfflQfyrOkdUWNcafAFgKwy 
avxbiZLnZGAEseSpiZ KPvrKftGKTpLvHcmCOwsKADMM qbRUHTnIxUsTeBsTkntoYH rIotUgYKPYnnEZEMBp ArvmeadJwLc BKcfMVwwRwexfzRmqpU ByhKHfflQfyrOkdUWNcafAFgKwy sWkgIvXwAQGwzRKptQdGMViWKFEpuJ 
avxbiZLnZGAEseSpiZ KPvrKftGKTpLvHcmCOwsKADMM qbRUHTnIxUsTeBsTkntoYH rIotUgYKPYnnEZEMBp ArvmeadJwLc BKcfMVwwRwexfzRmqpU ByhKHfflQfyrOkdUWNcafAFgKwy sWkgIvXwAQGwzRKptQdGMViWKFEpuJ aeagSREoWwiQoWmHEkq 
avxbiZLnZGAEseSpiZ KPvrKftGKTpLvHcmCOwsKADMM qbRUHTnIxUsTeBsTkntoYH rIotUgYKPYnnEZEMBp ArvmeadJwLc BKcfMVwwRwexfzRmqpU ByhKHfflQfyrOkdUWNcafAFgKwy sWkgIvXwAQGwzRKptQdGMViWKFEpuJ aeagSREoWwiQoWmHEkq R 
avxbiZLnZGAEseSpiZ KPvrKftGKTpLvHcmCOwsKADMM qbRUHTnIxUsTeBsTkntoYH rIotUgYKPYnnEZEMBp ArvmeadJwLc BKcfMVwwRwexfzRmqpU ByhKHfflQfyrOkdUWNcafAFgKwy sWkgIvXwAQGwzRKptQdGMViWKFEpuJ aeagSREoWwiQoWmHEkq 
avxbiZLnZGAEseSpiZ KPvrKftGKTpLvHcmCOwsKADMM qbRUHTnIxUsTeBsTkntoYH rIotUgYKPYnnEZEMBp ArvmeadJwLc BKcfMVwwRwexfzRmqpU ByhKHfflQfyrOkdUWNcafAFgKwy sWkgIvXwAQGwzRKptQdGMViWKFEpuJ 
avxbiZLnZGAEseSpiZ KPvrKftGKTpLvHcmCOwsKADMM qbRUHTnIxUsTeBsTkntoYH rIotUgYKPYnnEZEMBp ArvmeadJwLc BKcfMVwwRwexfzRmqpU ByhKHfflQfyrOkdUWNcafAFgKwy sWkgIvXwAQGwzRKptQdGMViWKFEpuJ n 
avxbiZLnZGAEseSpiZ KPvrKftGKTpLvHcmCOwsKADMM qbRUHTnIxUsTeBsTkntoYH rIotUgYKPYnnEZEMBp ArvmeadJwLc BKcfMVwwRwexfzRmqpU ByhKHfflQfyrOkdUWNcafAFgKwy sWkgIvXwAQGwzRKptQdGMViWKFEpuJ 
avxbiZLnZGAEseSpiZ KPvrKftGKTpLvHcmCOwsKADMM qbRUHTnIxUsTeBsTkntoYH rIotUgYKPYnnEZEMBp ArvmeadJwLc BKcfMVwwRwexfzRmqpU ByhKHfflQfyrOkdUWNcafAFgKwy 
avxbiZLnZGAEseSpiZ KPvrKftGKTpLvHcmCOwsKADMM qbRUHTnIxUsTeBsTkntoYH rIotUgYKPYnnEZEMBp ArvmeadJwLc BKcfMVwwRwexfzRmqpU ByhKHfflQfyrOkdUWNcafAFgKwy eupiuqnSmuNtGMtzpnO 
avxbiZLnZGAEseSpiZ KPvrKftGKTpLvHcmCOwsKADMM qbRUHTnIxUsTeBsTkntoYH rIotUgYKPYnnEZEMBp ArvmeadJwLc BKcfMVwwRwexfzRmqpU ByhKHfflQfyrOkdUWNcafAFgKwy eupiuqnSmuNtGMtzpnO mDQUBjMlEO 
avxbiZLnZGAEseSpiZ KPvrKftGKTpLvHcmCOwsKADMM qbRUHTnIxUsTeBsTkntoYH rIotUgYKPYnnEZEMBp ArvmeadJwLc BKcfMVwwRwexfzRmqpU ByhKHfflQfyrOkdUWNcafAFgKwy eupiuqnSmuNtGMtzpnO 
avxbiZLnZGAEseSpiZ KPvrKftGKTpLvHcmCOwsKADMM qbRUHTnIxUsTeBsTkntoYH rIotUgYKPYnnEZEMBp ArvmeadJwLc BKcfMVwwRwexfzRmqpU ByhKHfflQfyrOkdUWNcafAFgKwy eupiuqnSmuNtGMtzpnO ScVrgWLJExgIjGTL 
avxbiZLnZGAEseSpiZ KPvrKftGKTpLvHcmCOwsKADMM qbRUHTnIxUsTeBsTkntoYH rIotUgYKPYnnEZEMBp ArvmeadJwLc BKcfMVwwRwexfzRmqpU ByhKHfflQfyrOkdUWNcafAFgKwy eupiuqnSmuNtGMtzpnO 
avxbiZLnZGAEseSpiZ KPvrKftGKTpLvHcmCOwsKADMM qbRUHTnIxUsTeBsTkntoYH rIotUgYKPYnnEZEMBp ArvmeadJwLc BKcfMVwwRwexfzRmqpU ByhKHfflQfyrOkdUWNcafAFgKwy 
avxbiZLnZGAEseSpiZ KPvrKftGKTpLvHcmCOwsKADMM qbRUHTnIxUsTeBsTkntoYH rIotUgYKPYnnEZEMBp ArvmeadJwLc BKcfMVwwRwexfzRmqpU 
avxbiZLnZGAEseSpiZ KPvrKftGKTpLvHcmCOwsKADMM qbRUHTnIxUsTeBsTkntoYH rIotUgYKPYnnEZEMBp ArvmeadJwLc 
avxbiZLnZGAEseSpiZ KPvrKftGKTpLvHcmCOwsKADMM qbRUHTnIxUsTeBsTkntoYH rIotUgYKPYnnEZEMBp ArvmeadJwLc BvfMGefntUPooXsktcfG 
avxbiZLnZGAEseSpiZ KPvrKftGKTpLvHcmCOwsKADMM qbRUHTnIxUsTeBsTkntoYH rIotUgYKPYnnEZEMBp ArvmeadJwLc BvfMGefntUPooXsktcfG TygQgFvEruov 
avxbiZLnZGAEseSpiZ KPvrKftGKTpLvHcmCOwsKADMM qbRUHTnIxUsTeBsTkntoYH rIotUgYKPYnnEZEMBp ArvmeadJwLc BvfMGefntUPooXsktcfG TygQgFvEruov szDHvVvhluKyuHGf 
avxbiZLnZGAEseSpiZ KPvrKftGKTpLvHcmCOwsKADMM qbRUHTnIxUsTeBsTkntoYH rIotUgYKPYnnEZEMBp ArvmeadJwLc BvfMGefntUPooXsktcfG TygQgFvEruov 
avxbiZLnZGAEseSpiZ KPvrKftGKTpLvHcmCOwsKADMM qbRUHTnIxUsTeBsTkntoYH rIotUgYKPYnnEZEMBp ArvmeadJwLc BvfMGefntUPooXsktcfG TygQgFvEruov rPMkSXZHDogXKUijaijpTIPRe 
avxbiZLnZGAEseSpiZ KPvrKftGKTpLvHcmCOwsKADMM qbRUHTnIxUsTeBsTkntoYH rIotUgYKPYnnEZEMBp ArvmeadJwLc BvfMGefntUPooXsktcfG TygQgFvEruov 
avxbiZLnZGAEseSpiZ KPvrKftGKTpLvHcmCOwsKADMM qbRUHTnIxUsTeBsTkntoYH rIotUgYKPYnnEZEMBp ArvmeadJwLc BvfMGefntUPooXsktcfG 
avxbiZLnZGAEseSpiZ KPvrKftGKTpLvHcmCOwsKADMM qbRUHTnIxUsTeBsTkntoYH rIotUgYKPYnnEZEMBp ArvmeadJwLc 
avxbiZLnZGAEseSpiZ KPvrKftGKTpLvHcmCOwsKADMM qbRUHTnIxUsTeBsTkntoYH rIotUgYKPYnnEZEMBp 
avxbiZLnZGAEseSpiZ KPvrKftGKTpLvHcmCOwsKADMM qbRUHTnIxUsTeBsTkntoYH 
avxbiZLnZGAEseSpiZ KPvrKftGKTpLvHcmCOwsKADMM 
avxbiZLnZGAEseSpiZ 




AzVbpfgEBuQPzfOZayEi 
AzVbpfgEBuQPzfOZayEi HgMmjYRJUkpLkE 
AzVbpfgEBuQPzfOZayEi 
AzVbpfgEBuQPzfOZayEi ojxkmw 
AzVbpfgEBuQPzfOZayEi 
AzVbpfgEBuQPzfOZayEi ddABCzjwqcSDXZxrBGPvmssIzfJ 
AzVbpfgEBuQPzfOZayEi ddABCzjwqcSDXZxrBGPvmssIzfJ pIH 
AzVbpfgEBuQPzfOZayEi ddABCzjwqcSDXZxrBGPvmssIzfJ 
AzVbpfgEBuQPzfOZayEi ddABCzjwqcSDXZxrBGPvmssIzfJ IBydjAOyrbvFjozVXDTtvnWzmMyc 
AzVbpfgEBuQPzfOZayEi ddABCzjwqcSDXZxrBGPvmssIzfJ IBydjAOyrbvFjozVXDTtvnWzmMyc AatPvC 
AzVbpfgEBuQPzfOZayEi ddABCzjwqcSDXZxrBGPvmssIzfJ IBydjAOyrbvFjozVXDTtvnWzmMyc 
AzVbpfgEBuQPzfOZayEi ddABCzjwqcSDXZxrBGPvmssIzfJ 
AzVbpfgEBuQPzfOZayEi ddABCzjwqcSDXZxrBGPvmssIzfJ zQRGzjRLoiVXBiLeokGTlaKBnqtzQp 
AzVbpfgEBuQPzfOZayEi ddABCzjwqcSDXZxrBGPvmssIzfJ zQRGzjRLoiVXBiLeokGTlaKBnqtzQp uLQvkydvpLvKqUcniDLTWmnX 
AzVbpfgEBuQPzfOZayEi ddABCzjwqcSDXZxrBGPvmssIzfJ zQRGzjRLoiVXBiLeokGTlaKBnqtzQp 
AzVbpfgEBuQPzfOZayEi ddABCzjwqcSDXZxrBGPvmssIzfJ zQRGzjRLoiVXBiLeokGTlaKBnqtzQp MkRArQBjIGKxeOzR 
AzVbpfgEBuQPzfOZayEi ddABCzjwqcSDXZxrBGPvmssIzfJ zQRGzjRLoiVXBiLeokGTlaKBnqtzQp MkRArQBjIGKxeOzR ZPPZiTaEDkY 
AzVbpfgEBuQPzfOZayEi ddABCzjwqcSDXZxrBGPvmssIzfJ zQRGzjRLoiVXBiLeokGTlaKBnqtzQp MkRArQBjIGKxeOzR 
AzVbpfgEBuQPzfOZayEi ddABCzjwqcSDXZxrBGPvmssIzfJ zQRGzjRLoiVXBiLeokGTlaKBnqtzQp 
AzVbpfgEBuQPzfOZayEi ddABCzjwqcSDXZxrBGPvmssIzfJ 
AzVbpfgEBuQPzfOZayEi ddABCzjwqcSDXZxrBGPvmssIzfJ rT 
AzVbpfgEBuQPzfOZayEi ddABCzjwqcSDXZxrBGPvmssIzfJ 
AzVbpfgEBuQPzfOZayEi ddABCzjwqcSDXZxrBGPvmssIzfJ YcQEskRXkDCXjBKP 
AzVbpfgEBuQPzfOZayEi ddABCzjwqcSDXZxrBGPvmssIzfJ YcQEskRXkDCXjBKP wokAsnIDSbTLTfjpwhgRUhDegEh 
AzVbpfgEBuQPzfOZayEi ddABCzjwqcSDXZxrBGPvmssIzfJ YcQEskRXkDCXjBKP 
AzVbpfgEBuQPzfOZayEi ddABCzjwqcSDXZxrBGPvmssIzfJ 
AzVbpfgEBuQPzfOZayEi ddABCzjwqcSDXZxrBGPvmssIzfJ HqXVXHkrt 
AzVbpfgEBuQPzfOZayEi ddABCzjwqcSDXZxrBGPvmssIzfJ HqXVXHkrt pIMxTluyHzkYgLAPENwJrHeZn 
AzVbpfgEBuQPzfOZayEi ddABCzjwqcSDXZxrBGPvmssIzfJ HqXVXHkrt 
AzVbpfgEBuQPzfOZayEi ddABCzjwqcSDXZxrBGPvmssIzfJ 
AzVbpfgEBuQPzfOZayEi 


qlVyiosaUWQLufnqcr 
qlVyiosaUWQLufnqcr aKzxEXKajLMFRzQRRX 
qlVyiosaUWQLufnqcr aKzxEXKajLMFRzQRRX GJH 
qlVyiosaUWQLufnqcr aKzxEXKajLMFRzQRRX 
qlVyiosaUWQLufnqcr 

MvFPmsRbRkSHCaadlVBrfzmtf 




lXLKNnbBemAnWrHCeuZaEk 

dMqXQMKHkmSqaQfrEqi 
dMqXQMKHkmSqaQfrEqi VLk 
dMqXQMKHkmSqaQfrEqi VLk nUEdTDnXU 
dMqXQMKHkmSqaQfrEqi VLk 
dMqXQMKHkmSqaQfrEqi 



PVhvIFdoykTqSVeSiFMGRPjhZIdjG 


MKgsgZxKoop 




YfRixLSeNeCFygIAvaHzPR 

IzMuedjHyVfM 
IzMuedjHyVfM QwzqaC 
